Open On-Chip Debugger 0.12.0 (2023-01-14-23:37)
Licensed under GNU GPL v2
For bug reports, read
	http://openocd.org/doc/doxygen/bugs.html
adapter speed: 100 kHz

Info : auto-selecting first available session transport "hla_swd". To override use 'transport select <transport>'.
Info : The selected transport took over low-level target control. The results might differ compared to plain JTAG/SWD
Info : Listening on port 6666 for tcl connections
Info : Listening on port 4444 for telnet connections
Info : clock speed 2000 kHz
Info : STLINK V2J46S7 (API v2) VID:PID 0483:3748
Info : Target voltage: 3.208404
Info : [stm32f4x.cpu] Cortex-M4 r0p1 processor detected
Info : [stm32f4x.cpu] target has 6 breakpoints, 4 watchpoints
Info : starting gdb server for stm32f4x.cpu on 3333
Info : Listening on port 3333 for gdb connections
Info : accepting 'gdb' connection on tcp/3333
[stm32f4x.cpu] halted due to debug-request, current mode: Thread 
xPSR: 0x41000000 pc: 0x08004a46 msp: 0x2001fe08
Info : device id = 0x101f6413
Info : flash size = 512 KiB
Info : flash size = 512 bytes
Info : dropped 'gdb' connection
Info : accepting 'gdb' connection on tcp/3333
[stm32f4x.cpu] halted due to debug-request, current mode: Thread 
xPSR: 0x21000000 pc: 0x08009916 msp: 0x2001fe60
Info : dropped 'gdb' connection
