Archive member included to satisfy reference by file (symbol)

D:/ES/STM32CubeIDE_1.19.0/STM32CubeIDE/plugins/com.st.stm32cube.ide.mcu.externaltools.gnu-tools-for-stm32.13.3.rel1.win32_1.0.0.202411081344/tools/bin/../lib/gcc/arm-none-eabi/13.3.1/../../../../arm-none-eabi/lib/thumb/v7e-m+fp/hard\libc_nano.a(libc_a-exit.o)
                              D:/ES/STM32CubeIDE_1.19.0/STM32CubeIDE/plugins/com.st.stm32cube.ide.mcu.externaltools.gnu-tools-for-stm32.13.3.rel1.win32_1.0.0.202411081344/tools/bin/../lib/gcc/arm-none-eabi/13.3.1/../../../../arm-none-eabi/lib/thumb/v7e-m+fp/hard/crt0.o (exit)
D:/ES/STM32CubeIDE_1.19.0/STM32CubeIDE/plugins/com.st.stm32cube.ide.mcu.externaltools.gnu-tools-for-stm32.13.3.rel1.win32_1.0.0.202411081344/tools/bin/../lib/gcc/arm-none-eabi/13.3.1/../../../../arm-none-eabi/lib/thumb/v7e-m+fp/hard\libc_nano.a(libc_a-malloc.o)
                              ./user/algorithm/Kalman/kalman_filter.o (malloc)
D:/ES/STM32CubeIDE_1.19.0/STM32CubeIDE/plugins/com.st.stm32cube.ide.mcu.externaltools.gnu-tools-for-stm32.13.3.rel1.win32_1.0.0.202411081344/tools/bin/../lib/gcc/arm-none-eabi/13.3.1/../../../../arm-none-eabi/lib/thumb/v7e-m+fp/hard\libc_nano.a(libc_a-mallocr.o)
                              D:/ES/STM32CubeIDE_1.19.0/STM32CubeIDE/plugins/com.st.stm32cube.ide.mcu.externaltools.gnu-tools-for-stm32.13.3.rel1.win32_1.0.0.202411081344/tools/bin/../lib/gcc/arm-none-eabi/13.3.1/../../../../arm-none-eabi/lib/thumb/v7e-m+fp/hard\libc_nano.a(libc_a-malloc.o) (_malloc_r)
D:/ES/STM32CubeIDE_1.19.0/STM32CubeIDE/plugins/com.st.stm32cube.ide.mcu.externaltools.gnu-tools-for-stm32.13.3.rel1.win32_1.0.0.202411081344/tools/bin/../lib/gcc/arm-none-eabi/13.3.1/../../../../arm-none-eabi/lib/thumb/v7e-m+fp/hard\libc_nano.a(libc_a-mlock.o)
                              D:/ES/STM32CubeIDE_1.19.0/STM32CubeIDE/plugins/com.st.stm32cube.ide.mcu.externaltools.gnu-tools-for-stm32.13.3.rel1.win32_1.0.0.202411081344/tools/bin/../lib/gcc/arm-none-eabi/13.3.1/../../../../arm-none-eabi/lib/thumb/v7e-m+fp/hard\libc_nano.a(libc_a-mallocr.o) (__malloc_lock)
D:/ES/STM32CubeIDE_1.19.0/STM32CubeIDE/plugins/com.st.stm32cube.ide.mcu.externaltools.gnu-tools-for-stm32.13.3.rel1.win32_1.0.0.202411081344/tools/bin/../lib/gcc/arm-none-eabi/13.3.1/../../../../arm-none-eabi/lib/thumb/v7e-m+fp/hard\libc_nano.a(libc_a-findfp.o)
                              D:/ES/STM32CubeIDE_1.19.0/STM32CubeIDE/plugins/com.st.stm32cube.ide.mcu.externaltools.gnu-tools-for-stm32.13.3.rel1.win32_1.0.0.202411081344/tools/bin/../lib/gcc/arm-none-eabi/13.3.1/../../../../arm-none-eabi/lib/thumb/v7e-m+fp/hard\libc_nano.a(libc_a-exit.o) (__stdio_exit_handler)
D:/ES/STM32CubeIDE_1.19.0/STM32CubeIDE/plugins/com.st.stm32cube.ide.mcu.externaltools.gnu-tools-for-stm32.13.3.rel1.win32_1.0.0.202411081344/tools/bin/../lib/gcc/arm-none-eabi/13.3.1/../../../../arm-none-eabi/lib/thumb/v7e-m+fp/hard\libc_nano.a(libc_a-fwalk.o)
                              D:/ES/STM32CubeIDE_1.19.0/STM32CubeIDE/plugins/com.st.stm32cube.ide.mcu.externaltools.gnu-tools-for-stm32.13.3.rel1.win32_1.0.0.202411081344/tools/bin/../lib/gcc/arm-none-eabi/13.3.1/../../../../arm-none-eabi/lib/thumb/v7e-m+fp/hard\libc_nano.a(libc_a-findfp.o) (_fwalk_sglue)
D:/ES/STM32CubeIDE_1.19.0/STM32CubeIDE/plugins/com.st.stm32cube.ide.mcu.externaltools.gnu-tools-for-stm32.13.3.rel1.win32_1.0.0.202411081344/tools/bin/../lib/gcc/arm-none-eabi/13.3.1/../../../../arm-none-eabi/lib/thumb/v7e-m+fp/hard\libc_nano.a(libc_a-stdio.o)
                              D:/ES/STM32CubeIDE_1.19.0/STM32CubeIDE/plugins/com.st.stm32cube.ide.mcu.externaltools.gnu-tools-for-stm32.13.3.rel1.win32_1.0.0.202411081344/tools/bin/../lib/gcc/arm-none-eabi/13.3.1/../../../../arm-none-eabi/lib/thumb/v7e-m+fp/hard\libc_nano.a(libc_a-findfp.o) (__sread)
D:/ES/STM32CubeIDE_1.19.0/STM32CubeIDE/plugins/com.st.stm32cube.ide.mcu.externaltools.gnu-tools-for-stm32.13.3.rel1.win32_1.0.0.202411081344/tools/bin/../lib/gcc/arm-none-eabi/13.3.1/../../../../arm-none-eabi/lib/thumb/v7e-m+fp/hard\libc_nano.a(libc_a-memset.o)
                              D:/ES/STM32CubeIDE_1.19.0/STM32CubeIDE/plugins/com.st.stm32cube.ide.mcu.externaltools.gnu-tools-for-stm32.13.3.rel1.win32_1.0.0.202411081344/tools/bin/../lib/gcc/arm-none-eabi/13.3.1/../../../../arm-none-eabi/lib/thumb/v7e-m+fp/hard/crt0.o (memset)
D:/ES/STM32CubeIDE_1.19.0/STM32CubeIDE/plugins/com.st.stm32cube.ide.mcu.externaltools.gnu-tools-for-stm32.13.3.rel1.win32_1.0.0.202411081344/tools/bin/../lib/gcc/arm-none-eabi/13.3.1/../../../../arm-none-eabi/lib/thumb/v7e-m+fp/hard\libc_nano.a(libc_a-closer.o)
                              D:/ES/STM32CubeIDE_1.19.0/STM32CubeIDE/plugins/com.st.stm32cube.ide.mcu.externaltools.gnu-tools-for-stm32.13.3.rel1.win32_1.0.0.202411081344/tools/bin/../lib/gcc/arm-none-eabi/13.3.1/../../../../arm-none-eabi/lib/thumb/v7e-m+fp/hard\libc_nano.a(libc_a-stdio.o) (_close_r)
[...]
Memory Configuration

Name             Origin             Length             Attributes
CCMRAM           0x10000000         0x00010000         xrw
RAM              0x20000000         0x00020000         xrw
FLASH            0x08000000         0x00080000         xr
*default*        0x00000000         0xffffffff

Linker script and memory map

LOAD D:/ES/STM32CubeIDE_1.19.0/STM32CubeIDE/plugins/com.st.stm32cube.ide.mcu.externaltools.gnu-tools-for-stm32.13.3.rel1.win32_1.0.0.202411081344/tools/bin/../lib/gcc/arm-none-eabi/13.3.1/thumb/v7e-m+fp/hard/crti.o
LOAD D:/ES/STM32CubeIDE_1.19.0/STM32CubeIDE/plugins/com.st.stm32cube.ide.mcu.externaltools.gnu-tools-for-stm32.13.3.rel1.win32_1.0.0.202411081344/tools/bin/../lib/gcc/arm-none-eabi/13.3.1/thumb/v7e-m+fp/hard/crtbegin.o
LOAD D:/ES/STM32CubeIDE_1.19.0/STM32CubeIDE/plugins/com.st.stm32cube.ide.mcu.externaltools.gnu-tools-for-stm32.13.3.rel1.win32_1.0.0.202411081344/tools/bin/../lib/gcc/arm-none-eabi/13.3.1/../../../../arm-none-eabi/lib/thumb/v7e-m+fp/hard/crt0.o
LOAD ./Core/Src/can.o
LOAD ./Core/Src/dma.o
LOAD ./Core/Src/gpio.o
LOAD ./Core/Src/main.o
LOAD ./Core/Src/stm32f4xx_hal_msp.o
LOAD ./Core/Src/stm32f4xx_it.o
LOAD ./Core/Src/syscalls.o
LOAD ./Core/Src/sysmem.o
LOAD ./Core/Src/system_stm32f4xx.o
LOAD ./Core/Src/tim.o
LOAD ./Core/Src/usart.o
LOAD ./Core/Startup/startup_stm32f407vetx.o
LOAD ./Drivers/STM32F4xx_HAL_Driver/Src/stm32f4xx_hal.o
LOAD ./Drivers/STM32F4xx_HAL_Driver/Src/stm32f4xx_hal_can.o
LOAD ./Drivers/STM32F4xx_HAL_Driver/Src/stm32f4xx_hal_cortex.o
LOAD ./Drivers/STM32F4xx_HAL_Driver/Src/stm32f4xx_hal_dma.o
LOAD ./Drivers/STM32F4xx_HAL_Driver/Src/stm32f4xx_hal_dma_ex.o
LOAD ./Drivers/STM32F4xx_HAL_Driver/Src/stm32f4xx_hal_exti.o
LOAD ./Drivers/STM32F4xx_HAL_Driver/Src/stm32f4xx_hal_flash.o
LOAD ./Drivers/STM32F4xx_HAL_Driver/Src/stm32f4xx_hal_flash_ex.o
LOAD ./Drivers/STM32F4xx_HAL_Driver/Src/stm32f4xx_hal_flash_ramfunc.o
LOAD ./Drivers/STM32F4xx_HAL_Driver/Src/stm32f4xx_hal_gpio.o
LOAD ./Drivers/STM32F4xx_HAL_Driver/Src/stm32f4xx_hal_pwr.o
LOAD ./Drivers/STM32F4xx_HAL_Driver/Src/stm32f4xx_hal_pwr_ex.o
LOAD ./Drivers/STM32F4xx_HAL_Driver/Src/stm32f4xx_hal_rcc.o
LOAD ./Drivers/STM32F4xx_HAL_Driver/Src/stm32f4xx_hal_rcc_ex.o
LOAD ./Drivers/STM32F4xx_HAL_Driver/Src/stm32f4xx_hal_tim.o
LOAD ./Drivers/STM32F4xx_HAL_Driver/Src/stm32f4xx_hal_tim_ex.o
LOAD ./Drivers/STM32F4xx_HAL_Driver/Src/stm32f4xx_hal_uart.o
LOAD ./user/algorithm/Kalman/kalman_filter.o
LOAD ./user/algorithm/PID/pid.o
LOAD ./user/algorithm/leg_kinematics/leg_kinematics.o
LOAD ./user/app/app.o
LOAD ./user/app/app_remote.o
LOAD ./user/bsp/bsp_can/bsp_can.o
LOAD ./user/controller/balance_controller.o
LOAD ./user/controller/leg_balance_controller.o
LOAD ./user/devices/dm_motor/dm_motor.o
LOAD ./user/devices/feetech/feetech_servo.o
LOAD ./user/devices/imu/dm_imu.o
LOAD ./user/devices/remote/remote_esp32.o
START GROUP
LOAD D:/ES/STM32CubeIDE_1.19.0/STM32CubeIDE/plugins/com.st.stm32cube.ide.mcu.externaltools.gnu-tools-for-stm32.13.3.rel1.win32_1.0.0.202411081344/tools/bin/../lib/gcc/arm-none-eabi/13.3.1/../../../../arm-none-eabi/lib/thumb/v7e-m+fp/hard\libc_nano.a
LOAD D:/ES/STM32CubeIDE_1.19.0/STM32CubeIDE/plugins/com.st.stm32cube.ide.mcu.externaltools.gnu-tools-for-stm32.13.3.rel1.win32_1.0.0.202411081344/tools/bin/../lib/gcc/arm-none-eabi/13.3.1/../../../../arm-none-eabi/lib/thumb/v7e-m+fp/hard\libm.a
END GROUP
START GROUP
LOAD D:/ES/STM32CubeIDE_1.19.0/STM32CubeIDE/plugins/com.st.stm32cube.ide.mcu.externaltools.gnu-tools-for-stm32.13.3.rel1.win32_1.0.0.202411081344/tools/bin/../lib/gcc/arm-none-eabi/13.3.1/thumb/v7e-m+fp/hard\libgcc.a
LOAD D:/ES/STM32CubeIDE_1.19.0/STM32CubeIDE/plugins/com.st.stm32cube.ide.mcu.externaltools.gnu-tools-for-stm32.13.3.rel1.win32_1.0.0.202411081344/tools/bin/../lib/gcc/arm-none-eabi/13.3.1/../../../../arm-none-eabi/lib/thumb/v7e-m+fp/hard\libc_nano.a
END GROUP
START GROUP
LOAD D:/ES/STM32CubeIDE_1.19.0/STM32CubeIDE/plugins/com.st.stm32cube.ide.mcu.externaltools.gnu-tools-for-stm32.13.3.rel1.win32_1.0.0.202411081344/tools/bin/../lib/gcc/arm-none-eabi/13.3.1/thumb/v7e-m+fp/hard\libgcc.a
LOAD D:/ES/STM32CubeIDE_1.19.0/STM32CubeIDE/plugins/com.st.stm32cube.ide.mcu.externaltools.gnu-tools-for-stm32.13.3.rel1.win32_1.0.0.202411081344/tools/bin/../lib/gcc/arm-none-eabi/13.3.1/../../../../arm-none-eabi/lib/thumb/v7e-m+fp/hard\libc_nano.a
LOAD D:/ES/STM32CubeIDE_1.19.0/STM32CubeIDE/plugins/com.st.stm32cube.ide.mcu.externaltools.gnu-tools-for-stm32.13.3.rel1.win32_1.0.0.202411081344/tools/bin/../lib/gcc/arm-none-eabi/13.3.1/../../../../arm-none-eabi/lib/thumb/v7e-m+fp/hard\libnosys.a
END GROUP
START GROUP
LOAD D:/ES/STM32CubeIDE_1.19.0/STM32CubeIDE/plugins/com.st.stm32cube.ide.mcu.externaltools.gnu-tools-for-stm32.13.3.rel1.win32_1.0.0.202411081344/tools/bin/../lib/gcc/arm-none-eabi/13.3.1/thumb/v7e-m+fp/hard\libgcc.a
LOAD D:/ES/STM32CubeIDE_1.19.0/STM32CubeIDE/plugins/com.st.stm32cube.ide.mcu.externaltools.gnu-tools-for-stm32.13.3.rel1.win32_1.0.0.202411081344/tools/bin/../lib/gcc/arm-none-eabi/13.3.1/../../../../arm-none-eabi/lib/thumb/v7e-m+fp/hard\libc_nano.a
LOAD D:/ES/STM32CubeIDE_1.19.0/STM32CubeIDE/plugins/com.st.stm32cube.ide.mcu.externaltools.gnu-tools-for-stm32.13.3.rel1.win32_1.0.0.202411081344/tools/bin/../lib/gcc/arm-none-eabi/13.3.1/../../../../arm-none-eabi/lib/thumb/v7e-m+fp/hard\libnosys.a
END GROUP
LOAD D:/ES/STM32CubeIDE_1.19.0/STM32CubeIDE/plugins/com.st.stm32cube.ide.mcu.externaltools.gnu-tools-for-stm32.13.3.rel1.win32_1.0.0.202411081344/tools/bin/../lib/gcc/arm-none-eabi/13.3.1/thumb/v7e-m+fp/hard/crtend.o
LOAD D:/ES/STM32CubeIDE_1.19.0/STM32CubeIDE/plugins/com.st.stm32cube.ide.mcu.externaltools.gnu-tools-for-stm32.13.3.rel1.win32_1.0.0.202411081344/tools/bin/../lib/gcc/arm-none-eabi/13.3.1/thumb/v7e-m+fp/hard/crtn.o
                0x20020000                        _estack = (ORIGIN (RAM) + LENGTH (RAM))
                0x00000200                        _Min_Heap_Size = 0x200
                0x00000400                        _Min_Stack_Size = 0x400

.isr_vector     0x08000000      0x188
                0x08000000                        . = ALIGN (0x4)
 *(.isr_vector)
 .isr_vector    0x08000000      0x188 ./Core/Startup/startup_stm32f407vetx.o
                0x08000000                g_pfnVectors
                0x08000188                        . = ALIGN (0x4)

.text           0x08000188     0xb31c
                0x08000188                        . = ALIGN (0x4)
 *(.text)
 .text          0x08000188       0x40 D:/ES/STM32CubeIDE_1.19.0/STM32CubeIDE/plugins/com.st.stm32cube.ide.mcu.externaltools.gnu-tools-for-stm32.13.3.rel1.win32_1.0.0.202411081344/tools/bin/../lib/gcc/arm-none-eabi/13.3.1/thumb/v7e-m+fp/hard/crtbegin.o
 .text          0x080001c8       0x30 D:/ES/STM32CubeIDE_1.19.0/STM32CubeIDE/plugins/com.st.stm32cube.ide.mcu.externaltools.gnu-tools-for-stm32.13.3.rel1.win32_1.0.0.202411081344/tools/bin/../lib/gcc/arm-none-eabi/13.3.1/thumb/v7e-m+fp/hard\libgcc.a(_aeabi_uldivmod.o)
                0x080001c8                __aeabi_uldivmod
 .text          0x080001f8      0x2f8 D:/ES/STM32CubeIDE_1.19.0/STM32CubeIDE/plugins/com.st.stm32cube.ide.mcu.externaltools.gnu-tools-for-stm32.13.3.rel1.win32_1.0.0.202411081344/tools/bin/../lib/gcc/arm-none-eabi/13.3.1/thumb/v7e-m+fp/hard\libgcc.a(_udivmoddi4.o)
                0x080001f8                __udivmoddi4
 .text          0x080004f0        0x4 D:/ES/STM32CubeIDE_1.19.0/STM32CubeIDE/plugins/com.st.stm32cube.ide.mcu.externaltools.gnu-tools-for-stm32.13.3.rel1.win32_1.0.0.202411081344/tools/bin/../lib/gcc/arm-none-eabi/13.3.1/thumb/v7e-m+fp/hard\libgcc.a(_dvmd_tls.o)
                0x080004f0                __aeabi_idiv0
                0x080004f0                __aeabi_ldiv0
 *(.text*)
 .text.MX_CAN1_Init
                0x080004f4       0x6c ./Core/Src/can.o
                0x080004f4                MX_CAN1_Init
 .text.MX_CAN2_Init
                0x08000560       0x6c ./Core/Src/can.o
                0x08000560                MX_CAN2_Init
 .text.HAL_CAN_MspInit
                0x080005cc      0x164 ./Core/Src/can.o
                0x080005cc                HAL_CAN_MspInit
 .text.MX_DMA_Init
                0x08000730       0x7c ./Core/Src/dma.o
                0x08000730                MX_DMA_Init
 .text.MX_GPIO_Init
                0x080007ac       0x6c ./Core/Src/gpio.o
                0x080007ac                MX_GPIO_Init
 .text.main     0x08000818       0x48 ./Core/Src/main.o
                0x08000818                main
 .text.SystemClock_Config
                0x08000860       0xd4 ./Core/Src/main.o
                0x08000860                SystemClock_Config
 .text.Error_Handler
                0x08000934        0xc ./Core/Src/main.o
                0x08000934                Error_Handler
 .text.HAL_MspInit
                0x08000940       0x50 ./Core/Src/stm32f4xx_hal_msp.o
                0x08000940                HAL_MspInit
 .text.NMI_Handler
                0x08000990        0x8 ./Core/Src/stm32f4xx_it.o
                0x08000990                NMI_Handler
 .text.HardFault_Handler
                0x08000998        0x8 ./Core/Src/stm32f4xx_it.o
                0x08000998                HardFault_Handler
 .text.MemManage_Handler
                0x080009a0        0x8 ./Core/Src/stm32f4xx_it.o
                0x080009a0                MemManage_Handler
 .text.BusFault_Handler
                0x080009a8        0x8 ./Core/Src/stm32f4xx_it.o
                0x080009a8                BusFault_Handler
 .text.UsageFault_Handler
                0x080009b0        0x8 ./Core/Src/stm32f4xx_it.o
                0x080009b0                UsageFault_Handler
 .text.SVC_Handler
                0x080009b8        0xe ./Core/Src/stm32f4xx_it.o
                0x080009b8                SVC_Handler
 .text.DebugMon_Handler
                0x080009c6        0xe ./Core/Src/stm32f4xx_it.o
                0x080009c6                DebugMon_Handler
 .text.PendSV_Handler
                0x080009d4        0xe ./Core/Src/stm32f4xx_it.o
                0x080009d4                PendSV_Handler
 .text.SysTick_Handler
                0x080009e2        0xc ./Core/Src/stm32f4xx_it.o
                0x080009e2                SysTick_Handler
 *fill*         0x080009ee        0x2 
 .text.DMA1_Stream1_IRQHandler
                0x080009f0       0x14 ./Core/Src/stm32f4xx_it.o
                0x080009f0                DMA1_Stream1_IRQHandler
 .text.CAN1_RX0_IRQHandler
                0x08000a04       0x14 ./Core/Src/stm32f4xx_it.o
                0x08000a04                CAN1_RX0_IRQHandler
 .text.USART1_IRQHandler
                0x08000a18       0x14 ./Core/Src/stm32f4xx_it.o
                0x08000a18                USART1_IRQHandler
 .text.TIM6_DAC_IRQHandler
                0x08000a2c       0x14 ./Core/Src/stm32f4xx_it.o
                0x08000a2c                TIM6_DAC_IRQHandler
 .text.DMA2_Stream2_IRQHandler
                0x08000a40       0x14 ./Core/Src/stm32f4xx_it.o
                0x08000a40                DMA2_Stream2_IRQHandler
 .text.CAN2_RX0_IRQHandler
                0x08000a54       0x14 ./Core/Src/stm32f4xx_it.o
                0x08000a54                CAN2_RX0_IRQHandler
 .text.DMA2_Stream7_IRQHandler
                0x08000a68       0x14 ./Core/Src/stm32f4xx_it.o
                0x08000a68                DMA2_Stream7_IRQHandler
 .text.SystemInit
                0x08000a7c       0x24 ./Core/Src/system_stm32f4xx.o
                0x08000a7c                SystemInit
 .text.MX_TIM6_Init
                0x08000aa0       0x6c ./Core/Src/tim.o
                0x08000aa0                MX_TIM6_Init
 .text.HAL_TIM_Base_MspInit
                0x08000b0c       0xb8 ./Core/Src/tim.o
                0x08000b0c                HAL_TIM_Base_MspInit
 .text.MX_USART1_UART_Init
                0x08000bc4       0x54 ./Core/Src/usart.o
                0x08000bc4                MX_USART1_UART_Init
 .text.MX_USART2_UART_Init
                0x08000c18       0x54 ./Core/Src/usart.o
                0x08000c18                MX_USART2_UART_Init
 .text.HAL_UART_MspInit
                0x08000c6c      0x1d4 ./Core/Src/usart.o
                0x08000c6c                HAL_UART_MspInit
 .text.Reset_Handler
                0x08000e40       0x50 ./Core/Startup/startup_stm32f407vetx.o
                0x08000e40                Reset_Handler
 .text.Default_Handler
                0x08000e90        0x2 ./Core/Startup/startup_stm32f407vetx.o
                0x08000e90                RTC_Alarm_IRQHandler
                0x08000e90                HASH_RNG_IRQHandler
                0x08000e90                EXTI2_IRQHandler
                0x08000e90                TIM8_CC_IRQHandler
                0x08000e90                TIM1_CC_IRQHandler
                0x08000e90                DMA2_Stream5_IRQHandler
                0x08000e90                DMA1_Stream5_IRQHandler
                0x08000e90                PVD_IRQHandler
                0x08000e90                SDIO_IRQHandler
                0x08000e90                TAMP_STAMP_IRQHandler
                0x08000e90                CAN2_RX1_IRQHandler
                0x08000e90                EXTI3_IRQHandler
                0x08000e90                TIM8_TRG_COM_TIM14_IRQHandler
                0x08000e90                TIM1_UP_TIM10_IRQHandler
                0x08000e90                TIM8_UP_TIM13_IRQHandler
                0x08000e90                I2C3_ER_IRQHandler
                0x08000e90                EXTI0_IRQHandler
                0x08000e90                I2C2_EV_IRQHandler
                0x08000e90                DMA1_Stream2_IRQHandler
                0x08000e90                FPU_IRQHandler
                0x08000e90                OTG_HS_WKUP_IRQHandler
                0x08000e90                CAN2_SCE_IRQHandler
                0x08000e90                SPI1_IRQHandler
                0x08000e90                TIM1_BRK_TIM9_IRQHandler
                0x08000e90                DCMI_IRQHandler
                0x08000e90                DMA2_Stream3_IRQHandler
                0x08000e90                USART6_IRQHandler
                0x08000e90                USART3_IRQHandler
                0x08000e90                CAN1_RX1_IRQHandler
                0x08000e90                UART5_IRQHandler
                0x08000e90                DMA2_Stream0_IRQHandler
                0x08000e90                TIM4_IRQHandler
                0x08000e90                I2C1_EV_IRQHandler
                0x08000e90                DMA1_Stream6_IRQHandler
                0x08000e90                UART4_IRQHandler
                0x08000e90                TIM3_IRQHandler
                0x08000e90                RCC_IRQHandler
                0x08000e90                TIM8_BRK_TIM12_IRQHandler
                0x08000e90                Default_Handler
                0x08000e90                EXTI15_10_IRQHandler
                0x08000e90                ADC_IRQHandler
                0x08000e90                DMA1_Stream7_IRQHandler
                0x08000e90                TIM7_IRQHandler
                0x08000e90                CAN2_TX_IRQHandler
                0x08000e90                TIM5_IRQHandler
                0x08000e90                I2C3_EV_IRQHandler
                0x08000e90                EXTI9_5_IRQHandler
                0x08000e90                RTC_WKUP_IRQHandler
                0x08000e90                ETH_WKUP_IRQHandler
                0x08000e90                SPI2_IRQHandler
                0x08000e90                OTG_HS_EP1_IN_IRQHandler
                0x08000e90                DMA1_Stream0_IRQHandler
                0x08000e90                CAN1_TX_IRQHandler
                0x08000e90                EXTI4_IRQHandler
                0x08000e90                FSMC_IRQHandler
                0x08000e90                ETH_IRQHandler
                0x08000e90                OTG_HS_EP1_OUT_IRQHandler
                0x08000e90                WWDG_IRQHandler
                0x08000e90                TIM2_IRQHandler
                0x08000e90                OTG_FS_WKUP_IRQHandler
                0x08000e90                TIM1_TRG_COM_TIM11_IRQHandler
                0x08000e90                OTG_HS_IRQHandler
                0x08000e90                EXTI1_IRQHandler
                0x08000e90                USART2_IRQHandler
                0x08000e90                I2C2_ER_IRQHandler
                0x08000e90                DMA2_Stream1_IRQHandler
                0x08000e90                CAN1_SCE_IRQHandler
                0x08000e90                FLASH_IRQHandler
                0x08000e90                DMA2_Stream4_IRQHandler
                0x08000e90                OTG_FS_IRQHandler
                0x08000e90                SPI3_IRQHandler
                0x08000e90                DMA1_Stream4_IRQHandler
                0x08000e90                I2C1_ER_IRQHandler
                0x08000e90                DMA2_Stream6_IRQHandler
                0x08000e90                DMA1_Stream3_IRQHandler
 *fill*         0x08000e92        0x2 
 .text.HAL_Init
                0x08000e94       0x44 ./Drivers/STM32F4xx_HAL_Driver/Src/stm32f4xx_hal.o
                0x08000e94                HAL_Init
 .text.HAL_InitTick
                0x08000ed8       0x60 ./Drivers/STM32F4xx_HAL_Driver/Src/stm32f4xx_hal.o
                0x08000ed8                HAL_InitTick
 .text.HAL_IncTick
                0x08000f38       0x28 ./Drivers/STM32F4xx_HAL_Driver/Src/stm32f4xx_hal.o
                0x08000f38                HAL_IncTick
 .text.HAL_GetTick
                0x08000f60       0x18 ./Drivers/STM32F4xx_HAL_Driver/Src/stm32f4xx_hal.o
                0x08000f60                HAL_GetTick
 .text.HAL_CAN_Init
                0x08000f78      0x1f6 ./Drivers/STM32F4xx_HAL_Driver/Src/stm32f4xx_hal_can.o
                0x08000f78                HAL_CAN_Init
 *fill*         0x0800116e        0x2 
 .text.HAL_CAN_ConfigFilter
                0x08001170      0x1bc ./Drivers/STM32F4xx_HAL_Driver/Src/stm32f4xx_hal_can.o
                0x08001170                HAL_CAN_ConfigFilter
 .text.HAL_CAN_Start
                0x0800132c       0x88 ./Drivers/STM32F4xx_HAL_Driver/Src/stm32f4xx_hal_can.o
                0x0800132c                HAL_CAN_Start
 .text.HAL_CAN_AddTxMessage
                0x080013b4      0x1a0 ./Drivers/STM32F4xx_HAL_Driver/Src/stm32f4xx_hal_can.o
                0x080013b4                HAL_CAN_AddTxMessage
 .text.HAL_CAN_GetRxMessage
                0x08001554      0x244 ./Drivers/STM32F4xx_HAL_Driver/Src/stm32f4xx_hal_can.o
                0x08001554                HAL_CAN_GetRxMessage
 .text.HAL_CAN_ActivateNotification
                0x08001798       0x4c ./Drivers/STM32F4xx_HAL_Driver/Src/stm32f4xx_hal_can.o
                0x08001798                HAL_CAN_ActivateNotification
 .text.HAL_CAN_IRQHandler
                0x080017e4      0x36e ./Drivers/STM32F4xx_HAL_Driver/Src/stm32f4xx_hal_can.o
                0x080017e4                HAL_CAN_IRQHandler
 .text.HAL_CAN_TxMailbox0CompleteCallback
                0x08001b52       0x14 ./Drivers/STM32F4xx_HAL_Driver/Src/stm32f4xx_hal_can.o
                0x08001b52                HAL_CAN_TxMailbox0CompleteCallback
 .text.HAL_CAN_TxMailbox1CompleteCallback
                0x08001b66       0x14 ./Drivers/STM32F4xx_HAL_Driver/Src/stm32f4xx_hal_can.o
                0x08001b66                HAL_CAN_TxMailbox1CompleteCallback
 .text.HAL_CAN_TxMailbox2CompleteCallback
                0x08001b7a       0x14 ./Drivers/STM32F4xx_HAL_Driver/Src/stm32f4xx_hal_can.o
                0x08001b7a                HAL_CAN_TxMailbox2CompleteCallback
 .text.HAL_CAN_TxMailbox0AbortCallback
                0x08001b8e       0x14 ./Drivers/STM32F4xx_HAL_Driver/Src/stm32f4xx_hal_can.o
                0x08001b8e                HAL_CAN_TxMailbox0AbortCallback
 .text.HAL_CAN_TxMailbox1AbortCallback
                0x08001ba2       0x14 ./Drivers/STM32F4xx_HAL_Driver/Src/stm32f4xx_hal_can.o
                0x08001ba2                HAL_CAN_TxMailbox1AbortCallback
 .text.HAL_CAN_TxMailbox2AbortCallback
                0x08001bb6       0x14 ./Drivers/STM32F4xx_HAL_Driver/Src/stm32f4xx_hal_can.o
                0x08001bb6                HAL_CAN_TxMailbox2AbortCallback
 .text.HAL_CAN_RxFifo0FullCallback
                0x08001bca       0x14 ./Drivers/STM32F4xx_HAL_Driver/Src/stm32f4xx_hal_can.o
                0x08001bca                HAL_CAN_RxFifo0FullCallback
 .text.HAL_CAN_RxFifo1MsgPendingCallback
                0x08001bde       0x14 ./Drivers/STM32F4xx_HAL_Driver/Src/stm32f4xx_hal_can.o
                0x08001bde                HAL_CAN_RxFifo1MsgPendingCallback
 .text.HAL_CAN_RxFifo1FullCallback
                0x08001bf2       0x14 ./Drivers/STM32F4xx_HAL_Driver/Src/stm32f4xx_hal_can.o
                0x08001bf2                HAL_CAN_RxFifo1FullCallback
 .text.HAL_CAN_SleepCallback
                0x08001c06       0x14 ./Drivers/STM32F4xx_HAL_Driver/Src/stm32f4xx_hal_can.o
                0x08001c06                HAL_CAN_SleepCallback
 .text.HAL_CAN_WakeUpFromRxMsgCallback
                0x08001c1a       0x14 ./Drivers/STM32F4xx_HAL_Driver/Src/stm32f4xx_hal_can.o
                0x08001c1a                HAL_CAN_WakeUpFromRxMsgCallback
 .text.HAL_CAN_ErrorCallback
                0x08001c2e       0x14 ./Drivers/STM32F4xx_HAL_Driver/Src/stm32f4xx_hal_can.o
                0x08001c2e                HAL_CAN_ErrorCallback
 *fill*         0x08001c42        0x2 
 .text.__NVIC_SetPriorityGrouping
                0x08001c44       0x48 ./Drivers/STM32F4xx_HAL_Driver/Src/stm32f4xx_hal_cortex.o
 .text.__NVIC_GetPriorityGrouping
                0x08001c8c       0x1c ./Drivers/STM32F4xx_HAL_Driver/Src/stm32f4xx_hal_cortex.o
 .text.__NVIC_EnableIRQ
                0x08001ca8       0x3c ./Drivers/STM32F4xx_HAL_Driver/Src/stm32f4xx_hal_cortex.o
 .text.__NVIC_SetPriority
                0x08001ce4       0x54 ./Drivers/STM32F4xx_HAL_Driver/Src/stm32f4xx_hal_cortex.o
 .text.NVIC_EncodePriority
                0x08001d38       0x66 ./Drivers/STM32F4xx_HAL_Driver/Src/stm32f4xx_hal_cortex.o
 *fill*         0x08001d9e        0x2 
 .text.SysTick_Config
                0x08001da0       0x44 ./Drivers/STM32F4xx_HAL_Driver/Src/stm32f4xx_hal_cortex.o
 .text.HAL_NVIC_SetPriorityGrouping
                0x08001de4       0x16 ./Drivers/STM32F4xx_HAL_Driver/Src/stm32f4xx_hal_cortex.o
                0x08001de4                HAL_NVIC_SetPriorityGrouping
 .text.HAL_NVIC_SetPriority
                0x08001dfa       0x38 ./Drivers/STM32F4xx_HAL_Driver/Src/stm32f4xx_hal_cortex.o
                0x08001dfa                HAL_NVIC_SetPriority
 .text.HAL_NVIC_EnableIRQ
                0x08001e32       0x1c ./Drivers/STM32F4xx_HAL_Driver/Src/stm32f4xx_hal_cortex.o
                0x08001e32                HAL_NVIC_EnableIRQ
 .text.HAL_SYSTICK_Config
                0x08001e4e       0x18 ./Drivers/STM32F4xx_HAL_Driver/Src/stm32f4xx_hal_cortex.o
                0x08001e4e                HAL_SYSTICK_Config
 *fill*         0x08001e66        0x2 
 .text.HAL_DMA_Init
                0x08001e68      0x15c ./Drivers/STM32F4xx_HAL_Driver/Src/stm32f4xx_hal_dma.o
                0x08001e68                HAL_DMA_Init
 .text.HAL_DMA_Start_IT
                0x08001fc4       0xb0 ./Drivers/STM32F4xx_HAL_Driver/Src/stm32f4xx_hal_dma.o
                0x08001fc4                HAL_DMA_Start_IT
 .text.HAL_DMA_Abort
                0x08002074       0xe0 ./Drivers/STM32F4xx_HAL_Driver/Src/stm32f4xx_hal_dma.o
                0x08002074                HAL_DMA_Abort
 .text.HAL_DMA_Abort_IT
                0x08002154       0x44 ./Drivers/STM32F4xx_HAL_Driver/Src/stm32f4xx_hal_dma.o
                0x08002154                HAL_DMA_Abort_IT
 .text.HAL_DMA_IRQHandler
                0x08002198      0x314 ./Drivers/STM32F4xx_HAL_Driver/Src/stm32f4xx_hal_dma.o
                0x08002198                HAL_DMA_IRQHandler
 .text.DMA_SetConfig
                0x080024ac       0x5c ./Drivers/STM32F4xx_HAL_Driver/Src/stm32f4xx_hal_dma.o
 .text.DMA_CalcBaseAndBitshift
                0x08002508       0x6c ./Drivers/STM32F4xx_HAL_Driver/Src/stm32f4xx_hal_dma.o
 .text.DMA_CheckFifoParam
                0x08002574       0xf8 ./Drivers/STM32F4xx_HAL_Driver/Src/stm32f4xx_hal_dma.o
 .text.HAL_GPIO_Init
                0x0800266c      0x338 ./Drivers/STM32F4xx_HAL_Driver/Src/stm32f4xx_hal_gpio.o
                0x0800266c                HAL_GPIO_Init
 .text.HAL_RCC_OscConfig
                0x080029a4      0x4f0 ./Drivers/STM32F4xx_HAL_Driver/Src/stm32f4xx_hal_rcc.o
                0x080029a4                HAL_RCC_OscConfig
 .text.HAL_RCC_ClockConfig
                0x08002e94      0x1cc ./Drivers/STM32F4xx_HAL_Driver/Src/stm32f4xx_hal_rcc.o
                0x08002e94                HAL_RCC_ClockConfig
 .text.HAL_RCC_GetSysClockFreq
                0x08003060      0x18c ./Drivers/STM32F4xx_HAL_Driver/Src/stm32f4xx_hal_rcc.o
                0x08003060                HAL_RCC_GetSysClockFreq
 .text.HAL_RCC_GetHCLKFreq
                0x080031ec       0x18 ./Drivers/STM32F4xx_HAL_Driver/Src/stm32f4xx_hal_rcc.o
                0x080031ec                HAL_RCC_GetHCLKFreq
 .text.HAL_RCC_GetPCLK1Freq
                0x08003204       0x28 ./Drivers/STM32F4xx_HAL_Driver/Src/stm32f4xx_hal_rcc.o
                0x08003204                HAL_RCC_GetPCLK1Freq
 .text.HAL_RCC_GetPCLK2Freq
                0x0800322c       0x28 ./Drivers/STM32F4xx_HAL_Driver/Src/stm32f4xx_hal_rcc.o
                0x0800322c                HAL_RCC_GetPCLK2Freq
 .text.HAL_TIM_Base_Init
                0x08003254       0x9e ./Drivers/STM32F4xx_HAL_Driver/Src/stm32f4xx_hal_tim.o
                0x08003254                HAL_TIM_Base_Init
 *fill*         0x080032f2        0x2 
 .text.HAL_TIM_Base_Start_IT
                0x080032f4       0xe0 ./Drivers/STM32F4xx_HAL_Driver/Src/stm32f4xx_hal_tim.o
                0x080032f4                HAL_TIM_Base_Start_IT
 .text.HAL_TIM_IRQHandler
                0x080033d4      0x1e0 ./Drivers/STM32F4xx_HAL_Driver/Src/stm32f4xx_hal_tim.o
                0x080033d4                HAL_TIM_IRQHandler
 .text.HAL_TIM_OC_DelayElapsedCallback
                0x080035b4       0x14 ./Drivers/STM32F4xx_HAL_Driver/Src/stm32f4xx_hal_tim.o
                0x080035b4                HAL_TIM_OC_DelayElapsedCallback
 .text.HAL_TIM_IC_CaptureCallback
                0x080035c8       0x14 ./Drivers/STM32F4xx_HAL_Driver/Src/stm32f4xx_hal_tim.o
                0x080035c8                HAL_TIM_IC_CaptureCallback
 .text.HAL_TIM_PWM_PulseFinishedCallback
                0x080035dc       0x14 ./Drivers/STM32F4xx_HAL_Driver/Src/stm32f4xx_hal_tim.o
                0x080035dc                HAL_TIM_PWM_PulseFinishedCallback
 .text.HAL_TIM_TriggerCallback
                0x080035f0       0x14 ./Drivers/STM32F4xx_HAL_Driver/Src/stm32f4xx_hal_tim.o
                0x080035f0                HAL_TIM_TriggerCallback
 .text.TIM_Base_SetConfig
                0x08003604      0x14c ./Drivers/STM32F4xx_HAL_Driver/Src/stm32f4xx_hal_tim.o
                0x08003604                TIM_Base_SetConfig
 .text.HAL_TIMEx_MasterConfigSynchronization
                0x08003750       0xf8 ./Drivers/STM32F4xx_HAL_Driver/Src/stm32f4xx_hal_tim_ex.o
                0x08003750                HAL_TIMEx_MasterConfigSynchronization
 .text.HAL_TIMEx_CommutCallback
                0x08003848       0x14 ./Drivers/STM32F4xx_HAL_Driver/Src/stm32f4xx_hal_tim_ex.o
                0x08003848                HAL_TIMEx_CommutCallback
 .text.HAL_TIMEx_BreakCallback
                0x0800385c       0x14 ./Drivers/STM32F4xx_HAL_Driver/Src/stm32f4xx_hal_tim_ex.o
                0x0800385c                HAL_TIMEx_BreakCallback
 .text.HAL_UART_Init
                0x08003870       0xa0 ./Drivers/STM32F4xx_HAL_Driver/Src/stm32f4xx_hal_uart.o
                0x08003870                HAL_UART_Init
 .text.HAL_UART_Transmit
                0x08003910      0x116 ./Drivers/STM32F4xx_HAL_Driver/Src/stm32f4xx_hal_uart.o
                0x08003910                HAL_UART_Transmit
 .text.HAL_UART_Receive
                0x08003a26      0x12e ./Drivers/STM32F4xx_HAL_Driver/Src/stm32f4xx_hal_uart.o
                0x08003a26                HAL_UART_Receive
 .text.HAL_UARTEx_ReceiveToIdle_DMA
                0x08003b54       0xb2 ./Drivers/STM32F4xx_HAL_Driver/Src/stm32f4xx_hal_uart.o
                0x08003b54                HAL_UARTEx_ReceiveToIdle_DMA
 *fill*         0x08003c06        0x2 
 .text.HAL_UART_IRQHandler
                0x08003c08      0x554 ./Drivers/STM32F4xx_HAL_Driver/Src/stm32f4xx_hal_uart.o
                0x08003c08                HAL_UART_IRQHandler
 .text.HAL_UART_TxCpltCallback
                0x0800415c       0x14 ./Drivers/STM32F4xx_HAL_Driver/Src/stm32f4xx_hal_uart.o
                0x0800415c                HAL_UART_TxCpltCallback
 .text.HAL_UART_RxCpltCallback
                0x08004170       0x14 ./Drivers/STM32F4xx_HAL_Driver/Src/stm32f4xx_hal_uart.o
                0x08004170                HAL_UART_RxCpltCallback
 .text.HAL_UART_RxHalfCpltCallback
                0x08004184       0x14 ./Drivers/STM32F4xx_HAL_Driver/Src/stm32f4xx_hal_uart.o
                0x08004184                HAL_UART_RxHalfCpltCallback
 .text.UART_DMAReceiveCplt
                0x08004198      0x12c ./Drivers/STM32F4xx_HAL_Driver/Src/stm32f4xx_hal_uart.o
 .text.UART_DMARxHalfCplt
                0x080042c4       0x3c ./Drivers/STM32F4xx_HAL_Driver/Src/stm32f4xx_hal_uart.o
 .text.UART_DMAError
                0x08004300       0x94 ./Drivers/STM32F4xx_HAL_Driver/Src/stm32f4xx_hal_uart.o
 .text.UART_WaitOnFlagUntilTimeout
                0x08004394       0xb2 ./Drivers/STM32F4xx_HAL_Driver/Src/stm32f4xx_hal_uart.o
 *fill*         0x08004446        0x2 
 .text.UART_Start_Receive_DMA
                0x08004448      0x14c ./Drivers/STM32F4xx_HAL_Driver/Src/stm32f4xx_hal_uart.o
                0x08004448                UART_Start_Receive_DMA
 .text.UART_EndTxTransfer
                0x08004594       0x50 ./Drivers/STM32F4xx_HAL_Driver/Src/stm32f4xx_hal_uart.o
 .text.UART_EndRxTransfer
                0x080045e4       0xc6 ./Drivers/STM32F4xx_HAL_Driver/Src/stm32f4xx_hal_uart.o
 .text.UART_DMAAbortOnError
                0x080046aa       0x22 ./Drivers/STM32F4xx_HAL_Driver/Src/stm32f4xx_hal_uart.o
 .text.UART_Transmit_IT
                0x080046cc       0xa0 ./Drivers/STM32F4xx_HAL_Driver/Src/stm32f4xx_hal_uart.o
 .text.UART_EndTransmit_IT
                0x0800476c       0x30 ./Drivers/STM32F4xx_HAL_Driver/Src/stm32f4xx_hal_uart.o
 .text.UART_Receive_IT
                0x0800479c      0x17c ./Drivers/STM32F4xx_HAL_Driver/Src/stm32f4xx_hal_uart.o
 .text.UART_SetConfig
                0x08004918      0x4e8 ./Drivers/STM32F4xx_HAL_Driver/Src/stm32f4xx_hal_uart.o
 .text.leg_side_is_valid
                0x08004e00       0x28 ./user/algorithm/leg_kinematics/leg_kinematics.o
 .text.deg_to_rad
                0x08004e28       0x38 ./user/algorithm/leg_kinematics/leg_kinematics.o
 .text.rad_to_deg
                0x08004e60       0x38 ./user/algorithm/leg_kinematics/leg_kinematics.o
 .text.clampf_local
                0x08004e98       0x52 ./user/algorithm/leg_kinematics/leg_kinematics.o
 .text.round_to_u16
                0x08004eea       0x44 ./user/algorithm/leg_kinematics/leg_kinematics.o
 .text.point_make
                0x08004f2e       0x44 ./user/algorithm/leg_kinematics/leg_kinematics.o
 *fill*         0x08004f72        0x2 
 .text.leg_get_origins
                0x08004f74       0x70 ./user/algorithm/leg_kinematics/leg_kinematics.o
 .text.point_distance
                0x08004fe4       0x70 ./user/algorithm/leg_kinematics/leg_kinematics.o
 .text.cross2d  0x08005054       0x40 ./user/algorithm/leg_kinematics/leg_kinematics.o
 .text.segment_intersects
                0x08005094      0x218 ./user/algorithm/leg_kinematics/leg_kinematics.o
 .text.leg_cross_count
                0x080052ac      0x448 ./user/algorithm/leg_kinematics/leg_kinematics.o
 .text.angle_limit_count
                0x080056f4       0xb0 ./user/algorithm/leg_kinematics/leg_kinematics.o
 .text.angle_limit_penalty
                0x080057a4      0x110 ./user/algorithm/leg_kinematics/leg_kinematics.o
 .text.candidate_is_better
                0x080058b4       0xb6 ./user/algorithm/leg_kinematics/leg_kinematics.o
 *fill*         0x0800596a        0x2 
 .text.circle_intersections
                0x0800596c      0x26c ./user/algorithm/leg_kinematics/leg_kinematics.o
 .text.solve_d_from_b_c
                0x08005bd8      0x100 ./user/algorithm/leg_kinematics/leg_kinematics.o
 .text.theta1_from_a
                0x08005cd8       0xa4 ./user/algorithm/leg_kinematics/leg_kinematics.o
 .text.theta2_from_b
                0x08005d7c       0xa4 ./user/algorithm/leg_kinematics/leg_kinematics.o
 .text.leg_forward_best_candidate_from_angles
                0x08005e20      0x3f4 ./user/algorithm/leg_kinematics/leg_kinematics.o
 .text.leg_kinematics_ft_raw_to_theta1_deg
                0x08006214       0x90 ./user/algorithm/leg_kinematics/leg_kinematics.o
                0x08006214                leg_kinematics_ft_raw_to_theta1_deg
 .text.leg_kinematics_theta1_deg_to_ft_raw
                0x080062a4       0xc8 ./user/algorithm/leg_kinematics/leg_kinematics.o
                0x080062a4                leg_kinematics_theta1_deg_to_ft_raw
 .text.leg_kinematics_dm_rad_to_theta2_deg
                0x0800636c       0x6c ./user/algorithm/leg_kinematics/leg_kinematics.o
                0x0800636c                leg_kinematics_dm_rad_to_theta2_deg
 .text.leg_kinematics_theta2_deg_to_dm_rad
                0x080063d8       0x84 ./user/algorithm/leg_kinematics/leg_kinematics.o
                0x080063d8                leg_kinematics_theta2_deg_to_dm_rad
 .text.leg_kinematics_forward_from_angles
                0x0800645c       0x24 ./user/algorithm/leg_kinematics/leg_kinematics.o
                0x0800645c                leg_kinematics_forward_from_angles
 .text.leg_kinematics_inverse_to_angles
                0x08006480      0x398 ./user/algorithm/leg_kinematics/leg_kinematics.o
                0x08006480                leg_kinematics_inverse_to_angles
 .text.leg_kinematics_forward_from_actuator
                0x08006818       0x76 ./user/algorithm/leg_kinematics/leg_kinematics.o
                0x08006818                leg_kinematics_forward_from_actuator
 .text.leg_kinematics_inverse_to_actuator
                0x0800688e       0x94 ./user/algorithm/leg_kinematics/leg_kinematics.o
                0x0800688e                leg_kinematics_inverse_to_actuator
 *fill*         0x08006922        0x2 
 .text.app_keep_debug_symbols
                0x08006924       0x64 ./user/app/app.o
 .text.app_startup_ready
                0x08006988       0x60 ./user/app/app.o
 .text.app_body_still
                0x080069e8       0x58 ./user/app/app.o
 .text.app_body_level_enough
                0x08006a40       0x5c ./user/app/app.o
 .text.app_dm_mask_online
                0x08006a9c       0x64 ./user/app/app.o
 .text.app_run_startup_safe
                0x08006b00       0xb8 ./user/app/app.o
 .text.app_run_initial_pose_retries
                0x08006bb8       0xbc ./user/app/app.o
 .text.app_cmd_set_defaults
                0x08006c74      0x10c ./user/app/app.o
 .text.app_ft_raw_from_servo
                0x08006d80       0x3c ./user/app/app.o
 .text.app_wrap_deg
                0x08006dbc       0x74 ./user/app/app.o
 .text.app_absf
                0x08006e30       0x34 ./user/app/app.o
 .text.app_clampf
                0x08006e64       0x52 ./user/app/app.o
 *fill*         0x08006eb6        0x2 
 .text.app_predict_pitch_deg
                0x08006eb8       0xa0 ./user/app/app.o
 .text.app_set_dm_cmd
                0x08006f58       0x94 ./user/app/app.o
 .text.app_obs_update_leg
                0x08006fec      0x104 ./user/app/app.o
 .text.app_obs_update
                0x080070f0      0x39c ./user/app/app.o
 .text.app_send_dm_mask
                0x0800748c       0xd4 ./user/app/app.o
 .text.app_run_dm_manual
                0x08007560       0x18 ./user/app/app.o
 .text.app_run_ft_manual
                0x08007578       0xe0 ./user/app/app.o
 .text.app_run_imu_read
                0x08007658       0x24 ./user/app/app.o
 .text.app_run_imu_periodic
                0x0800767c       0x30 ./user/app/app.o
 .text.app_init
                0x080076ac      0x1e0 ./user/app/app.o
                0x080076ac                app_init
 .text.app_control_2khz
                0x0800788c       0x64 ./user/app/app.o
                0x0800788c                app_control_2khz
 .text.app_run_joint_hold
                0x080078f0       0x50 ./user/app/app.o
 .text.app_balance_send_wheels
                0x08007940       0x70 ./user/app/app.o
 .text.app_run_wheel_zero_stop
                0x080079b0       0x68 ./user/app/app.o
 .text.app_run_balance
                0x08007a18      0x29c ./user/app/app.o
 .text.app_run_leg_assist
                0x08007cb4       0x98 ./user/app/app.o
 .text.app_leg_assist_restore
                0x08007d4c       0x7c ./user/app/app.o
 .text.app_background
                0x08007dc8       0x5c ./user/app/app.o
                0x08007dc8                app_background
 .text.app_tune_autostart_task
                0x08007e24      0x10c ./user/app/app.o
 .text.app_imu_zero_current
                0x08007f30       0x50 ./user/app/app.o
                0x08007f30                app_imu_zero_current
 .text.app_leg_pose_solve_to_cmd
                0x08007f80       0xf0 ./user/app/app.o
                0x08007f80                app_leg_pose_solve_to_cmd
 .text.app_leg_pose_apply
                0x08008070       0xd0 ./user/app/app.o
                0x08008070                app_leg_pose_apply
 .text.app_initial_pose_solve
                0x08008140       0x2c ./user/app/app.o
                0x08008140                app_initial_pose_solve
 .text.app_initial_pose_apply
                0x0800816c       0x2c ./user/app/app.o
                0x0800816c                app_initial_pose_apply
 .text.app_balance_start
                0x08008198      0x158 ./user/app/app.o
                0x08008198                app_balance_start
 .text.app_balance_leg_assist_start
                0x080082f0      0x100 ./user/app/app.o
                0x080082f0                app_balance_leg_assist_start
 .text.app_balance_stop
                0x080083f0       0xb8 ./user/app/app.o
                0x080083f0                app_balance_stop
 .text.app_leg_hold_stop
                0x080084a8       0x4c ./user/app/app.o
                0x080084a8                app_leg_hold_stop
 .text.HAL_TIM_PeriodElapsedCallback
                0x080084f4       0x24 ./user/app/app.o
                0x080084f4                HAL_TIM_PeriodElapsedCallback
 .text.app_remote_clamp_i16
                0x08008518       0x46 ./user/app/app_remote.o
 *fill*         0x0800855e        0x2 
 .text.app_remote_init
                0x08008560       0x2c ./user/app/app_remote.o
                0x08008560                app_remote_init
 .text.app_remote_background
                0x0800858c       0x80 ./user/app/app_remote.o
                0x0800858c                app_remote_background
 .text.bsp_can_init
                0x0800860c       0x88 ./user/bsp/bsp_can/bsp_can.o
                0x0800860c                bsp_can_init
 .text.bsp_can_send
                0x08008694       0x4e ./user/bsp/bsp_can/bsp_can.o
                0x08008694                bsp_can_send
 *fill*         0x080086e2        0x2 
 .text.can_rx_dispatch
                0x080086e4       0x68 ./user/bsp/bsp_can/bsp_can.o
 .text.HAL_CAN_RxFifo0MsgPendingCallback
                0x0800874c       0x16 ./user/bsp/bsp_can/bsp_can.o
                0x0800874c                HAL_CAN_RxFifo0MsgPendingCallback
 .text.balance_absf
                0x08008762       0x34 ./user/controller/balance_controller.o
 .text.balance_clampf
                0x08008796       0x60 ./user/controller/balance_controller.o
 *fill*         0x080087f6        0x2 
 .text.balance_apply_deadband
                0x080087f8       0x70 ./user/controller/balance_controller.o
 .text.balance_shape_tilt_error
                0x08008868       0x88 ./user/controller/balance_controller.o
 .text.balance_controller_init
                0x080088f0       0x94 ./user/controller/balance_controller.o
                0x080088f0                balance_controller_init
 .text.balance_controller_config
                0x08008984       0x68 ./user/controller/balance_controller.o
                0x08008984                balance_controller_config
 .text.balance_controller_set_response
                0x080089ec       0x5a ./user/controller/balance_controller.o
                0x080089ec                balance_controller_set_response
 .text.balance_controller_set_wheel_response
                0x08008a46       0x58 ./user/controller/balance_controller.o
                0x08008a46                balance_controller_set_wheel_response
 .text.balance_controller_reset
                0x08008a9e       0x34 ./user/controller/balance_controller.o
                0x08008a9e                balance_controller_reset
 .text.balance_controller_update
                0x08008ad2      0x2d8 ./user/controller/balance_controller.o
                0x08008ad2                balance_controller_update
 .text.leg_absf
                0x08008daa       0x34 ./user/controller/leg_balance_controller.o
 .text.leg_clampf
                0x08008dde       0x60 ./user/controller/leg_balance_controller.o
 .text.leg_balance_controller_init
                0x08008e3e       0x4c ./user/controller/leg_balance_controller.o
                0x08008e3e                leg_balance_controller_init
 .text.leg_balance_controller_config
                0x08008e8a       0x68 ./user/controller/leg_balance_controller.o
                0x08008e8a                leg_balance_controller_config
 .text.leg_balance_controller_reset
                0x08008ef2       0x24 ./user/controller/leg_balance_controller.o
                0x08008ef2                leg_balance_controller_reset
 .text.leg_balance_controller_update
                0x08008f16       0xfe ./user/controller/leg_balance_controller.o
                0x08008f16                leg_balance_controller_update
 .text.float_to_uint
                0x08009014       0x88 ./user/devices/dm_motor/dm_motor.o
 .text.uint_to_float
                0x0800909c       0x5a ./user/devices/dm_motor/dm_motor.o
 .text.dm_motor_init
                0x080090f6       0x8a ./user/devices/dm_motor/dm_motor.o
                0x080090f6                dm_motor_init
 .text.dm_motor_enable
                0x08009180       0x34 ./user/devices/dm_motor/dm_motor.o
                0x08009180                dm_motor_enable
 .text.dm_motor_disable
                0x080091b4       0x34 ./user/devices/dm_motor/dm_motor.o
                0x080091b4                dm_motor_disable
 .text.dm_motor_send_mit
                0x080091e8      0x12c ./user/devices/dm_motor/dm_motor.o
                0x080091e8                dm_motor_send_mit
 .text.dm_motor_decode
                0x08009314      0x12c ./user/devices/dm_motor/dm_motor.o
 .text.dm_rx_dispatch
                0x08009440       0xb0 ./user/devices/dm_motor/dm_motor.o
 .text.bsp_can2_rx_callback
                0x080094f0       0x28 ./user/devices/dm_motor/dm_motor.o
                0x080094f0                bsp_can2_rx_callback
 .text.dm_motor_is_online
                0x08009518       0x36 ./user/devices/dm_motor/dm_motor.o
                0x08009518                dm_motor_is_online
 *fill*         0x0800954e        0x2 
 .text.uart_send
                0x08009550       0x24 ./user/devices/feetech/feetech_servo.o
 .text.uart_recv
                0x08009574       0x30 ./user/devices/feetech/feetech_servo.o
 .text.uart_flush
                0x080095a4       0x28 ./user/devices/feetech/feetech_servo.o
 .text.send_write
                0x080095cc      0x13c ./user/devices/feetech/feetech_servo.o
 .text.feetech_servo_init
                0x08009708       0x20 ./user/devices/feetech/feetech_servo.o
                0x08009708                feetech_servo_init
 .text.feetech_servo_enable
                0x08009728       0x24 ./user/devices/feetech/feetech_servo.o
                0x08009728                feetech_servo_enable
 .text.feetech_servo_disable
                0x0800974c       0x24 ./user/devices/feetech/feetech_servo.o
                0x0800974c                feetech_servo_disable
 .text.feetech_servo_set_pos
                0x08009770       0x5c ./user/devices/feetech/feetech_servo.o
                0x08009770                feetech_servo_set_pos
 .text.feetech_servo_sync_set_pos
                0x080097cc      0x26e ./user/devices/feetech/feetech_servo.o
                0x080097cc                feetech_servo_sync_set_pos
 *fill*         0x08009a3a        0x2 
 .text.feetech_servo_update
                0x08009a3c      0x180 ./user/devices/feetech/feetech_servo.o
                0x08009a3c                feetech_servo_update
 .text.uint_to_float
                0x08009bbc       0x50 ./user/devices/imu/dm_imu.o
 .text.imu_send_cmd
                0x08009c0c       0x9c ./user/devices/imu/dm_imu.o
 .text.imu_decode_accel
                0x08009ca8       0xb4 ./user/devices/imu/dm_imu.o
 .text.imu_decode_gyro
                0x08009d5c       0xb4 ./user/devices/imu/dm_imu.o
 .text.imu_decode_euler
                0x08009e10       0xd0 ./user/devices/imu/dm_imu.o
 .text.bsp_can1_rx_callback
                0x08009ee0       0xd0 ./user/devices/imu/dm_imu.o
                0x08009ee0                bsp_can1_rx_callback
 .text.imu_init
                0x08009fb0       0x7c ./user/devices/imu/dm_imu.o
                0x08009fb0                imu_init
 .text.imu_activate
                0x0800a02c       0x12 ./user/devices/imu/dm_imu.o
                0x0800a02c                imu_activate
 .text.imu_request_data
                0x0800a03e       0x26 ./user/devices/imu/dm_imu.o
                0x0800a03e                imu_request_data
 .text.imu_is_online
                0x0800a064       0x38 ./user/devices/imu/dm_imu.o
                0x0800a064                imu_is_online
 .text.remote_crc16_modbus_update
                0x0800a09c       0x5c ./user/devices/remote/remote_esp32.o
 .text.remote_frame_crc
                0x0800a0f8       0x88 ./user/devices/remote/remote_esp32.o
 .text.remote_read_i16_le
                0x0800a180       0x30 ./user/devices/remote/remote_esp32.o
 .text.remote_accept_frame
                0x0800a1b0       0x78 ./user/devices/remote/remote_esp32.o
 .text.remote_reset_parser
                0x0800a228       0x4c ./user/devices/remote/remote_esp32.o
 .text.remote_start_dma_rx
                0x0800a274       0x50 ./user/devices/remote/remote_esp32.o
 .text.remote_esp32_init
                0x0800a2c4       0x58 ./user/devices/remote/remote_esp32.o
                0x0800a2c4                remote_esp32_init
 .text.remote_esp32_background
                0x0800a31c       0x2c ./user/devices/remote/remote_esp32.o
                0x0800a31c                remote_esp32_background
 .text.remote_esp32_rx_byte
                0x0800a348      0x158 ./user/devices/remote/remote_esp32.o
                0x0800a348                remote_esp32_rx_byte
 .text.remote_esp32_rx_bytes
                0x0800a4a0       0x38 ./user/devices/remote/remote_esp32.o
 .text.remote_esp32_is_online
                0x0800a4d8       0x38 ./user/devices/remote/remote_esp32.o
                0x0800a4d8                remote_esp32_is_online
 .text.HAL_UARTEx_RxEventCallback
                0x0800a510       0x4c ./user/devices/remote/remote_esp32.o
                0x0800a510                HAL_UARTEx_RxEventCallback
 .text.HAL_UART_ErrorCallback
                0x0800a55c       0x40 ./user/devices/remote/remote_esp32.o
                0x0800a55c                HAL_UART_ErrorCallback
 .text.memset   0x0800a59c       0x10 D:/ES/STM32CubeIDE_1.19.0/STM32CubeIDE/plugins/com.st.stm32cube.ide.mcu.externaltools.gnu-tools-for-stm32.13.3.rel1.win32_1.0.0.202411081344/tools/bin/../lib/gcc/arm-none-eabi/13.3.1/../../../../arm-none-eabi/lib/thumb/v7e-m+fp/hard\libc_nano.a(libc_a-memset.o)
                0x0800a59c                memset
 .text.__errno  0x0800a5ac        0xc D:/ES/STM32CubeIDE_1.19.0/STM32CubeIDE/plugins/com.st.stm32cube.ide.mcu.externaltools.gnu-tools-for-stm32.13.3.rel1.win32_1.0.0.202411081344/tools/bin/../lib/gcc/arm-none-eabi/13.3.1/../../../../arm-none-eabi/lib/thumb/v7e-m+fp/hard\libc_nano.a(libc_a-errno.o)
                0x0800a5ac                __errno
 .text.__libc_init_array
                0x0800a5b8       0x48 D:/ES/STM32CubeIDE_1.19.0/STM32CubeIDE/plugins/com.st.stm32cube.ide.mcu.externaltools.gnu-tools-for-stm32.13.3.rel1.win32_1.0.0.202411081344/tools/bin/../lib/gcc/arm-none-eabi/13.3.1/../../../../arm-none-eabi/lib/thumb/v7e-m+fp/hard\libc_nano.a(libc_a-init.o)
                0x0800a5b8                __libc_init_array
 .text.atan2f   0x0800a600        0x4 D:/ES/STM32CubeIDE_1.19.0/STM32CubeIDE/plugins/com.st.stm32cube.ide.mcu.externaltools.gnu-tools-for-stm32.13.3.rel1.win32_1.0.0.202411081344/tools/bin/../lib/gcc/arm-none-eabi/13.3.1/../../../../arm-none-eabi/lib/thumb/v7e-m+fp/hard\libm.a(libm_a-wf_atan2.o)
                0x0800a600                atan2f
 .text.sqrtf    0x0800a604       0x3c D:/ES/STM32CubeIDE_1.19.0/STM32CubeIDE/plugins/com.st.stm32cube.ide.mcu.externaltools.gnu-tools-for-stm32.13.3.rel1.win32_1.0.0.202411081344/tools/bin/../lib/gcc/arm-none-eabi/13.3.1/../../../../arm-none-eabi/lib/thumb/v7e-m+fp/hard\libm.a(libm_a-wf_sqrt.o)
                0x0800a604                sqrtf
 .text.cosf     0x0800a640       0x88 D:/ES/STM32CubeIDE_1.19.0/STM32CubeIDE/plugins/com.st.stm32cube.ide.mcu.externaltools.gnu-tools-for-stm32.13.3.rel1.win32_1.0.0.202411081344/tools/bin/../lib/gcc/arm-none-eabi/13.3.1/../../../../arm-none-eabi/lib/thumb/v7e-m+fp/hard\libm.a(libm_a-sf_cos.o)
                0x0800a640                cosf
 .text.sinf     0x0800a6c8       0x8c D:/ES/STM32CubeIDE_1.19.0/STM32CubeIDE/plugins/com.st.stm32cube.ide.mcu.externaltools.gnu-tools-for-stm32.13.3.rel1.win32_1.0.0.202411081344/tools/bin/../lib/gcc/arm-none-eabi/13.3.1/../../../../arm-none-eabi/lib/thumb/v7e-m+fp/hard\libm.a(libm_a-sf_sin.o)
                0x0800a6c8                sinf
 .text.fmaxf    0x0800a754       0x3a D:/ES/STM32CubeIDE_1.19.0/STM32CubeIDE/plugins/com.st.stm32cube.ide.mcu.externaltools.gnu-tools-for-stm32.13.3.rel1.win32_1.0.0.202411081344/tools/bin/../lib/gcc/arm-none-eabi/13.3.1/../../../../arm-none-eabi/lib/thumb/v7e-m+fp/hard\libm.a(libm_a-sf_fmax.o)
                0x0800a754                fmaxf
 *fill*         0x0800a78e        0x2 
 .text.__fpclassifyf
                0x0800a790       0x38 D:/ES/STM32CubeIDE_1.19.0/STM32CubeIDE/plugins/com.st.stm32cube.ide.mcu.externaltools.gnu-tools-for-stm32.13.3.rel1.win32_1.0.0.202411081344/tools/bin/../lib/gcc/arm-none-eabi/13.3.1/../../../../arm-none-eabi/lib/thumb/v7e-m+fp/hard\libm.a(libm_a-sf_fpclassify.o)
                0x0800a790                __fpclassifyf
 .text.__ieee754_sqrtf
                0x0800a7c8        0x6 D:/ES/STM32CubeIDE_1.19.0/STM32CubeIDE/plugins/com.st.stm32cube.ide.mcu.externaltools.gnu-tools-for-stm32.13.3.rel1.win32_1.0.0.202411081344/tools/bin/../lib/gcc/arm-none-eabi/13.3.1/../../../../arm-none-eabi/lib/thumb/v7e-m+fp/hard\libm.a(libm_a-ef_sqrt.o)
                0x0800a7c8                __ieee754_sqrtf
 *fill*         0x0800a7ce        0x2 
 .text.__kernel_cosf
                0x0800a7d0       0xb0 D:/ES/STM32CubeIDE_1.19.0/STM32CubeIDE/plugins/com.st.stm32cube.ide.mcu.externaltools.gnu-tools-for-stm32.13.3.rel1.win32_1.0.0.202411081344/tools/bin/../lib/gcc/arm-none-eabi/13.3.1/../../../../arm-none-eabi/lib/thumb/v7e-m+fp/hard\libm.a(libm_a-kf_cos.o)
                0x0800a7d0                __kernel_cosf
 .text.__kernel_sinf
                0x0800a880       0x90 D:/ES/STM32CubeIDE_1.19.0/STM32CubeIDE/plugins/com.st.stm32cube.ide.mcu.externaltools.gnu-tools-for-stm32.13.3.rel1.win32_1.0.0.202411081344/tools/bin/../lib/gcc/arm-none-eabi/13.3.1/../../../../arm-none-eabi/lib/thumb/v7e-m+fp/hard\libm.a(libm_a-kf_sin.o)
                0x0800a880                __kernel_sinf
 .text.__ieee754_atan2f
                0x0800a910      0x140 D:/ES/STM32CubeIDE_1.19.0/STM32CubeIDE/plugins/com.st.stm32cube.ide.mcu.externaltools.gnu-tools-for-stm32.13.3.rel1.win32_1.0.0.202411081344/tools/bin/../lib/gcc/arm-none-eabi/13.3.1/../../../../arm-none-eabi/lib/thumb/v7e-m+fp/hard\libm.a(libm_a-ef_atan2.o)
                0x0800a910                __ieee754_atan2f
 .text.__ieee754_rem_pio2f
                0x0800aa50      0x260 D:/ES/STM32CubeIDE_1.19.0/STM32CubeIDE/plugins/com.st.stm32cube.ide.mcu.externaltools.gnu-tools-for-stm32.13.3.rel1.win32_1.0.0.202411081344/tools/bin/../lib/gcc/arm-none-eabi/13.3.1/../../../../arm-none-eabi/lib/thumb/v7e-m+fp/hard\libm.a(libm_a-ef_rem_pio2.o)
                0x0800aa50                __ieee754_rem_pio2f
 .text.atanf    0x0800acb0      0x1a8 D:/ES/STM32CubeIDE_1.19.0/STM32CubeIDE/plugins/com.st.stm32cube.ide.mcu.externaltools.gnu-tools-for-stm32.13.3.rel1.win32_1.0.0.202411081344/tools/bin/../lib/gcc/arm-none-eabi/13.3.1/../../../../arm-none-eabi/lib/thumb/v7e-m+fp/hard\libm.a(libm_a-sf_atan.o)
                0x0800acb0                atanf
 .text.fabsf    0x0800ae58        0xe D:/ES/STM32CubeIDE_1.19.0/STM32CubeIDE/plugins/com.st.stm32cube.ide.mcu.externaltools.gnu-tools-for-stm32.13.3.rel1.win32_1.0.0.202411081344/tools/bin/../lib/gcc/arm-none-eabi/13.3.1/../../../../arm-none-eabi/lib/thumb/v7e-m+fp/hard\libm.a(libm_a-sf_fabs.o)
                0x0800ae58                fabsf
 *fill*         0x0800ae66        0x2 
 .text.__kernel_rem_pio2f
                0x0800ae68      0x4d0 D:/ES/STM32CubeIDE_1.19.0/STM32CubeIDE/plugins/com.st.stm32cube.ide.mcu.externaltools.gnu-tools-for-stm32.13.3.rel1.win32_1.0.0.202411081344/tools/bin/../lib/gcc/arm-none-eabi/13.3.1/../../../../arm-none-eabi/lib/thumb/v7e-m+fp/hard\libm.a(libm_a-kf_rem_pio2.o)
                0x0800ae68                __kernel_rem_pio2f
 .text.scalbnf  0x0800b338       0xcc D:/ES/STM32CubeIDE_1.19.0/STM32CubeIDE/plugins/com.st.stm32cube.ide.mcu.externaltools.gnu-tools-for-stm32.13.3.rel1.win32_1.0.0.202411081344/tools/bin/../lib/gcc/arm-none-eabi/13.3.1/../../../../arm-none-eabi/lib/thumb/v7e-m+fp/hard\libm.a(libm_a-sf_scalbn.o)
                0x0800b338                scalbnf
 .text.floorf   0x0800b404       0x88 D:/ES/STM32CubeIDE_1.19.0/STM32CubeIDE/plugins/com.st.stm32cube.ide.mcu.externaltools.gnu-tools-for-stm32.13.3.rel1.win32_1.0.0.202411081344/tools/bin/../lib/gcc/arm-none-eabi/13.3.1/../../../../arm-none-eabi/lib/thumb/v7e-m+fp/hard\libm.a(libm_a-sf_floor.o)
                0x0800b404                floorf
 *(.glue_7)
 .glue_7        0x0800b48c        0x0 linker stubs
 *(.glue_7t)
 .glue_7t       0x0800b48c        0x0 linker stubs
 *(.eh_frame)
 .eh_frame      0x0800b48c        0x0 D:/ES/STM32CubeIDE_1.19.0/STM32CubeIDE/plugins/com.st.stm32cube.ide.mcu.externaltools.gnu-tools-for-stm32.13.3.rel1.win32_1.0.0.202411081344/tools/bin/../lib/gcc/arm-none-eabi/13.3.1/thumb/v7e-m+fp/hard/crtbegin.o
 *(.init)
 .init          0x0800b48c        0x4 D:/ES/STM32CubeIDE_1.19.0/STM32CubeIDE/plugins/com.st.stm32cube.ide.mcu.externaltools.gnu-tools-for-stm32.13.3.rel1.win32_1.0.0.202411081344/tools/bin/../lib/gcc/arm-none-eabi/13.3.1/thumb/v7e-m+fp/hard/crti.o
                0x0800b48c                _init
 .init          0x0800b490        0x8 D:/ES/STM32CubeIDE_1.19.0/STM32CubeIDE/plugins/com.st.stm32cube.ide.mcu.externaltools.gnu-tools-for-stm32.13.3.rel1.win32_1.0.0.202411081344/tools/bin/../lib/gcc/arm-none-eabi/13.3.1/thumb/v7e-m+fp/hard/crtn.o
 *(.fini)
 .fini          0x0800b498        0x4 D:/ES/STM32CubeIDE_1.19.0/STM32CubeIDE/plugins/com.st.stm32cube.ide.mcu.externaltools.gnu-tools-for-stm32.13.3.rel1.win32_1.0.0.202411081344/tools/bin/../lib/gcc/arm-none-eabi/13.3.1/thumb/v7e-m+fp/hard/crti.o
                0x0800b498                _fini
 .fini          0x0800b49c        0x8 D:/ES/STM32CubeIDE_1.19.0/STM32CubeIDE/plugins/com.st.stm32cube.ide.mcu.externaltools.gnu-tools-for-stm32.13.3.rel1.win32_1.0.0.202411081344/tools/bin/../lib/gcc/arm-none-eabi/13.3.1/thumb/v7e-m+fp/hard/crtn.o
                0x0800b4a4                        . = ALIGN (0x4)
                0x0800b4a4                        _etext = .

.vfp11_veneer   0x0800b4a4        0x0
 .vfp11_veneer  0x0800b4a4        0x0 linker stubs

.v4_bx          0x0800b4a4        0x0
 .v4_bx         0x0800b4a4        0x0 linker stubs

.iplt           0x0800b4a4        0x0
 .iplt          0x0800b4a4        0x0 D:/ES/STM32CubeIDE_1.19.0/STM32CubeIDE/plugins/com.st.stm32cube.ide.mcu.externaltools.gnu-tools-for-stm32.13.3.rel1.win32_1.0.0.202411081344/tools/bin/../lib/gcc/arm-none-eabi/13.3.1/thumb/v7e-m+fp/hard/crtbegin.o

.rodata         0x0800b4a4      0x440
                0x0800b4a4                        . = ALIGN (0x4)
 *(.rodata)
 .rodata        0x0800b4a4       0x18 ./user/devices/dm_motor/dm_motor.o
 *(.rodata*)
 .rodata.AHBPrescTable
                0x0800b4bc       0x10 ./Core/Src/system_stm32f4xx.o
                0x0800b4bc                AHBPrescTable
 .rodata.APBPrescTable
                0x0800b4cc        0x8 ./Core/Src/system_stm32f4xx.o
                0x0800b4cc                APBPrescTable
 .rodata.flagBitshiftOffset.0
                0x0800b4d4        0x8 ./Drivers/STM32F4xx_HAL_Driver/Src/stm32f4xx_hal_dma.o
 .rodata.CSWTCH.9
                0x0800b4dc        0xc D:/ES/STM32CubeIDE_1.19.0/STM32CubeIDE/plugins/com.st.stm32cube.ide.mcu.externaltools.gnu-tools-for-stm32.13.3.rel1.win32_1.0.0.202411081344/tools/bin/../lib/gcc/arm-none-eabi/13.3.1/../../../../arm-none-eabi/lib/thumb/v7e-m+fp/hard\libm.a(libm_a-ef_atan2.o)
 .rodata.CSWTCH.8
                0x0800b4e8        0xc D:/ES/STM32CubeIDE_1.19.0/STM32CubeIDE/plugins/com.st.stm32cube.ide.mcu.externaltools.gnu-tools-for-stm32.13.3.rel1.win32_1.0.0.202411081344/tools/bin/../lib/gcc/arm-none-eabi/13.3.1/../../../../arm-none-eabi/lib/thumb/v7e-m+fp/hard\libm.a(libm_a-ef_atan2.o)
 .rodata.npio2_hw
                0x0800b4f4       0x80 D:/ES/STM32CubeIDE_1.19.0/STM32CubeIDE/plugins/com.st.stm32cube.ide.mcu.externaltools.gnu-tools-for-stm32.13.3.rel1.win32_1.0.0.202411081344/tools/bin/../lib/gcc/arm-none-eabi/13.3.1/../../../../arm-none-eabi/lib/thumb/v7e-m+fp/hard\libm.a(libm_a-ef_rem_pio2.o)
 .rodata.two_over_pi
                0x0800b574      0x318 D:/ES/STM32CubeIDE_1.19.0/STM32CubeIDE/plugins/com.st.stm32cube.ide.mcu.externaltools.gnu-tools-for-stm32.13.3.rel1.win32_1.0.0.202411081344/tools/bin/../lib/gcc/arm-none-eabi/13.3.1/../../../../arm-none-eabi/lib/thumb/v7e-m+fp/hard\libm.a(libm_a-ef_rem_pio2.o)
 .rodata.atanlo
                0x0800b88c       0x10 D:/ES/STM32CubeIDE_1.19.0/STM32CubeIDE/plugins/com.st.stm32cube.ide.mcu.externaltools.gnu-tools-for-stm32.13.3.rel1.win32_1.0.0.202411081344/tools/bin/../lib/gcc/arm-none-eabi/13.3.1/../../../../arm-none-eabi/lib/thumb/v7e-m+fp/hard\libm.a(libm_a-sf_atan.o)
 .rodata.atanhi
                0x0800b89c       0x10 D:/ES/STM32CubeIDE_1.19.0/STM32CubeIDE/plugins/com.st.stm32cube.ide.mcu.externaltools.gnu-tools-for-stm32.13.3.rel1.win32_1.0.0.202411081344/tools/bin/../lib/gcc/arm-none-eabi/13.3.1/../../../../arm-none-eabi/lib/thumb/v7e-m+fp/hard\libm.a(libm_a-sf_atan.o)
 .rodata.PIo2   0x0800b8ac       0x2c D:/ES/STM32CubeIDE_1.19.0/STM32CubeIDE/plugins/com.st.stm32cube.ide.mcu.externaltools.gnu-tools-for-stm32.13.3.rel1.win32_1.0.0.202411081344/tools/bin/../lib/gcc/arm-none-eabi/13.3.1/../../../../arm-none-eabi/lib/thumb/v7e-m+fp/hard\libm.a(libm_a-kf_rem_pio2.o)
 .rodata.init_jk
                0x0800b8d8        0xc D:/ES/STM32CubeIDE_1.19.0/STM32CubeIDE/plugins/com.st.stm32cube.ide.mcu.externaltools.gnu-tools-for-stm32.13.3.rel1.win32_1.0.0.202411081344/tools/bin/../lib/gcc/arm-none-eabi/13.3.1/../../../../arm-none-eabi/lib/thumb/v7e-m+fp/hard\libm.a(libm_a-kf_rem_pio2.o)
                0x0800b8e4                        . = ALIGN (0x4)

.ARM.extab      0x0800b8e4        0x0
                0x0800b8e4                        . = ALIGN (0x4)
 *(.ARM.extab* .gnu.linkonce.armextab.*)
                0x0800b8e4                        . = ALIGN (0x4)

.ARM            0x0800b8e4        0x8
                0x0800b8e4                        . = ALIGN (0x4)
                0x0800b8e4                        __exidx_start = .
 *(.ARM.exidx*)
 .ARM.exidx     0x0800b8e4        0x8 D:/ES/STM32CubeIDE_1.19.0/STM32CubeIDE/plugins/com.st.stm32cube.ide.mcu.externaltools.gnu-tools-for-stm32.13.3.rel1.win32_1.0.0.202411081344/tools/bin/../lib/gcc/arm-none-eabi/13.3.1/thumb/v7e-m+fp/hard\libgcc.a(_udivmoddi4.o)
                0x0800b8ec                        __exidx_end = .
                0x0800b8ec                        . = ALIGN (0x4)

.preinit_array  0x0800b8ec        0x0
                0x0800b8ec                        . = ALIGN (0x4)
                0x0800b8ec                        PROVIDE (__preinit_array_start = .)
 *(.preinit_array*)
                0x0800b8ec                        PROVIDE (__preinit_array_end = .)
                0x0800b8ec                        . = ALIGN (0x4)

.init_array     0x0800b8ec        0x4
                0x0800b8ec                        . = ALIGN (0x4)
                0x0800b8ec                        PROVIDE (__init_array_start = .)
 *(SORT_BY_NAME(.init_array.*))
 *(.init_array*)
 .init_array    0x0800b8ec        0x4 D:/ES/STM32CubeIDE_1.19.0/STM32CubeIDE/plugins/com.st.stm32cube.ide.mcu.externaltools.gnu-tools-for-stm32.13.3.rel1.win32_1.0.0.202411081344/tools/bin/../lib/gcc/arm-none-eabi/13.3.1/thumb/v7e-m+fp/hard/crtbegin.o
                0x0800b8f0                        PROVIDE (__init_array_end = .)
                0x0800b8f0                        . = ALIGN (0x4)

.fini_array     0x0800b8f0        0x4
                0x0800b8f0                        . = ALIGN (0x4)
                [!provide]                        PROVIDE (__fini_array_start = .)
 *(SORT_BY_NAME(.fini_array.*))
 *(.fini_array*)
 .fini_array    0x0800b8f0        0x4 D:/ES/STM32CubeIDE_1.19.0/STM32CubeIDE/plugins/com.st.stm32cube.ide.mcu.externaltools.gnu-tools-for-stm32.13.3.rel1.win32_1.0.0.202411081344/tools/bin/../lib/gcc/arm-none-eabi/13.3.1/thumb/v7e-m+fp/hard/crtbegin.o
                [!provide]                        PROVIDE (__fini_array_end = .)
                0x0800b8f4                        . = ALIGN (0x4)
                0x0800b8f4                        _sidata = LOADADDR (.data)

.rel.dyn        0x0800b8f4        0x0
 .rel.iplt      0x0800b8f4        0x0 D:/ES/STM32CubeIDE_1.19.0/STM32CubeIDE/plugins/com.st.stm32cube.ide.mcu.externaltools.gnu-tools-for-stm32.13.3.rel1.win32_1.0.0.202411081344/tools/bin/../lib/gcc/arm-none-eabi/13.3.1/thumb/v7e-m+fp/hard/crtbegin.o

.data           0x20000000       0x5c load address 0x0800b8f4
                0x20000000                        . = ALIGN (0x4)
                0x20000000                        _sdata = .
 *(.data)
 *(.data*)
 .data.SystemCoreClock
                0x20000000        0x4 ./Core/Src/system_stm32f4xx.o
                0x20000000                SystemCoreClock
 .data.uwTickPrio
                0x20000004        0x4 ./Drivers/STM32F4xx_HAL_Driver/Src/stm32f4xx_hal.o
                0x20000004                uwTickPrio
 .data.uwTickFreq
                0x20000008        0x1 ./Drivers/STM32F4xx_HAL_Driver/Src/stm32f4xx_hal.o
                0x20000008                uwTickFreq
 *fill*         0x20000009        0x1 
 .data.g_imu_can_id
                0x2000000a        0x2 ./user/devices/imu/dm_imu.o
                0x2000000a                g_imu_can_id
 .data._impure_ptr
                0x2000000c        0x4 D:/ES/STM32CubeIDE_1.19.0/STM32CubeIDE/plugins/com.st.stm32cube.ide.mcu.externaltools.gnu-tools-for-stm32.13.3.rel1.win32_1.0.0.202411081344/tools/bin/../lib/gcc/arm-none-eabi/13.3.1/../../../../arm-none-eabi/lib/thumb/v7e-m+fp/hard\libc_nano.a(libc_a-impure.o)
                0x2000000c                _impure_ptr
 .data._impure_data
                0x20000010       0x4c D:/ES/STM32CubeIDE_1.19.0/STM32CubeIDE/plugins/com.st.stm32cube.ide.mcu.externaltools.gnu-tools-for-stm32.13.3.rel1.win32_1.0.0.202411081344/tools/bin/../lib/gcc/arm-none-eabi/13.3.1/../../../../arm-none-eabi/lib/thumb/v7e-m+fp/hard\libc_nano.a(libc_a-impure.o)
                0x20000010                _impure_data
 *(.RamFunc)
 *(.RamFunc*)
                0x2000005c                        . = ALIGN (0x4)
                0x2000005c                        _edata = .
                0x0800b950                        _siccmram = LOADADDR (.ccmram)

.igot.plt       0x2000005c        0x0 load address 0x0800b950
 .igot.plt      0x2000005c        0x0 D:/ES/STM32CubeIDE_1.19.0/STM32CubeIDE/plugins/com.st.stm32cube.ide.mcu.externaltools.gnu-tools-for-stm32.13.3.rel1.win32_1.0.0.202411081344/tools/bin/../lib/gcc/arm-none-eabi/13.3.1/thumb/v7e-m+fp/hard/crtbegin.o

.ccmram         0x10000000        0x0 load address 0x0800b950
                0x10000000                        . = ALIGN (0x4)
                0x10000000                        _sccmram = .
 *(.ccmram)
 *(.ccmram*)
                0x10000000                        . = ALIGN (0x4)
                0x10000000                        _eccmram = .
                0x10000000                        . = ALIGN (0x4)

.bss            0x2000005c     0x1fd0
                0x2000005c                        _sbss = .
                0x2000005c                        __bss_start__ = _sbss
 *(.bss)
 .bss           0x2000005c       0x1c D:/ES/STM32CubeIDE_1.19.0/STM32CubeIDE/plugins/com.st.stm32cube.ide.mcu.externaltools.gnu-tools-for-stm32.13.3.rel1.win32_1.0.0.202411081344/tools/bin/../lib/gcc/arm-none-eabi/13.3.1/thumb/v7e-m+fp/hard/crtbegin.o
 *(.bss*)
 .bss.hcan1     0x20000078       0x28 ./Core/Src/can.o
                0x20000078                hcan1
 .bss.hcan2     0x200000a0       0x28 ./Core/Src/can.o
                0x200000a0                hcan2
 .bss.HAL_RCC_CAN1_CLK_ENABLED
                0x200000c8        0x4 ./Core/Src/can.o
 .bss.htim6     0x200000cc       0x48 ./Core/Src/tim.o
                0x200000cc                htim6
 .bss.hdma_tim6_up
                0x20000114       0x60 ./Core/Src/tim.o
                0x20000114                hdma_tim6_up
 .bss.huart1    0x20000174       0x48 ./Core/Src/usart.o
                0x20000174                huart1
 .bss.huart2    0x200001bc       0x48 ./Core/Src/usart.o
                0x200001bc                huart2
 .bss.hdma_usart1_tx
                0x20000204       0x60 ./Core/Src/usart.o
                0x20000204                hdma_usart1_tx
 .bss.hdma_usart1_rx
                0x20000264       0x60 ./Core/Src/usart.o
                0x20000264                hdma_usart1_rx
 .bss.uwTick    0x200002c4        0x4 ./Drivers/STM32F4xx_HAL_Driver/Src/stm32f4xx_hal.o
                0x200002c4                uwTick
 .bss.g_dm_motors
                0x200002c8       0xd0 ./user/app/app.o
                0x200002c8                g_dm_motors
 .bss.g_app_status
                0x20000398        0xc ./user/app/app.o
                0x20000398                g_app_status
 .bss.g_app_cmd
                0x200003a4       0x64 ./user/app/app.o
                0x200003a4                g_app_cmd
 .bss.g_app_obs
                0x20000408      0x110 ./user/app/app.o
                0x20000408                g_app_obs
 .bss.s_imu_request_ms
                0x20000518        0x4 ./user/app/app.o
 .bss.s_imu_activate_ms
                0x2000051c        0x4 ./user/app/app.o
 .bss.s_imu_online_since_ms
                0x20000520        0x4 ./user/app/app.o
 .bss.s_startup_safe_ms
                0x20000524        0x4 ./user/app/app.o
 .bss.s_startup_disable_ms
                0x20000528        0x4 ./user/app/app.o
 .bss.s_joint_enable_retry_start_ms
                0x2000052c        0x4 ./user/app/app.o
 .bss.s_joint_enable_retry_ms
                0x20000530        0x4 ./user/app/app.o
 .bss.s_ft_pose_refresh_start_ms
                0x20000534        0x4 ./user/app/app.o
 .bss.s_ft_pose_refresh_ms
                0x20000538        0x4 ./user/app/app.o
 .bss.s_joint_hold_divider
                0x2000053c        0x1 ./user/app/app.o
 *fill*         0x2000053d        0x3 
 .bss.s_body_pitch_zero
                0x20000540        0x4 ./user/app/app.o
 .bss.s_body_roll_zero
                0x20000544        0x4 ./user/app/app.o
 .bss.s_body_yaw_zero
                0x20000548        0x4 ./user/app/app.o
 .bss.s_body_zeroed
                0x2000054c        0x1 ./user/app/app.o
 *fill*         0x2000054d        0x3 
 .bss.s_balance_ctrl
                0x20000550       0x3c ./user/app/app.o
 .bss.s_leg_balance_ctrl
                0x2000058c       0x18 ./user/app/app.o
 .bss.s_wheel_send_divider
                0x200005a4        0x1 ./user/app/app.o
 .bss.s_wheel_enable_frames
                0x200005a5        0x1 ./user/app/app.o
 .bss.s_wheel_zero_divider
                0x200005a6        0x1 ./user/app/app.o
 *fill*         0x200005a7        0x1 
 .bss.s_wheel_zero_ticks
                0x200005a8        0x2 ./user/app/app.o
 .bss.s_leg_assist_divider
                0x200005aa        0x1 ./user/app/app.o
 .bss.s_leg_assist_active
                0x200005ab        0x1 ./user/app/app.o
 .bss.s_leg_assist_left_base_rad
                0x200005ac        0x4 ./user/app/app.o
 .bss.s_leg_assist_right_base_rad
                0x200005b0        0x4 ./user/app/app.o
 .bss.s_leg_assist_left_base_kp
                0x200005b4        0x4 ./user/app/app.o
 .bss.s_leg_assist_left_base_kd
                0x200005b8        0x4 ./user/app/app.o
 .bss.s_leg_assist_right_base_kp
                0x200005bc        0x4 ./user/app/app.o
 .bss.s_leg_assist_right_base_kd
                0x200005c0        0x4 ./user/app/app.o
 .bss.s_tune_stage
                0x200005c4        0x1 ./user/app/app.o
 *fill*         0x200005c5        0x3 
 .bss.s_tune_stage_ms
                0x200005c8        0x4 ./user/app/app.o
 .bss.g_balance_dbg_pitch_raw
                0x200005cc        0x4 ./user/app/app.o
                0x200005cc                g_balance_dbg_pitch_raw
 .bss.g_balance_dbg_pitch_pred
                0x200005d0        0x4 ./user/app/app.o
                0x200005d0                g_balance_dbg_pitch_pred
 .bss.g_balance_dbg_pitch_rate
                0x200005d4        0x4 ./user/app/app.o
                0x200005d4                g_balance_dbg_pitch_rate
 .bss.g_balance_dbg_pitch_age_s
                0x200005d8        0x4 ./user/app/app.o
                0x200005d8                g_balance_dbg_pitch_age_s
 .bss.g_balance_dbg_wheel_vel
                0x200005dc        0x4 ./user/app/app.o
                0x200005dc                g_balance_dbg_wheel_vel
 .bss.g_balance_dbg_torque
                0x200005e0        0x4 ./user/app/app.o
                0x200005e0                g_balance_dbg_torque
 .bss.g_balance_dbg_ticks
                0x200005e4        0x4 ./user/app/app.o
                0x200005e4                g_balance_dbg_ticks
 .bss.g_balance_dbg_log
                0x200005e8     0x1800 ./user/app/app.o
                0x200005e8                g_balance_dbg_log
 .bss.g_balance_dbg_log_idx
                0x20001de8        0x2 ./user/app/app.o
                0x20001de8                g_balance_dbg_log_idx
 .bss.s_balance_dbg_log_divider
                0x20001dea        0x1 ./user/app/app.o
 *fill*         0x20001deb        0x1 
 .bss.s_debug_initial_pose_solve
                0x20001dec        0x4 ./user/app/app.o
 .bss.s_debug_initial_pose_apply
                0x20001df0        0x4 ./user/app/app.o
 .bss.s_debug_balance_start
                0x20001df4        0x4 ./user/app/app.o
 .bss.s_debug_balance_leg_assist_start
                0x20001df8        0x4 ./user/app/app.o
 .bss.s_debug_balance_stop
                0x20001dfc        0x4 ./user/app/app.o
 .bss.s_debug_leg_hold_stop
                0x20001e00        0x4 ./user/app/app.o
 .bss.g_app_remote_cmd
                0x20001e04        0xc ./user/app/app_remote.o
                0x20001e04                g_app_remote_cmd
 .bss.g_dm_rx_count
                0x20001e10        0x4 ./user/devices/dm_motor/dm_motor.o
                0x20001e10                g_dm_rx_count
 .bss.g_dm_rx_last_id
                0x20001e14        0x4 ./user/devices/dm_motor/dm_motor.o
                0x20001e14                g_dm_rx_last_id
 .bss.g_dm_rx_last_len
                0x20001e18        0x1 ./user/devices/dm_motor/dm_motor.o
                0x20001e18                g_dm_rx_last_len
 *fill*         0x20001e19        0x3 
 .bss.g_ft_servos
                0x20001e1c       0x14 ./user/devices/feetech/feetech_servo.o
                0x20001e1c                g_ft_servos
 .bss.g_imu     0x20001e30       0x50 ./user/devices/imu/dm_imu.o
                0x20001e30                g_imu
 .bss.g_remote_esp32
                0x20001e80       0x18 ./user/devices/remote/remote_esp32.o
                0x20001e80                g_remote_esp32
 .bss.s_remote_huart
                0x20001e98        0x4 ./user/devices/remote/remote_esp32.o
 .bss.s_remote_rx_dma_buf
                0x20001e9c       0x40 ./user/devices/remote/remote_esp32.o
 .bss.s_rx_state
                0x20001edc        0x1 ./user/devices/remote/remote_esp32.o
 .bss.s_rx_cmd  0x20001edd        0x1 ./user/devices/remote/remote_esp32.o
 .bss.s_rx_seq  0x20001ede        0x1 ./user/devices/remote/remote_esp32.o
 .bss.s_rx_len  0x20001edf        0x1 ./user/devices/remote/remote_esp32.o
 .bss.s_rx_payload
                0x20001ee0       0x10 ./user/devices/remote/remote_esp32.o
 .bss.s_rx_payload_idx
                0x20001ef0        0x1 ./user/devices/remote/remote_esp32.o
 .bss.s_rx_crc_lo
                0x20001ef1        0x1 ./user/devices/remote/remote_esp32.o
 *fill*         0x20001ef2        0x2 
 .bss.__sf      0x20001ef4      0x138 D:/ES/STM32CubeIDE_1.19.0/STM32CubeIDE/plugins/com.st.stm32cube.ide.mcu.externaltools.gnu-tools-for-stm32.13.3.rel1.win32_1.0.0.202411081344/tools/bin/../lib/gcc/arm-none-eabi/13.3.1/../../../../arm-none-eabi/lib/thumb/v7e-m+fp/hard\libc_nano.a(libc_a-findfp.o)
                0x20001ef4                __sf
 *(COMMON)
                0x2000202c                        . = ALIGN (0x4)
                0x2000202c                        _ebss = .
                0x2000202c                        __bss_end__ = _ebss

._user_heap_stack
                0x2000202c      0x604
                0x20002030                        . = ALIGN (0x8)
 *fill*         0x2000202c        0x4 
                [!provide]                        PROVIDE (end = .)
                0x20002030                        PROVIDE (_end = .)
                0x20002230                        . = (. + _Min_Heap_Size)
 *fill*         0x20002030      0x200 
                0x20002630                        . = (. + _Min_Stack_Size)
 *fill*         0x20002230      0x400 
                0x20002630                        . = ALIGN (0x8)

/DISCARD/
 libc.a(*)
 libm.a(*)
 libgcc.a(*)

.ARM.attributes
                0x00000000       0x30
 *(.ARM.attributes)
 .ARM.attributes
                0x00000000       0x22 D:/ES/STM32CubeIDE_1.19.0/STM32CubeIDE/plugins/com.st.stm32cube.ide.mcu.externaltools.gnu-tools-for-stm32.13.3.rel1.win32_1.0.0.202411081344/tools/bin/../lib/gcc/arm-none-eabi/13.3.1/thumb/v7e-m+fp/hard/crti.o
 .ARM.attributes
                0x00000022       0x34 D:/ES/STM32CubeIDE_1.19.0/STM32CubeIDE/plugins/com.st.stm32cube.ide.mcu.externaltools.gnu-tools-for-stm32.13.3.rel1.win32_1.0.0.202411081344/tools/bin/../lib/gcc/arm-none-eabi/13.3.1/thumb/v7e-m+fp/hard/crtbegin.o
 .ARM.attributes
                0x00000056       0x34 ./Core/Src/can.o
 .ARM.attributes
                0x0000008a       0x34 ./Core/Src/dma.o
 .ARM.attributes
                0x000000be       0x34 ./Core/Src/gpio.o
 .ARM.attributes
                0x000000f2       0x34 ./Core/Src/main.o
 .ARM.attributes
                0x00000126       0x34 ./Core/Src/stm32f4xx_hal_msp.o
 .ARM.attributes
                0x0000015a       0x34 ./Core/Src/stm32f4xx_it.o
 .ARM.attributes
                0x0000018e       0x34 ./Core/Src/system_stm32f4xx.o
 .ARM.attributes
                0x000001c2       0x34 ./Core/Src/tim.o
 .ARM.attributes
                0x000001f6       0x34 ./Core/Src/usart.o
 .ARM.attributes
                0x0000022a       0x21 ./Core/Startup/startup_stm32f407vetx.o
 .ARM.attributes
                0x0000024b       0x34 ./Drivers/STM32F4xx_HAL_Driver/Src/stm32f4xx_hal.o
 .ARM.attributes
                0x0000027f       0x34 ./Drivers/STM32F4xx_HAL_Driver/Src/stm32f4xx_hal_can.o
 .ARM.attributes
                0x000002b3       0x34 ./Drivers/STM32F4xx_HAL_Driver/Src/stm32f4xx_hal_cortex.o
 .ARM.attributes
                0x000002e7       0x34 ./Drivers/STM32F4xx_HAL_Driver/Src/stm32f4xx_hal_dma.o
 .ARM.attributes
                0x0000031b       0x34 ./Drivers/STM32F4xx_HAL_Driver/Src/stm32f4xx_hal_gpio.o
 .ARM.attributes
                0x0000034f       0x34 ./Drivers/STM32F4xx_HAL_Driver/Src/stm32f4xx_hal_rcc.o
 .ARM.attributes
                0x00000383       0x34 ./Drivers/STM32F4xx_HAL_Driver/Src/stm32f4xx_hal_tim.o
 .ARM.attributes
                0x000003b7       0x34 ./Drivers/STM32F4xx_HAL_Driver/Src/stm32f4xx_hal_tim_ex.o
 .ARM.attributes
                0x000003eb       0x34 ./Drivers/STM32F4xx_HAL_Driver/Src/stm32f4xx_hal_uart.o
 .ARM.attributes
                0x0000041f       0x34 ./user/algorithm/leg_kinematics/leg_kinematics.o
 .ARM.attributes
                0x00000453       0x34 ./user/app/app.o
 .ARM.attributes
                0x00000487       0x34 ./user/app/app_remote.o
 .ARM.attributes
                0x000004bb       0x34 ./user/bsp/bsp_can/bsp_can.o
 .ARM.attributes
                0x000004ef       0x34 ./user/controller/balance_controller.o
 .ARM.attributes
                0x00000523       0x34 ./user/controller/leg_balance_controller.o
 .ARM.attributes
                0x00000557       0x34 ./user/devices/dm_motor/dm_motor.o
 .ARM.attributes
                0x0000058b       0x34 ./user/devices/feetech/feetech_servo.o
 .ARM.attributes
                0x000005bf       0x34 ./user/devices/imu/dm_imu.o
 .ARM.attributes
                0x000005f3       0x34 ./user/devices/remote/remote_esp32.o
 .ARM.attributes
                0x00000627       0x34 D:/ES/STM32CubeIDE_1.19.0/STM32CubeIDE/plugins/com.st.stm32cube.ide.mcu.externaltools.gnu-tools-for-stm32.13.3.rel1.win32_1.0.0.202411081344/tools/bin/../lib/gcc/arm-none-eabi/13.3.1/../../../../arm-none-eabi/lib/thumb/v7e-m+fp/hard\libc_nano.a(libc_a-findfp.o)
 .ARM.attributes
                0x0000065b       0x34 D:/ES/STM32CubeIDE_1.19.0/STM32CubeIDE/plugins/com.st.stm32cube.ide.mcu.externaltools.gnu-tools-for-stm32.13.3.rel1.win32_1.0.0.202411081344/tools/bin/../lib/gcc/arm-none-eabi/13.3.1/../../../../arm-none-eabi/lib/thumb/v7e-m+fp/hard\libc_nano.a(libc_a-memset.o)
 .ARM.attributes
                0x0000068f       0x34 D:/ES/STM32CubeIDE_1.19.0/STM32CubeIDE/plugins/com.st.stm32cube.ide.mcu.externaltools.gnu-tools-for-stm32.13.3.rel1.win32_1.0.0.202411081344/tools/bin/../lib/gcc/arm-none-eabi/13.3.1/../../../../arm-none-eabi/lib/thumb/v7e-m+fp/hard\libc_nano.a(libc_a-impure.o)
 .ARM.attributes
                0x000006c3       0x34 D:/ES/STM32CubeIDE_1.19.0/STM32CubeIDE/plugins/com.st.stm32cube.ide.mcu.externaltools.gnu-tools-for-stm32.13.3.rel1.win32_1.0.0.202411081344/tools/bin/../lib/gcc/arm-none-eabi/13.3.1/../../../../arm-none-eabi/lib/thumb/v7e-m+fp/hard\libc_nano.a(libc_a-errno.o)
 .ARM.attributes
                0x000006f7       0x34 D:/ES/STM32CubeIDE_1.19.0/STM32CubeIDE/plugins/com.st.stm32cube.ide.mcu.externaltools.gnu-tools-for-stm32.13.3.rel1.win32_1.0.0.202411081344/tools/bin/../lib/gcc/arm-none-eabi/13.3.1/../../../../arm-none-eabi/lib/thumb/v7e-m+fp/hard\libc_nano.a(libc_a-init.o)
 .ARM.attributes
                0x0000072b       0x34 D:/ES/STM32CubeIDE_1.19.0/STM32CubeIDE/plugins/com.st.stm32cube.ide.mcu.externaltools.gnu-tools-for-stm32.13.3.rel1.win32_1.0.0.202411081344/tools/bin/../lib/gcc/arm-none-eabi/13.3.1/../../../../arm-none-eabi/lib/thumb/v7e-m+fp/hard\libm.a(libm_a-wf_atan2.o)
 .ARM.attributes
                0x0000075f       0x34 D:/ES/STM32CubeIDE_1.19.0/STM32CubeIDE/plugins/com.st.stm32cube.ide.mcu.externaltools.gnu-tools-for-stm32.13.3.rel1.win32_1.0.0.202411081344/tools/bin/../lib/gcc/arm-none-eabi/13.3.1/../../../../arm-none-eabi/lib/thumb/v7e-m+fp/hard\libm.a(libm_a-wf_sqrt.o)
 .ARM.attributes
                0x00000793       0x34 D:/ES/STM32CubeIDE_1.19.0/STM32CubeIDE/plugins/com.st.stm32cube.ide.mcu.externaltools.gnu-tools-for-stm32.13.3.rel1.win32_1.0.0.202411081344/tools/bin/../lib/gcc/arm-none-eabi/13.3.1/../../../../arm-none-eabi/lib/thumb/v7e-m+fp/hard\libm.a(libm_a-sf_cos.o)
 .ARM.attributes
                0x000007c7       0x34 D:/ES/STM32CubeIDE_1.19.0/STM32CubeIDE/plugins/com.st.stm32cube.ide.mcu.externaltools.gnu-tools-for-stm32.13.3.rel1.win32_1.0.0.202411081344/tools/bin/../lib/gcc/arm-none-eabi/13.3.1/../../../../arm-none-eabi/lib/thumb/v7e-m+fp/hard\libm.a(libm_a-sf_sin.o)
 .ARM.attributes
                0x000007fb       0x34 D:/ES/STM32CubeIDE_1.19.0/STM32CubeIDE/plugins/com.st.stm32cube.ide.mcu.externaltools.gnu-tools-for-stm32.13.3.rel1.win32_1.0.0.202411081344/tools/bin/../lib/gcc/arm-none-eabi/13.3.1/../../../../arm-none-eabi/lib/thumb/v7e-m+fp/hard\libm.a(libm_a-sf_fmax.o)
 .ARM.attributes
                0x0000082f       0x34 D:/ES/STM32CubeIDE_1.19.0/STM32CubeIDE/plugins/com.st.stm32cube.ide.mcu.externaltools.gnu-tools-for-stm32.13.3.rel1.win32_1.0.0.202411081344/tools/bin/../lib/gcc/arm-none-eabi/13.3.1/../../../../arm-none-eabi/lib/thumb/v7e-m+fp/hard\libm.a(libm_a-sf_fpclassify.o)
 .ARM.attributes
                0x00000863       0x34 D:/ES/STM32CubeIDE_1.19.0/STM32CubeIDE/plugins/com.st.stm32cube.ide.mcu.externaltools.gnu-tools-for-stm32.13.3.rel1.win32_1.0.0.202411081344/tools/bin/../lib/gcc/arm-none-eabi/13.3.1/../../../../arm-none-eabi/lib/thumb/v7e-m+fp/hard\libm.a(libm_a-ef_sqrt.o)
 .ARM.attributes
                0x00000897       0x34 D:/ES/STM32CubeIDE_1.19.0/STM32CubeIDE/plugins/com.st.stm32cube.ide.mcu.externaltools.gnu-tools-for-stm32.13.3.rel1.win32_1.0.0.202411081344/tools/bin/../lib/gcc/arm-none-eabi/13.3.1/../../../../arm-none-eabi/lib/thumb/v7e-m+fp/hard\libm.a(libm_a-kf_cos.o)
 .ARM.attributes
                0x000008cb       0x34 D:/ES/STM32CubeIDE_1.19.0/STM32CubeIDE/plugins/com.st.stm32cube.ide.mcu.externaltools.gnu-tools-for-stm32.13.3.rel1.win32_1.0.0.202411081344/tools/bin/../lib/gcc/arm-none-eabi/13.3.1/../../../../arm-none-eabi/lib/thumb/v7e-m+fp/hard\libm.a(libm_a-kf_sin.o)
 .ARM.attributes
                0x000008ff       0x34 D:/ES/STM32CubeIDE_1.19.0/STM32CubeIDE/plugins/com.st.stm32cube.ide.mcu.externaltools.gnu-tools-for-stm32.13.3.rel1.win32_1.0.0.202411081344/tools/bin/../lib/gcc/arm-none-eabi/13.3.1/../../../../arm-none-eabi/lib/thumb/v7e-m+fp/hard\libm.a(libm_a-ef_atan2.o)
 .ARM.attributes
                0x00000933       0x34 D:/ES/STM32CubeIDE_1.19.0/STM32CubeIDE/plugins/com.st.stm32cube.ide.mcu.externaltools.gnu-tools-for-stm32.13.3.rel1.win32_1.0.0.202411081344/tools/bin/../lib/gcc/arm-none-eabi/13.3.1/../../../../arm-none-eabi/lib/thumb/v7e-m+fp/hard\libm.a(libm_a-ef_rem_pio2.o)
 .ARM.attributes
                0x00000967       0x34 D:/ES/STM32CubeIDE_1.19.0/STM32CubeIDE/plugins/com.st.stm32cube.ide.mcu.externaltools.gnu-tools-for-stm32.13.3.rel1.win32_1.0.0.202411081344/tools/bin/../lib/gcc/arm-none-eabi/13.3.1/../../../../arm-none-eabi/lib/thumb/v7e-m+fp/hard\libm.a(libm_a-sf_atan.o)
 .ARM.attributes
                0x0000099b       0x34 D:/ES/STM32CubeIDE_1.19.0/STM32CubeIDE/plugins/com.st.stm32cube.ide.mcu.externaltools.gnu-tools-for-stm32.13.3.rel1.win32_1.0.0.202411081344/tools/bin/../lib/gcc/arm-none-eabi/13.3.1/../../../../arm-none-eabi/lib/thumb/v7e-m+fp/hard\libm.a(libm_a-sf_fabs.o)
 .ARM.attributes
                0x000009cf       0x34 D:/ES/STM32CubeIDE_1.19.0/STM32CubeIDE/plugins/com.st.stm32cube.ide.mcu.externaltools.gnu-tools-for-stm32.13.3.rel1.win32_1.0.0.202411081344/tools/bin/../lib/gcc/arm-none-eabi/13.3.1/../../../../arm-none-eabi/lib/thumb/v7e-m+fp/hard\libm.a(libm_a-kf_rem_pio2.o)
 .ARM.attributes
                0x00000a03       0x34 D:/ES/STM32CubeIDE_1.19.0/STM32CubeIDE/plugins/com.st.stm32cube.ide.mcu.externaltools.gnu-tools-for-stm32.13.3.rel1.win32_1.0.0.202411081344/tools/bin/../lib/gcc/arm-none-eabi/13.3.1/../../../../arm-none-eabi/lib/thumb/v7e-m+fp/hard\libm.a(libm_a-sf_scalbn.o)
 .ARM.attributes
                0x00000a37       0x34 D:/ES/STM32CubeIDE_1.19.0/STM32CubeIDE/plugins/com.st.stm32cube.ide.mcu.externaltools.gnu-tools-for-stm32.13.3.rel1.win32_1.0.0.202411081344/tools/bin/../lib/gcc/arm-none-eabi/13.3.1/../../../../arm-none-eabi/lib/thumb/v7e-m+fp/hard\libm.a(libm_a-sf_floor.o)
 .ARM.attributes
                0x00000a6b       0x22 D:/ES/STM32CubeIDE_1.19.0/STM32CubeIDE/plugins/com.st.stm32cube.ide.mcu.externaltools.gnu-tools-for-stm32.13.3.rel1.win32_1.0.0.202411081344/tools/bin/../lib/gcc/arm-none-eabi/13.3.1/thumb/v7e-m+fp/hard\libgcc.a(_aeabi_uldivmod.o)
 .ARM.attributes
                0x00000a8d       0x34 D:/ES/STM32CubeIDE_1.19.0/STM32CubeIDE/plugins/com.st.stm32cube.ide.mcu.externaltools.gnu-tools-for-stm32.13.3.rel1.win32_1.0.0.202411081344/tools/bin/../lib/gcc/arm-none-eabi/13.3.1/thumb/v7e-m+fp/hard\libgcc.a(_udivmoddi4.o)
 .ARM.attributes
                0x00000ac1       0x22 D:/ES/STM32CubeIDE_1.19.0/STM32CubeIDE/plugins/com.st.stm32cube.ide.mcu.externaltools.gnu-tools-for-stm32.13.3.rel1.win32_1.0.0.202411081344/tools/bin/../lib/gcc/arm-none-eabi/13.3.1/thumb/v7e-m+fp/hard\libgcc.a(_dvmd_tls.o)
 .ARM.attributes
                0x00000ae3       0x22 D:/ES/STM32CubeIDE_1.19.0/STM32CubeIDE/plugins/com.st.stm32cube.ide.mcu.externaltools.gnu-tools-for-stm32.13.3.rel1.win32_1.0.0.202411081344/tools/bin/../lib/gcc/arm-none-eabi/13.3.1/thumb/v7e-m+fp/hard/crtn.o
OUTPUT(wheel_leg.elf elf32-littlearm)
LOAD linker stubs
LOAD D:/ES/STM32CubeIDE_1.19.0/STM32CubeIDE/plugins/com.st.stm32cube.ide.mcu.externaltools.gnu-tools-for-stm32.13.3.rel1.win32_1.0.0.202411081344/tools/bin/../lib/gcc/arm-none-eabi/13.3.1/../../../../arm-none-eabi/lib/thumb/v7e-m+fp/hard\libc.a
LOAD D:/ES/STM32CubeIDE_1.19.0/STM32CubeIDE/plugins/com.st.stm32cube.ide.mcu.externaltools.gnu-tools-for-stm32.13.3.rel1.win32_1.0.0.202411081344/tools/bin/../lib/gcc/arm-none-eabi/13.3.1/../../../../arm-none-eabi/lib/thumb/v7e-m+fp/hard\libm.a
LOAD D:/ES/STM32CubeIDE_1.19.0/STM32CubeIDE/plugins/com.st.stm32cube.ide.mcu.externaltools.gnu-tools-for-stm32.13.3.rel1.win32_1.0.0.202411081344/tools/bin/../lib/gcc/arm-none-eabi/13.3.1/thumb/v7e-m+fp/hard\libgcc.a

.debug_info     0x00000000    0x16a79
 .debug_info    0x00000000      0xb40 ./Core/Src/can.o
 .debug_info    0x00000b40      0x4c6 ./Core/Src/dma.o
 .debug_info    0x00001006      0x284 ./Core/Src/gpio.o
 .debug_info    0x0000128a      0xd68 ./Core/Src/main.o
 .debug_info    0x00001ff2      0x269 ./Core/Src/stm32f4xx_hal_msp.o
 .debug_info    0x0000225b      0xdfe ./Core/Src/stm32f4xx_it.o
 .debug_info    0x00003059      0x512 ./Core/Src/system_stm32f4xx.o
 .debug_info    0x0000356b      0xbdd ./Core/Src/tim.o
 .debug_info    0x00004148      0xc30 ./Core/Src/usart.o
 .debug_info    0x00004d78       0x30 ./Core/Startup/startup_stm32f407vetx.o
 .debug_info    0x00004da8      0x944 ./Drivers/STM32F4xx_HAL_Driver/Src/stm32f4xx_hal.o
 .debug_info    0x000056ec      0xf49 ./Drivers/STM32F4xx_HAL_Driver/Src/stm32f4xx_hal_can.o
 .debug_info    0x00006635      0xd8c ./Drivers/STM32F4xx_HAL_Driver/Src/stm32f4xx_hal_cortex.o
 .debug_info    0x000073c1      0x8e7 ./Drivers/STM32F4xx_HAL_Driver/Src/stm32f4xx_hal_dma.o
 .debug_info    0x00007ca8      0x6c3 ./Drivers/STM32F4xx_HAL_Driver/Src/stm32f4xx_hal_gpio.o
 .debug_info    0x0000836b      0x8c3 ./Drivers/STM32F4xx_HAL_Driver/Src/stm32f4xx_hal_rcc.o
 .debug_info    0x00008c2e     0x299d ./Drivers/STM32F4xx_HAL_Driver/Src/stm32f4xx_hal_tim.o
 .debug_info    0x0000b5cb     0x14db ./Drivers/STM32F4xx_HAL_Driver/Src/stm32f4xx_hal_tim_ex.o
 .debug_info    0x0000caa6     0x2f4f ./Drivers/STM32F4xx_HAL_Driver/Src/stm32f4xx_hal_uart.o
 .debug_info    0x0000f9f5     0x11e0 ./user/algorithm/leg_kinematics/leg_kinematics.o
 .debug_info    0x00010bd5     0x25d0 ./user/app/app.o
 .debug_info    0x000131a5      0x25e ./user/app/app_remote.o
 .debug_info    0x00013403      0xac3 ./user/bsp/bsp_can/bsp_can.o
 .debug_info    0x00013ec6      0x415 ./user/controller/balance_controller.o
 .debug_info    0x000142db      0x21c ./user/controller/leg_balance_controller.o
 .debug_info    0x000144f7      0x9c2 ./user/devices/dm_motor/dm_motor.o
 .debug_info    0x00014eb9      0xa46 ./user/devices/feetech/feetech_servo.o
 .debug_info    0x000158ff      0x7ca ./user/devices/imu/dm_imu.o
 .debug_info    0x000160c9      0x9b0 ./user/devices/remote/remote_esp32.o

.debug_abbrev   0x00000000     0x3b58
 .debug_abbrev  0x00000000      0x225 ./Core/Src/can.o
 .debug_abbrev  0x00000225      0x11b ./Core/Src/dma.o
 .debug_abbrev  0x00000340       0xd8 ./Core/Src/gpio.o
 .debug_abbrev  0x00000418      0x23d ./Core/Src/main.o
 .debug_abbrev  0x00000655       0xd8 ./Core/Src/stm32f4xx_hal_msp.o
 .debug_abbrev  0x0000072d      0x1fa ./Core/Src/stm32f4xx_it.o
 .debug_abbrev  0x00000927      0x11a ./Core/Src/system_stm32f4xx.o
 .debug_abbrev  0x00000a41      0x20a ./Core/Src/tim.o
 .debug_abbrev  0x00000c4b      0x234 ./Core/Src/usart.o
 .debug_abbrev  0x00000e7f       0x24 ./Core/Startup/startup_stm32f407vetx.o
 .debug_abbrev  0x00000ea3      0x214 ./Drivers/STM32F4xx_HAL_Driver/Src/stm32f4xx_hal.o
 .debug_abbrev  0x000010b7      0x258 ./Drivers/STM32F4xx_HAL_Driver/Src/stm32f4xx_hal_can.o
 .debug_abbrev  0x0000130f      0x31d ./Drivers/STM32F4xx_HAL_Driver/Src/stm32f4xx_hal_cortex.o
 .debug_abbrev  0x0000162c      0x264 ./Drivers/STM32F4xx_HAL_Driver/Src/stm32f4xx_hal_dma.o
 .debug_abbrev  0x00001890      0x1d4 ./Drivers/STM32F4xx_HAL_Driver/Src/stm32f4xx_hal_gpio.o
 .debug_abbrev  0x00001a64      0x2b7 ./Drivers/STM32F4xx_HAL_Driver/Src/stm32f4xx_hal_rcc.o
 .debug_abbrev  0x00001d1b      0x278 ./Drivers/STM32F4xx_HAL_Driver/Src/stm32f4xx_hal_tim.o
 .debug_abbrev  0x00001f93      0x283 ./Drivers/STM32F4xx_HAL_Driver/Src/stm32f4xx_hal_tim_ex.o
 .debug_abbrev  0x00002216      0x30e ./Drivers/STM32F4xx_HAL_Driver/Src/stm32f4xx_hal_uart.o
 .debug_abbrev  0x00002524      0x263 ./user/algorithm/leg_kinematics/leg_kinematics.o
 .debug_abbrev  0x00002787      0x42d ./user/app/app.o
 .debug_abbrev  0x00002bb4      0x142 ./user/app/app_remote.o
 .debug_abbrev  0x00002cf6      0x22d ./user/bsp/bsp_can/bsp_can.o
 .debug_abbrev  0x00002f23      0x145 ./user/controller/balance_controller.o
 .debug_abbrev  0x00003068      0x136 ./user/controller/leg_balance_controller.o
 .debug_abbrev  0x0000319e      0x27b ./user/devices/dm_motor/dm_motor.o
 .debug_abbrev  0x00003419      0x255 ./user/devices/feetech/feetech_servo.o
 .debug_abbrev  0x0000366e      0x23a ./user/devices/imu/dm_imu.o
 .debug_abbrev  0x000038a8      0x2b0 ./user/devices/remote/remote_esp32.o

.debug_aranges  0x00000000     0x13a0
 .debug_aranges
                0x00000000       0x38 ./Core/Src/can.o
 .debug_aranges
                0x00000038       0x20 ./Core/Src/dma.o
 .debug_aranges
                0x00000058       0x20 ./Core/Src/gpio.o
 .debug_aranges
                0x00000078       0x30 ./Core/Src/main.o
 .debug_aranges
                0x000000a8       0x20 ./Core/Src/stm32f4xx_hal_msp.o
 .debug_aranges
                0x000000c8       0x98 ./Core/Src/stm32f4xx_it.o
 .debug_aranges
                0x00000160       0x28 ./Core/Src/system_stm32f4xx.o
 .debug_aranges
                0x00000188       0x30 ./Core/Src/tim.o
 .debug_aranges
                0x000001b8       0x38 ./Core/Src/usart.o
 .debug_aranges
                0x000001f0       0x28 ./Core/Startup/startup_stm32f407vetx.o
 .debug_aranges
                0x00000218       0xf0 ./Drivers/STM32F4xx_HAL_Driver/Src/stm32f4xx_hal.o
 .debug_aranges
                0x00000308      0x138 ./Drivers/STM32F4xx_HAL_Driver/Src/stm32f4xx_hal_can.o
 .debug_aranges
                0x00000440      0x130 ./Drivers/STM32F4xx_HAL_Driver/Src/stm32f4xx_hal_cortex.o
 .debug_aranges
                0x00000570       0x90 ./Drivers/STM32F4xx_HAL_Driver/Src/stm32f4xx_hal_dma.o
 .debug_aranges
                0x00000600       0x58 ./Drivers/STM32F4xx_HAL_Driver/Src/stm32f4xx_hal_gpio.o
 .debug_aranges
                0x00000658       0x88 ./Drivers/STM32F4xx_HAL_Driver/Src/stm32f4xx_hal_rcc.o
 .debug_aranges
                0x000006e0      0x3d0 ./Drivers/STM32F4xx_HAL_Driver/Src/stm32f4xx_hal_tim.o
 .debug_aranges
                0x00000ab0      0x168 ./Drivers/STM32F4xx_HAL_Driver/Src/stm32f4xx_hal_tim_ex.o
 .debug_aranges
                0x00000c18      0x208 ./Drivers/STM32F4xx_HAL_Driver/Src/stm32f4xx_hal_uart.o
 .debug_aranges
                0x00000e20      0x120 ./user/algorithm/leg_kinematics/leg_kinematics.o
 .debug_aranges
                0x00000f40      0x168 ./user/app/app.o
 .debug_aranges
                0x000010a8       0x40 ./user/app/app_remote.o
 .debug_aranges
                0x000010e8       0x48 ./user/bsp/bsp_can/bsp_can.o
 .debug_aranges
                0x00001130       0x68 ./user/controller/balance_controller.o
 .debug_aranges
                0x00001198       0x48 ./user/controller/leg_balance_controller.o
 .debug_aranges
                0x000011e0       0x70 ./user/devices/dm_motor/dm_motor.o
 .debug_aranges
                0x00001250       0x68 ./user/devices/feetech/feetech_servo.o
 .debug_aranges
                0x000012b8       0x68 ./user/devices/imu/dm_imu.o
 .debug_aranges
                0x00001320       0x80 ./user/devices/remote/remote_esp32.o

.debug_rnglists
                0x00000000      0xf36
 .debug_rnglists
                0x00000000       0x27 ./Core/Src/can.o
 .debug_rnglists
                0x00000027       0x13 ./Core/Src/dma.o
 .debug_rnglists
                0x0000003a       0x13 ./Core/Src/gpio.o
 .debug_rnglists
                0x0000004d       0x20 ./Core/Src/main.o
 .debug_rnglists
                0x0000006d       0x13 ./Core/Src/stm32f4xx_hal_msp.o
 .debug_rnglists
                0x00000080       0x6d ./Core/Src/stm32f4xx_it.o
 .debug_rnglists