Archive member included to satisfy reference by file (symbol)

D:/ES/STM32CubeCLT_1.21.0/GNU-tools-for-STM32/bin/../lib/gcc/arm-none-eabi/14.3.1/../../../../arm-none-eabi/lib/thumb/v7e-m+fp/hard\libc_nano.a(libc_a-exit.o)
                              D:/ES/STM32CubeCLT_1.21.0/GNU-tools-for-STM32/bin/../lib/gcc/arm-none-eabi/14.3.1/../../../../arm-none-eabi/lib/thumb/v7e-m+fp/hard/crt0.o (exit)
D:/ES/STM32CubeCLT_1.21.0/GNU-tools-for-STM32/bin/../lib/gcc/arm-none-eabi/14.3.1/../../../../arm-none-eabi/lib/thumb/v7e-m+fp/hard\libc_nano.a(libc_a-malloc.o)
                              ./user/algorithm/Kalman/kalman_filter.o (malloc)
D:/ES/STM32CubeCLT_1.21.0/GNU-tools-for-STM32/bin/../lib/gcc/arm-none-eabi/14.3.1/../../../../arm-none-eabi/lib/thumb/v7e-m+fp/hard\libc_nano.a(libc_a-mallocr.o)
                              D:/ES/STM32CubeCLT_1.21.0/GNU-tools-for-STM32/bin/../lib/gcc/arm-none-eabi/14.3.1/../../../../arm-none-eabi/lib/thumb/v7e-m+fp/hard\libc_nano.a(libc_a-malloc.o) (_malloc_r)
D:/ES/STM32CubeCLT_1.21.0/GNU-tools-for-STM32/bin/../lib/gcc/arm-none-eabi/14.3.1/../../../../arm-none-eabi/lib/thumb/v7e-m+fp/hard\libc_nano.a(libc_a-mlock.o)
                              D:/ES/STM32CubeCLT_1.21.0/GNU-tools-for-STM32/bin/../lib/gcc/arm-none-eabi/14.3.1/../../../../arm-none-eabi/lib/thumb/v7e-m+fp/hard\libc_nano.a(libc_a-mallocr.o) (__malloc_lock)
D:/ES/STM32CubeCLT_1.21.0/GNU-tools-for-STM32/bin/../lib/gcc/arm-none-eabi/14.3.1/../../../../arm-none-eabi/lib/thumb/v7e-m+fp/hard\libc_nano.a(libc_a-findfp.o)
                              D:/ES/STM32CubeCLT_1.21.0/GNU-tools-for-STM32/bin/../lib/gcc/arm-none-eabi/14.3.1/../../../../arm-none-eabi/lib/thumb/v7e-m+fp/hard\libc_nano.a(libc_a-exit.o) (__stdio_exit_handler)
D:/ES/STM32CubeCLT_1.21.0/GNU-tools-for-STM32/bin/../lib/gcc/arm-none-eabi/14.3.1/../../../../arm-none-eabi/lib/thumb/v7e-m+fp/hard\libc_nano.a(libc_a-fwalk.o)
                              D:/ES/STM32CubeCLT_1.21.0/GNU-tools-for-STM32/bin/../lib/gcc/arm-none-eabi/14.3.1/../../../../arm-none-eabi/lib/thumb/v7e-m+fp/hard\libc_nano.a(libc_a-findfp.o) (_fwalk_sglue)
D:/ES/STM32CubeCLT_1.21.0/GNU-tools-for-STM32/bin/../lib/gcc/arm-none-eabi/14.3.1/../../../../arm-none-eabi/lib/thumb/v7e-m+fp/hard\libc_nano.a(libc_a-stdio.o)
                              D:/ES/STM32CubeCLT_1.21.0/GNU-tools-for-STM32/bin/../lib/gcc/arm-none-eabi/14.3.1/../../../../arm-none-eabi/lib/thumb/v7e-m+fp/hard\libc_nano.a(libc_a-findfp.o) (__sread)
D:/ES/STM32CubeCLT_1.21.0/GNU-tools-for-STM32/bin/../lib/gcc/arm-none-eabi/14.3.1/../../../../arm-none-eabi/lib/thumb/v7e-m+fp/hard\libc_nano.a(libc_a-memset.o)
                              D:/ES/STM32CubeCLT_1.21.0/GNU-tools-for-STM32/bin/../lib/gcc/arm-none-eabi/14.3.1/../../../../arm-none-eabi/lib/thumb/v7e-m+fp/hard/crt0.o (memset)
D:/ES/STM32CubeCLT_1.21.0/GNU-tools-for-STM32/bin/../lib/gcc/arm-none-eabi/14.3.1/../../../../arm-none-eabi/lib/thumb/v7e-m+fp/hard\libc_nano.a(libc_a-closer.o)
                              D:/ES/STM32CubeCLT_1.21.0/GNU-tools-for-STM32/bin/../lib/gcc/arm-none-eabi/14.3.1/../../../../arm-none-eabi/lib/thumb/v7e-m+fp/hard\libc_nano.a(libc_a-stdio.o) (_close_r)
D:/ES/STM32CubeCLT_1.21.0/GNU-tools-for-STM32/bin/../lib/gcc/arm-none-eabi/14.3.1/../../../../arm-none-eabi/lib/thumb/v7e-m+fp/hard\libc_nano.a(libc_a-reent.o)
                              D:/ES/STM32CubeCLT_1.21.0/GNU-tools-for-STM32/bin/../lib/gcc/arm-none-eabi/14.3.1/../../../../arm-none-eabi/lib/thumb/v7e-m+fp/hard\libc_nano.a(libc_a-closer.o) (errno)
D:/ES/STM32CubeCLT_1.21.0/GNU-tools-for-STM32/bin/../lib/gcc/arm-none-eabi/14.3.1/../../../../arm-none-eabi/lib/thumb/v7e-m+fp/hard\libc_nano.a(libc_a-impure.o)
                              D:/ES/STM32CubeCLT_1.21.0/GNU-tools-for-STM32/bin/../lib/gcc/arm-none-eabi/14.3.1/../../../../arm-none-eabi/lib/thumb/v7e-m+fp/hard\libc_nano.a(libc_a-malloc.o) (_impure_ptr)
D:/ES/STM32CubeCLT_1.21.0/GNU-tools-for-STM32/bin/../lib/gcc/arm-none-eabi/14.3.1/../../../../arm-none-eabi/lib/thumb/v7e-m+fp/hard\libc_nano.a(libc_a-lseekr.o)
                              D:/ES/STM32CubeCLT_1.21.0/GNU-tools-for-STM32/bin/../lib/gcc/arm-none-eabi/14.3.1/../../../../arm-none-eabi/lib/thumb/v7e-m+fp/hard\libc_nano.a(libc_a-stdio.o) (_lseek_r)
D:/ES/STM32CubeCLT_1.21.0/GNU-tools-for-STM32/bin/../lib/gcc/arm-none-eabi/14.3.1/../../../../arm-none-eabi/lib/thumb/v7e-m+fp/hard\libc_nano.a(libc_a-readr.o)
                              D:/ES/STM32CubeCLT_1.21.0/GNU-tools-for-STM32/bin/../lib/gcc/arm-none-eabi/14.3.1/../../../../arm-none-eabi/lib/thumb/v7e-m+fp/hard\libc_nano.a(libc_a-stdio.o) (_read_r)
D:/ES/STM32CubeCLT_1.21.0/GNU-tools-for-STM32/bin/../lib/gcc/arm-none-eabi/14.3.1/../../../../arm-none-eabi/lib/thumb/v7e-m+fp/hard\libc_nano.a(libc_a-sbrkr.o)
                              D:/ES/STM32CubeCLT_1.21.0/GNU-tools-for-STM32/bin/../lib/gcc/arm-none-eabi/14.3.1/../../../../arm-none-eabi/lib/thumb/v7e-m+fp/hard\libc_nano.a(libc_a-mallocr.o) (_sbrk_r)
[...]
Memory Configuration

Name             Origin             Length             Attributes
CCMRAM           0x10000000         0x00010000         xrw
RAM              0x20000000         0x00020000         xrw
FLASH            0x08000000         0x00080000         xr
*default*        0x00000000         0xffffffff

Linker script and memory map

LOAD D:/ES/STM32CubeCLT_1.21.0/GNU-tools-for-STM32/bin/../lib/gcc/arm-none-eabi/14.3.1/thumb/v7e-m+fp/hard/crti.o
LOAD D:/ES/STM32CubeCLT_1.21.0/GNU-tools-for-STM32/bin/../lib/gcc/arm-none-eabi/14.3.1/thumb/v7e-m+fp/hard/crtbegin.o
LOAD D:/ES/STM32CubeCLT_1.21.0/GNU-tools-for-STM32/bin/../lib/gcc/arm-none-eabi/14.3.1/../../../../arm-none-eabi/lib/thumb/v7e-m+fp/hard/crt0.o
LOAD ./Core/Src/can.o
LOAD ./Core/Src/dma.o
LOAD ./Core/Src/gpio.o
LOAD ./Core/Src/main.o
LOAD ./Core/Src/stm32f4xx_hal_msp.o
LOAD ./Core/Src/stm32f4xx_it.o
LOAD ./Core/Src/syscalls.o
LOAD ./Core/Src/sysmem.o
LOAD ./Core/Src/system_stm32f4xx.o
LOAD ./Core/Src/tim.o
LOAD ./Core/Src/usart.o
LOAD ./Core/Startup/startup_stm32f407vetx.o
LOAD ./Drivers/STM32F4xx_HAL_Driver/Src/stm32f4xx_hal.o
LOAD ./Drivers/STM32F4xx_HAL_Driver/Src/stm32f4xx_hal_can.o
LOAD ./Drivers/STM32F4xx_HAL_Driver/Src/stm32f4xx_hal_cortex.o
LOAD ./Drivers/STM32F4xx_HAL_Driver/Src/stm32f4xx_hal_dma.o
LOAD ./Drivers/STM32F4xx_HAL_Driver/Src/stm32f4xx_hal_dma_ex.o
LOAD ./Drivers/STM32F4xx_HAL_Driver/Src/stm32f4xx_hal_exti.o
LOAD ./Drivers/STM32F4xx_HAL_Driver/Src/stm32f4xx_hal_flash.o
LOAD ./Drivers/STM32F4xx_HAL_Driver/Src/stm32f4xx_hal_flash_ex.o
LOAD ./Drivers/STM32F4xx_HAL_Driver/Src/stm32f4xx_hal_flash_ramfunc.o
LOAD ./Drivers/STM32F4xx_HAL_Driver/Src/stm32f4xx_hal_gpio.o
LOAD ./Drivers/STM32F4xx_HAL_Driver/Src/stm32f4xx_hal_pwr.o
LOAD ./Drivers/STM32F4xx_HAL_Driver/Src/stm32f4xx_hal_pwr_ex.o
LOAD ./Drivers/STM32F4xx_HAL_Driver/Src/stm32f4xx_hal_rcc.o
LOAD ./Drivers/STM32F4xx_HAL_Driver/Src/stm32f4xx_hal_rcc_ex.o
LOAD ./Drivers/STM32F4xx_HAL_Driver/Src/stm32f4xx_hal_tim.o
LOAD ./Drivers/STM32F4xx_HAL_Driver/Src/stm32f4xx_hal_tim_ex.o
LOAD ./Drivers/STM32F4xx_HAL_Driver/Src/stm32f4xx_hal_uart.o
LOAD ./user/algorithm/Kalman/kalman_filter.o
LOAD ./user/algorithm/PID/pid.o
LOAD ./user/algorithm/leg_kinematics/leg_kinematics.o
LOAD ./user/app/app.o
LOAD ./user/bsp/bsp_can/bsp_can.o
LOAD ./user/controller/balance_controller.o
LOAD ./user/controller/leg_balance_controller.o
LOAD ./user/devices/dm_motor/dm_motor.o
LOAD ./user/devices/feetech/feetech_servo.o
LOAD ./user/devices/imu/dm_imu.o
START GROUP
LOAD D:/ES/STM32CubeCLT_1.21.0/GNU-tools-for-STM32/bin/../lib/gcc/arm-none-eabi/14.3.1/../../../../arm-none-eabi/lib/thumb/v7e-m+fp/hard\libc_nano.a
LOAD D:/ES/STM32CubeCLT_1.21.0/GNU-tools-for-STM32/bin/../lib/gcc/arm-none-eabi/14.3.1/../../../../arm-none-eabi/lib/thumb/v7e-m+fp/hard\libm.a
END GROUP
START GROUP
LOAD D:/ES/STM32CubeCLT_1.21.0/GNU-tools-for-STM32/bin/../lib/gcc/arm-none-eabi/14.3.1/thumb/v7e-m+fp/hard\libgcc.a
LOAD D:/ES/STM32CubeCLT_1.21.0/GNU-tools-for-STM32/bin/../lib/gcc/arm-none-eabi/14.3.1/../../../../arm-none-eabi/lib/thumb/v7e-m+fp/hard\libc_nano.a
END GROUP
START GROUP
LOAD D:/ES/STM32CubeCLT_1.21.0/GNU-tools-for-STM32/bin/../lib/gcc/arm-none-eabi/14.3.1/thumb/v7e-m+fp/hard\libgcc.a
LOAD D:/ES/STM32CubeCLT_1.21.0/GNU-tools-for-STM32/bin/../lib/gcc/arm-none-eabi/14.3.1/../../../../arm-none-eabi/lib/thumb/v7e-m+fp/hard\libc_nano.a
LOAD D:/ES/STM32CubeCLT_1.21.0/GNU-tools-for-STM32/bin/../lib/gcc/arm-none-eabi/14.3.1/../../../../arm-none-eabi/lib/thumb/v7e-m+fp/hard\libnosys.a
END GROUP
START GROUP
LOAD D:/ES/STM32CubeCLT_1.21.0/GNU-tools-for-STM32/bin/../lib/gcc/arm-none-eabi/14.3.1/thumb/v7e-m+fp/hard\libgcc.a
LOAD D:/ES/STM32CubeCLT_1.21.0/GNU-tools-for-STM32/bin/../lib/gcc/arm-none-eabi/14.3.1/../../../../arm-none-eabi/lib/thumb/v7e-m+fp/hard\libc_nano.a
LOAD D:/ES/STM32CubeCLT_1.21.0/GNU-tools-for-STM32/bin/../lib/gcc/arm-none-eabi/14.3.1/../../../../arm-none-eabi/lib/thumb/v7e-m+fp/hard\libnosys.a
END GROUP
LOAD D:/ES/STM32CubeCLT_1.21.0/GNU-tools-for-STM32/bin/../lib/gcc/arm-none-eabi/14.3.1/thumb/v7e-m+fp/hard/crtend.o
LOAD D:/ES/STM32CubeCLT_1.21.0/GNU-tools-for-STM32/bin/../lib/gcc/arm-none-eabi/14.3.1/thumb/v7e-m+fp/hard/crtn.o
                0x20020000                        _estack = (ORIGIN (RAM) + LENGTH (RAM))
                0x00000200                        _Min_Heap_Size = 0x200
                0x00000400                        _Min_Stack_Size = 0x400

.isr_vector     0x08000000      0x188
                0x08000000                        . = ALIGN (0x4)
 *(.isr_vector)
 .isr_vector    0x08000000      0x188 ./Core/Startup/startup_stm32f407vetx.o
                0x08000000                g_pfnVectors
                0x08000188                        . = ALIGN (0x4)

.text           0x08000188     0xa8f0
                0x08000188                        . = ALIGN (0x4)
 *(.text)
 .text          0x08000188       0x40 D:/ES/STM32CubeCLT_1.21.0/GNU-tools-for-STM32/bin/../lib/gcc/arm-none-eabi/14.3.1/thumb/v7e-m+fp/hard/crtbegin.o
 .text          0x080001c8       0x30 D:/ES/STM32CubeCLT_1.21.0/GNU-tools-for-STM32/bin/../lib/gcc/arm-none-eabi/14.3.1/thumb/v7e-m+fp/hard\libgcc.a(_aeabi_uldivmod.o)
                0x080001c8                __aeabi_uldivmod
 .text          0x080001f8      0x2f8 D:/ES/STM32CubeCLT_1.21.0/GNU-tools-for-STM32/bin/../lib/gcc/arm-none-eabi/14.3.1/thumb/v7e-m+fp/hard\libgcc.a(_udivmoddi4.o)
                0x080001f8                __udivmoddi4
 .text          0x080004f0        0x4 D:/ES/STM32CubeCLT_1.21.0/GNU-tools-for-STM32/bin/../lib/gcc/arm-none-eabi/14.3.1/thumb/v7e-m+fp/hard\libgcc.a(_dvmd_tls.o)
                0x080004f0                __aeabi_idiv0
                0x080004f0                __aeabi_ldiv0
 *(.text*)
 .text.MX_CAN1_Init
                0x080004f4       0x6c ./Core/Src/can.o
                0x080004f4                MX_CAN1_Init
 .text.MX_CAN2_Init
                0x08000560       0x6c ./Core/Src/can.o
                0x08000560                MX_CAN2_Init
 .text.HAL_CAN_MspInit
                0x080005cc      0x154 ./Core/Src/can.o
                0x080005cc                HAL_CAN_MspInit
 .text.MX_DMA_Init
                0x08000720       0x50 ./Core/Src/dma.o
                0x08000720                MX_DMA_Init
 .text.MX_GPIO_Init
                0x08000770       0x6c ./Core/Src/gpio.o
                0x08000770                MX_GPIO_Init
 .text.main     0x080007dc       0x38 ./Core/Src/main.o
                0x080007dc                main
 .text.SystemClock_Config
                0x08000814       0xd4 ./Core/Src/main.o
                0x08000814                SystemClock_Config
 .text.Error_Handler
                0x080008e8        0xc ./Core/Src/main.o
                0x080008e8                Error_Handler
 .text.HAL_MspInit
                0x080008f4       0x50 ./Core/Src/stm32f4xx_hal_msp.o
                0x080008f4                HAL_MspInit
 .text.NMI_Handler
                0x08000944        0x8 ./Core/Src/stm32f4xx_it.o
                0x08000944                NMI_Handler
 .text.HardFault_Handler
                0x0800094c        0x8 ./Core/Src/stm32f4xx_it.o
                0x0800094c                HardFault_Handler
 .text.MemManage_Handler
                0x08000954        0x8 ./Core/Src/stm32f4xx_it.o
                0x08000954                MemManage_Handler
 .text.BusFault_Handler
                0x0800095c        0x8 ./Core/Src/stm32f4xx_it.o
                0x0800095c                BusFault_Handler
 .text.UsageFault_Handler
                0x08000964        0x8 ./Core/Src/stm32f4xx_it.o
                0x08000964                UsageFault_Handler
 .text.SVC_Handler
                0x0800096c        0xe ./Core/Src/stm32f4xx_it.o
                0x0800096c                SVC_Handler
 .text.DebugMon_Handler
                0x0800097a        0xe ./Core/Src/stm32f4xx_it.o
                0x0800097a                DebugMon_Handler
 .text.PendSV_Handler
                0x08000988        0xe ./Core/Src/stm32f4xx_it.o
                0x08000988                PendSV_Handler
 .text.SysTick_Handler
                0x08000996        0xc ./Core/Src/stm32f4xx_it.o
                0x08000996                SysTick_Handler
 *fill*         0x080009a2        0x2 
 .text.CAN1_RX0_IRQHandler
                0x080009a4       0x14 ./Core/Src/stm32f4xx_it.o
                0x080009a4                CAN1_RX0_IRQHandler
 .text.CAN2_RX0_IRQHandler
                0x080009b8       0x14 ./Core/Src/stm32f4xx_it.o
                0x080009b8                CAN2_RX0_IRQHandler
 .text.USART1_IRQHandler
                0x080009cc       0x14 ./Core/Src/stm32f4xx_it.o
                0x080009cc                USART1_IRQHandler
 .text.TIM6_DAC_IRQHandler
                0x080009e0       0x14 ./Core/Src/stm32f4xx_it.o
                0x080009e0                TIM6_DAC_IRQHandler
 .text.DMA2_Stream2_IRQHandler
                0x080009f4       0x14 ./Core/Src/stm32f4xx_it.o
                0x080009f4                DMA2_Stream2_IRQHandler
 .text.DMA2_Stream7_IRQHandler
                0x08000a08       0x14 ./Core/Src/stm32f4xx_it.o
                0x08000a08                DMA2_Stream7_IRQHandler
 .text.SystemInit
                0x08000a1c       0x24 ./Core/Src/system_stm32f4xx.o
                0x08000a1c                SystemInit
 .text.MX_TIM6_Init
                0x08000a40       0x6c ./Core/Src/tim.o
                0x08000a40                MX_TIM6_Init
 .text.HAL_TIM_Base_MspInit
                0x08000aac       0x50 ./Core/Src/tim.o
                0x08000aac                HAL_TIM_Base_MspInit
 .text.MX_USART2_UART_Init
                0x08000afc       0x54 ./Core/Src/usart.o
                0x08000afc                MX_USART2_UART_Init
 .text.HAL_UART_MspInit
                0x08000b50      0x1d4 ./Core/Src/usart.o
                0x08000b50                HAL_UART_MspInit
 .text.Reset_Handler
                0x08000d24       0x50 ./Core/Startup/startup_stm32f407vetx.o
                0x08000d24                Reset_Handler
 .text.Default_Handler
                0x08000d74        0x2 ./Core/Startup/startup_stm32f407vetx.o
                0x08000d74                RTC_Alarm_IRQHandler
                0x08000d74                HASH_RNG_IRQHandler
                0x08000d74                EXTI2_IRQHandler
                0x08000d74                TIM8_CC_IRQHandler
                0x08000d74                TIM1_CC_IRQHandler
                0x08000d74                DMA2_Stream5_IRQHandler
                0x08000d74                DMA1_Stream5_IRQHandler
                0x08000d74                PVD_IRQHandler
                0x08000d74                SDIO_IRQHandler
                0x08000d74                TAMP_STAMP_IRQHandler
                0x08000d74                CAN2_RX1_IRQHandler
                0x08000d74                EXTI3_IRQHandler
                0x08000d74                TIM8_TRG_COM_TIM14_IRQHandler
                0x08000d74                TIM1_UP_TIM10_IRQHandler
                0x08000d74                TIM8_UP_TIM13_IRQHandler
                0x08000d74                I2C3_ER_IRQHandler
                0x08000d74                EXTI0_IRQHandler
                0x08000d74                I2C2_EV_IRQHandler
                0x08000d74                DMA1_Stream2_IRQHandler
                0x08000d74                FPU_IRQHandler
                0x08000d74                OTG_HS_WKUP_IRQHandler
                0x08000d74                CAN2_SCE_IRQHandler
                0x08000d74                SPI1_IRQHandler
                0x08000d74                TIM1_BRK_TIM9_IRQHandler
                0x08000d74                DCMI_IRQHandler
                0x08000d74                DMA2_Stream3_IRQHandler
                0x08000d74                USART6_IRQHandler
                0x08000d74                USART3_IRQHandler
                0x08000d74                CAN1_RX1_IRQHandler
                0x08000d74                UART5_IRQHandler
                0x08000d74                DMA2_Stream0_IRQHandler
                0x08000d74                TIM4_IRQHandler
                0x08000d74                I2C1_EV_IRQHandler
                0x08000d74                DMA1_Stream6_IRQHandler
                0x08000d74                DMA1_Stream1_IRQHandler
                0x08000d74                UART4_IRQHandler
                0x08000d74                TIM3_IRQHandler
                0x08000d74                RCC_IRQHandler
                0x08000d74                TIM8_BRK_TIM12_IRQHandler
                0x08000d74                Default_Handler
                0x08000d74                EXTI15_10_IRQHandler
                0x08000d74                ADC_IRQHandler
                0x08000d74                DMA1_Stream7_IRQHandler
                0x08000d74                TIM7_IRQHandler
                0x08000d74                CAN2_TX_IRQHandler
                0x08000d74                TIM5_IRQHandler
                0x08000d74                I2C3_EV_IRQHandler
                0x08000d74                EXTI9_5_IRQHandler
                0x08000d74                RTC_WKUP_IRQHandler
                0x08000d74                ETH_WKUP_IRQHandler
                0x08000d74                SPI2_IRQHandler
                0x08000d74                OTG_HS_EP1_IN_IRQHandler
                0x08000d74                DMA1_Stream0_IRQHandler
                0x08000d74                CAN1_TX_IRQHandler
                0x08000d74                EXTI4_IRQHandler
                0x08000d74                FSMC_IRQHandler
                0x08000d74                ETH_IRQHandler
                0x08000d74                OTG_HS_EP1_OUT_IRQHandler
                0x08000d74                WWDG_IRQHandler
                0x08000d74                TIM2_IRQHandler
                0x08000d74                OTG_FS_WKUP_IRQHandler
                0x08000d74                TIM1_TRG_COM_TIM11_IRQHandler
                0x08000d74                OTG_HS_IRQHandler
                0x08000d74                EXTI1_IRQHandler
                0x08000d74                USART2_IRQHandler
                0x08000d74                I2C2_ER_IRQHandler
                0x08000d74                DMA2_Stream1_IRQHandler
                0x08000d74                CAN1_SCE_IRQHandler
                0x08000d74                FLASH_IRQHandler
                0x08000d74                DMA2_Stream4_IRQHandler
                0x08000d74                OTG_FS_IRQHandler
                0x08000d74                SPI3_IRQHandler
                0x08000d74                DMA1_Stream4_IRQHandler
                0x08000d74                I2C1_ER_IRQHandler
                0x08000d74                DMA2_Stream6_IRQHandler
                0x08000d74                DMA1_Stream3_IRQHandler
 *fill*         0x08000d76        0x2 
 .text.HAL_Init
                0x08000d78       0x44 ./Drivers/STM32F4xx_HAL_Driver/Src/stm32f4xx_hal.o
                0x08000d78                HAL_Init
 .text.HAL_InitTick
                0x08000dbc       0x60 ./Drivers/STM32F4xx_HAL_Driver/Src/stm32f4xx_hal.o
                0x08000dbc                HAL_InitTick
 .text.HAL_IncTick
                0x08000e1c       0x28 ./Drivers/STM32F4xx_HAL_Driver/Src/stm32f4xx_hal.o
                0x08000e1c                HAL_IncTick
 .text.HAL_GetTick
                0x08000e44       0x18 ./Drivers/STM32F4xx_HAL_Driver/Src/stm32f4xx_hal.o
                0x08000e44                HAL_GetTick
 .text.HAL_CAN_Init
                0x08000e5c      0x1f6 ./Drivers/STM32F4xx_HAL_Driver/Src/stm32f4xx_hal_can.o
                0x08000e5c                HAL_CAN_Init
 *fill*         0x08001052        0x2 
 .text.HAL_CAN_ConfigFilter
                0x08001054      0x1bc ./Drivers/STM32F4xx_HAL_Driver/Src/stm32f4xx_hal_can.o
                0x08001054                HAL_CAN_ConfigFilter
 .text.HAL_CAN_Start
                0x08001210       0x88 ./Drivers/STM32F4xx_HAL_Driver/Src/stm32f4xx_hal_can.o
                0x08001210                HAL_CAN_Start
 .text.HAL_CAN_AddTxMessage
                0x08001298      0x1a0 ./Drivers/STM32F4xx_HAL_Driver/Src/stm32f4xx_hal_can.o
                0x08001298                HAL_CAN_AddTxMessage
 .text.HAL_CAN_GetRxMessage
                0x08001438      0x244 ./Drivers/STM32F4xx_HAL_Driver/Src/stm32f4xx_hal_can.o
                0x08001438                HAL_CAN_GetRxMessage
 .text.HAL_CAN_ActivateNotification
                0x0800167c       0x4c ./Drivers/STM32F4xx_HAL_Driver/Src/stm32f4xx_hal_can.o
                0x0800167c                HAL_CAN_ActivateNotification
 .text.HAL_CAN_IRQHandler
                0x080016c8      0x36e ./Drivers/STM32F4xx_HAL_Driver/Src/stm32f4xx_hal_can.o
                0x080016c8                HAL_CAN_IRQHandler
 .text.HAL_CAN_TxMailbox0CompleteCallback
                0x08001a36       0x14 ./Drivers/STM32F4xx_HAL_Driver/Src/stm32f4xx_hal_can.o
                0x08001a36                HAL_CAN_TxMailbox0CompleteCallback
 .text.HAL_CAN_TxMailbox1CompleteCallback
                0x08001a4a       0x14 ./Drivers/STM32F4xx_HAL_Driver/Src/stm32f4xx_hal_can.o
                0x08001a4a                HAL_CAN_TxMailbox1CompleteCallback
 .text.HAL_CAN_TxMailbox2CompleteCallback
                0x08001a5e       0x14 ./Drivers/STM32F4xx_HAL_Driver/Src/stm32f4xx_hal_can.o
                0x08001a5e                HAL_CAN_TxMailbox2CompleteCallback
 .text.HAL_CAN_TxMailbox0AbortCallback
                0x08001a72       0x14 ./Drivers/STM32F4xx_HAL_Driver/Src/stm32f4xx_hal_can.o
                0x08001a72                HAL_CAN_TxMailbox0AbortCallback
 .text.HAL_CAN_TxMailbox1AbortCallback
                0x08001a86       0x14 ./Drivers/STM32F4xx_HAL_Driver/Src/stm32f4xx_hal_can.o
                0x08001a86                HAL_CAN_TxMailbox1AbortCallback
 .text.HAL_CAN_TxMailbox2AbortCallback
                0x08001a9a       0x14 ./Drivers/STM32F4xx_HAL_Driver/Src/stm32f4xx_hal_can.o
                0x08001a9a                HAL_CAN_TxMailbox2AbortCallback
 .text.HAL_CAN_RxFifo0FullCallback
                0x08001aae       0x14 ./Drivers/STM32F4xx_HAL_Driver/Src/stm32f4xx_hal_can.o
                0x08001aae                HAL_CAN_RxFifo0FullCallback
 .text.HAL_CAN_RxFifo1MsgPendingCallback
                0x08001ac2       0x14 ./Drivers/STM32F4xx_HAL_Driver/Src/stm32f4xx_hal_can.o
                0x08001ac2                HAL_CAN_RxFifo1MsgPendingCallback
 .text.HAL_CAN_RxFifo1FullCallback
                0x08001ad6       0x14 ./Drivers/STM32F4xx_HAL_Driver/Src/stm32f4xx_hal_can.o
                0x08001ad6                HAL_CAN_RxFifo1FullCallback
 .text.HAL_CAN_SleepCallback
                0x08001aea       0x14 ./Drivers/STM32F4xx_HAL_Driver/Src/stm32f4xx_hal_can.o
                0x08001aea                HAL_CAN_SleepCallback
 .text.HAL_CAN_WakeUpFromRxMsgCallback
                0x08001afe       0x14 ./Drivers/STM32F4xx_HAL_Driver/Src/stm32f4xx_hal_can.o
                0x08001afe                HAL_CAN_WakeUpFromRxMsgCallback
 .text.HAL_CAN_ErrorCallback
                0x08001b12       0x14 ./Drivers/STM32F4xx_HAL_Driver/Src/stm32f4xx_hal_can.o
                0x08001b12                HAL_CAN_ErrorCallback
 *fill*         0x08001b26        0x2 
 .text.__NVIC_SetPriorityGrouping
                0x08001b28       0x48 ./Drivers/STM32F4xx_HAL_Driver/Src/stm32f4xx_hal_cortex.o
 .text.__NVIC_GetPriorityGrouping
                0x08001b70       0x1c ./Drivers/STM32F4xx_HAL_Driver/Src/stm32f4xx_hal_cortex.o
 .text.__NVIC_EnableIRQ
                0x08001b8c       0x3c ./Drivers/STM32F4xx_HAL_Driver/Src/stm32f4xx_hal_cortex.o
 .text.__NVIC_SetPriority
                0x08001bc8       0x54 ./Drivers/STM32F4xx_HAL_Driver/Src/stm32f4xx_hal_cortex.o
 .text.NVIC_EncodePriority
                0x08001c1c       0x66 ./Drivers/STM32F4xx_HAL_Driver/Src/stm32f4xx_hal_cortex.o
 *fill*         0x08001c82        0x2 
 .text.SysTick_Config
                0x08001c84       0x44 ./Drivers/STM32F4xx_HAL_Driver/Src/stm32f4xx_hal_cortex.o
 .text.HAL_NVIC_SetPriorityGrouping
                0x08001cc8       0x16 ./Drivers/STM32F4xx_HAL_Driver/Src/stm32f4xx_hal_cortex.o
                0x08001cc8                HAL_NVIC_SetPriorityGrouping
 .text.HAL_NVIC_SetPriority
                0x08001cde       0x38 ./Drivers/STM32F4xx_HAL_Driver/Src/stm32f4xx_hal_cortex.o
                0x08001cde                HAL_NVIC_SetPriority
 .text.HAL_NVIC_EnableIRQ
                0x08001d16       0x1c ./Drivers/STM32F4xx_HAL_Driver/Src/stm32f4xx_hal_cortex.o
                0x08001d16                HAL_NVIC_EnableIRQ
 .text.HAL_SYSTICK_Config
                0x08001d32       0x18 ./Drivers/STM32F4xx_HAL_Driver/Src/stm32f4xx_hal_cortex.o
                0x08001d32                HAL_SYSTICK_Config
 *fill*         0x08001d4a        0x2 
 .text.HAL_DMA_Init
                0x08001d4c      0x15c ./Drivers/STM32F4xx_HAL_Driver/Src/stm32f4xx_hal_dma.o
                0x08001d4c                HAL_DMA_Init
 .text.HAL_DMA_Abort
                0x08001ea8       0xe0 ./Drivers/STM32F4xx_HAL_Driver/Src/stm32f4xx_hal_dma.o
                0x08001ea8                HAL_DMA_Abort
 .text.HAL_DMA_Abort_IT
                0x08001f88       0x44 ./Drivers/STM32F4xx_HAL_Driver/Src/stm32f4xx_hal_dma.o
                0x08001f88                HAL_DMA_Abort_IT
 .text.HAL_DMA_IRQHandler
                0x08001fcc      0x314 ./Drivers/STM32F4xx_HAL_Driver/Src/stm32f4xx_hal_dma.o
                0x08001fcc                HAL_DMA_IRQHandler
 .text.DMA_CalcBaseAndBitshift
                0x080022e0       0x6c ./Drivers/STM32F4xx_HAL_Driver/Src/stm32f4xx_hal_dma.o
 .text.DMA_CheckFifoParam
                0x0800234c       0xf8 ./Drivers/STM32F4xx_HAL_Driver/Src/stm32f4xx_hal_dma.o
 .text.HAL_GPIO_Init
                0x08002444      0x338 ./Drivers/STM32F4xx_HAL_Driver/Src/stm32f4xx_hal_gpio.o
                0x08002444                HAL_GPIO_Init
 .text.HAL_RCC_OscConfig
                0x0800277c      0x4f0 ./Drivers/STM32F4xx_HAL_Driver/Src/stm32f4xx_hal_rcc.o
                0x0800277c                HAL_RCC_OscConfig
 .text.HAL_RCC_ClockConfig
                0x08002c6c      0x1cc ./Drivers/STM32F4xx_HAL_Driver/Src/stm32f4xx_hal_rcc.o
                0x08002c6c                HAL_RCC_ClockConfig
 .text.HAL_RCC_GetSysClockFreq
                0x08002e38      0x18c ./Drivers/STM32F4xx_HAL_Driver/Src/stm32f4xx_hal_rcc.o
                0x08002e38                HAL_RCC_GetSysClockFreq
 .text.HAL_RCC_GetHCLKFreq
                0x08002fc4       0x18 ./Drivers/STM32F4xx_HAL_Driver/Src/stm32f4xx_hal_rcc.o
                0x08002fc4                HAL_RCC_GetHCLKFreq
 .text.HAL_RCC_GetPCLK1Freq
                0x08002fdc       0x28 ./Drivers/STM32F4xx_HAL_Driver/Src/stm32f4xx_hal_rcc.o
                0x08002fdc                HAL_RCC_GetPCLK1Freq
 .text.HAL_RCC_GetPCLK2Freq
                0x08003004       0x28 ./Drivers/STM32F4xx_HAL_Driver/Src/stm32f4xx_hal_rcc.o
                0x08003004                HAL_RCC_GetPCLK2Freq
 .text.HAL_TIM_Base_Init
                0x0800302c       0x9e ./Drivers/STM32F4xx_HAL_Driver/Src/stm32f4xx_hal_tim.o
                0x0800302c                HAL_TIM_Base_Init
 *fill*         0x080030ca        0x2 
 .text.HAL_TIM_Base_Start_IT
                0x080030cc       0xe0 ./Drivers/STM32F4xx_HAL_Driver/Src/stm32f4xx_hal_tim.o
                0x080030cc                HAL_TIM_Base_Start_IT
 .text.HAL_TIM_IRQHandler
                0x080031ac      0x1e0 ./Drivers/STM32F4xx_HAL_Driver/Src/stm32f4xx_hal_tim.o
                0x080031ac                HAL_TIM_IRQHandler
 .text.HAL_TIM_OC_DelayElapsedCallback
                0x0800338c       0x14 ./Drivers/STM32F4xx_HAL_Driver/Src/stm32f4xx_hal_tim.o
                0x0800338c                HAL_TIM_OC_DelayElapsedCallback
 .text.HAL_TIM_IC_CaptureCallback
                0x080033a0       0x14 ./Drivers/STM32F4xx_HAL_Driver/Src/stm32f4xx_hal_tim.o
                0x080033a0                HAL_TIM_IC_CaptureCallback
 .text.HAL_TIM_PWM_PulseFinishedCallback
                0x080033b4       0x14 ./Drivers/STM32F4xx_HAL_Driver/Src/stm32f4xx_hal_tim.o
                0x080033b4                HAL_TIM_PWM_PulseFinishedCallback
 .text.HAL_TIM_TriggerCallback
                0x080033c8       0x14 ./Drivers/STM32F4xx_HAL_Driver/Src/stm32f4xx_hal_tim.o
                0x080033c8                HAL_TIM_TriggerCallback
 .text.TIM_Base_SetConfig
                0x080033dc      0x14c ./Drivers/STM32F4xx_HAL_Driver/Src/stm32f4xx_hal_tim.o
                0x080033dc                TIM_Base_SetConfig
 .text.HAL_TIMEx_MasterConfigSynchronization
                0x08003528       0xf8 ./Drivers/STM32F4xx_HAL_Driver/Src/stm32f4xx_hal_tim_ex.o
                0x08003528                HAL_TIMEx_MasterConfigSynchronization
 .text.HAL_TIMEx_CommutCallback
                0x08003620       0x14 ./Drivers/STM32F4xx_HAL_Driver/Src/stm32f4xx_hal_tim_ex.o
                0x08003620                HAL_TIMEx_CommutCallback
 .text.HAL_TIMEx_BreakCallback
                0x08003634       0x14 ./Drivers/STM32F4xx_HAL_Driver/Src/stm32f4xx_hal_tim_ex.o
                0x08003634                HAL_TIMEx_BreakCallback
 .text.HAL_UART_Init
                0x08003648       0xa0 ./Drivers/STM32F4xx_HAL_Driver/Src/stm32f4xx_hal_uart.o
                0x08003648                HAL_UART_Init
 .text.HAL_UART_Transmit
                0x080036e8      0x116 ./Drivers/STM32F4xx_HAL_Driver/Src/stm32f4xx_hal_uart.o
                0x080036e8                HAL_UART_Transmit
 .text.HAL_UART_Receive
                0x080037fe      0x12e ./Drivers/STM32F4xx_HAL_Driver/Src/stm32f4xx_hal_uart.o
                0x080037fe                HAL_UART_Receive
 .text.HAL_UART_IRQHandler
                0x0800392c      0x554 ./Drivers/STM32F4xx_HAL_Driver/Src/stm32f4xx_hal_uart.o
                0x0800392c                HAL_UART_IRQHandler
 .text.HAL_UART_TxCpltCallback
                0x08003e80       0x14 ./Drivers/STM32F4xx_HAL_Driver/Src/stm32f4xx_hal_uart.o
                0x08003e80                HAL_UART_TxCpltCallback
 .text.HAL_UART_RxCpltCallback
                0x08003e94       0x14 ./Drivers/STM32F4xx_HAL_Driver/Src/stm32f4xx_hal_uart.o
                0x08003e94                HAL_UART_RxCpltCallback
 .text.HAL_UART_ErrorCallback
                0x08003ea8       0x14 ./Drivers/STM32F4xx_HAL_Driver/Src/stm32f4xx_hal_uart.o
                0x08003ea8                HAL_UART_ErrorCallback
 .text.HAL_UARTEx_RxEventCallback
                0x08003ebc       0x18 ./Drivers/STM32F4xx_HAL_Driver/Src/stm32f4xx_hal_uart.o
                0x08003ebc                HAL_UARTEx_RxEventCallback
 .text.UART_WaitOnFlagUntilTimeout
                0x08003ed4       0xb2 ./Drivers/STM32F4xx_HAL_Driver/Src/stm32f4xx_hal_uart.o
 .text.UART_EndRxTransfer
                0x08003f86       0xc6 ./Drivers/STM32F4xx_HAL_Driver/Src/stm32f4xx_hal_uart.o
 .text.UART_DMAAbortOnError
                0x0800404c       0x22 ./Drivers/STM32F4xx_HAL_Driver/Src/stm32f4xx_hal_uart.o
 .text.UART_Transmit_IT
                0x0800406e       0xa0 ./Drivers/STM32F4xx_HAL_Driver/Src/stm32f4xx_hal_uart.o
 .text.UART_EndTransmit_IT
                0x0800410e       0x30 ./Drivers/STM32F4xx_HAL_Driver/Src/stm32f4xx_hal_uart.o
 .text.UART_Receive_IT
                0x0800413e      0x17c ./Drivers/STM32F4xx_HAL_Driver/Src/stm32f4xx_hal_uart.o
 *fill*         0x080042ba        0x2 
 .text.UART_SetConfig
                0x080042bc      0x4e8 ./Drivers/STM32F4xx_HAL_Driver/Src/stm32f4xx_hal_uart.o
 .text.leg_side_is_valid
                0x080047a4       0x28 ./user/algorithm/leg_kinematics/leg_kinematics.o
 .text.deg_to_rad
                0x080047cc       0x38 ./user/algorithm/leg_kinematics/leg_kinematics.o
 .text.rad_to_deg
                0x08004804       0x38 ./user/algorithm/leg_kinematics/leg_kinematics.o
 .text.clampf_local
                0x0800483c       0x52 ./user/algorithm/leg_kinematics/leg_kinematics.o
 .text.round_to_u16
                0x0800488e       0x44 ./user/algorithm/leg_kinematics/leg_kinematics.o
 .text.point_make
                0x080048d2       0x44 ./user/algorithm/leg_kinematics/leg_kinematics.o
 *fill*         0x08004916        0x2 
 .text.leg_get_origins
                0x08004918       0x70 ./user/algorithm/leg_kinematics/leg_kinematics.o
 .text.point_distance
                0x08004988       0x70 ./user/algorithm/leg_kinematics/leg_kinematics.o
 .text.cross2d  0x080049f8       0x40 ./user/algorithm/leg_kinematics/leg_kinematics.o
 .text.segment_intersects
                0x08004a38      0x218 ./user/algorithm/leg_kinematics/leg_kinematics.o
 .text.leg_cross_count
                0x08004c50      0x448 ./user/algorithm/leg_kinematics/leg_kinematics.o
 .text.angle_limit_count
                0x08005098       0xb0 ./user/algorithm/leg_kinematics/leg_kinematics.o
 .text.angle_limit_penalty
                0x08005148      0x110 ./user/algorithm/leg_kinematics/leg_kinematics.o
 .text.candidate_is_better
                0x08005258       0xb6 ./user/algorithm/leg_kinematics/leg_kinematics.o
 *fill*         0x0800530e        0x2 
 .text.circle_intersections
                0x08005310      0x26c ./user/algorithm/leg_kinematics/leg_kinematics.o
 .text.solve_d_from_b_c
                0x0800557c      0x100 ./user/algorithm/leg_kinematics/leg_kinematics.o
 .text.theta1_from_a
                0x0800567c       0xa4 ./user/algorithm/leg_kinematics/leg_kinematics.o
 .text.theta2_from_b
                0x08005720       0xa4 ./user/algorithm/leg_kinematics/leg_kinematics.o
 .text.leg_forward_best_candidate_from_angles
                0x080057c4      0x3f4 ./user/algorithm/leg_kinematics/leg_kinematics.o
 .text.leg_kinematics_ft_raw_to_theta1_deg
                0x08005bb8       0x90 ./user/algorithm/leg_kinematics/leg_kinematics.o
                0x08005bb8                leg_kinematics_ft_raw_to_theta1_deg
 .text.leg_kinematics_theta1_deg_to_ft_raw
                0x08005c48       0xc8 ./user/algorithm/leg_kinematics/leg_kinematics.o
                0x08005c48                leg_kinematics_theta1_deg_to_ft_raw
 .text.leg_kinematics_dm_rad_to_theta2_deg
                0x08005d10       0x6c ./user/algorithm/leg_kinematics/leg_kinematics.o
                0x08005d10                leg_kinematics_dm_rad_to_theta2_deg
 .text.leg_kinematics_theta2_deg_to_dm_rad
                0x08005d7c       0x84 ./user/algorithm/leg_kinematics/leg_kinematics.o
                0x08005d7c                leg_kinematics_theta2_deg_to_dm_rad
 .text.leg_kinematics_forward_from_angles
                0x08005e00       0x24 ./user/algorithm/leg_kinematics/leg_kinematics.o
                0x08005e00                leg_kinematics_forward_from_angles
 .text.leg_kinematics_inverse_to_angles
                0x08005e24      0x398 ./user/algorithm/leg_kinematics/leg_kinematics.o
                0x08005e24                leg_kinematics_inverse_to_angles
 .text.leg_kinematics_forward_from_actuator
                0x080061bc       0x76 ./user/algorithm/leg_kinematics/leg_kinematics.o
                0x080061bc                leg_kinematics_forward_from_actuator
 .text.leg_kinematics_inverse_to_actuator
                0x08006232       0x94 ./user/algorithm/leg_kinematics/leg_kinematics.o
                0x08006232                leg_kinematics_inverse_to_actuator
 *fill*         0x080062c6        0x2 
 .text.app_keep_debug_symbols
                0x080062c8       0x64 ./user/app/app.o
 .text.app_startup_ready
                0x0800632c       0x60 ./user/app/app.o
 .text.app_body_still
                0x0800638c       0x58 ./user/app/app.o
 .text.app_body_level_enough
                0x080063e4       0x5c ./user/app/app.o
 .text.app_dm_mask_online
                0x08006440       0x64 ./user/app/app.o
 .text.app_run_startup_safe
                0x080064a4       0xb8 ./user/app/app.o
 .text.app_run_initial_pose_retries
                0x0800655c       0xbc ./user/app/app.o
 .text.app_cmd_set_defaults
                0x08006618      0x10c ./user/app/app.o
 .text.app_ft_raw_from_servo
                0x08006724       0x3c ./user/app/app.o
 .text.app_wrap_deg
                0x08006760       0x74 ./user/app/app.o
 .text.app_absf
                0x080067d4       0x34 ./user/app/app.o
 .text.app_clampf
                0x08006808       0x52 ./user/app/app.o
 *fill*         0x0800685a        0x2 
 .text.app_predict_pitch_deg
                0x0800685c       0xa0 ./user/app/app.o
 .text.app_set_dm_cmd
                0x080068fc       0x94 ./user/app/app.o
 .text.app_obs_update_leg
                0x08006990      0x104 ./user/app/app.o
 .text.app_obs_update
                0x08006a94      0x39c ./user/app/app.o
 .text.app_send_dm_mask
                0x08006e30       0xd4 ./user/app/app.o
 .text.app_run_dm_manual
                0x08006f04       0x18 ./user/app/app.o
 .text.app_run_ft_manual
                0x08006f1c       0xe0 ./user/app/app.o
 .text.app_run_imu_read
                0x08006ffc       0x24 ./user/app/app.o
 .text.app_run_imu_periodic
                0x08007020       0x30 ./user/app/app.o
 .text.app_init
                0x08007050      0x1dc ./user/app/app.o
                0x08007050                app_init
 .text.app_control_2khz
                0x0800722c       0x64 ./user/app/app.o
                0x0800722c                app_control_2khz
 .text.app_run_joint_hold
                0x08007290       0x50 ./user/app/app.o
 .text.app_balance_send_wheels
                0x080072e0       0x70 ./user/app/app.o
 .text.app_run_wheel_zero_stop
                0x08007350       0x68 ./user/app/app.o
 .text.app_run_balance
                0x080073b8      0x29c ./user/app/app.o
 .text.app_run_leg_assist
                0x08007654       0x98 ./user/app/app.o
 .text.app_leg_assist_restore
                0x080076ec       0x7c ./user/app/app.o
 .text.app_background
                0x08007768       0x58 ./user/app/app.o
                0x08007768                app_background
 .text.app_tune_autostart_task
                0x080077c0      0x10c ./user/app/app.o
 .text.app_imu_zero_current
                0x080078cc       0x50 ./user/app/app.o
                0x080078cc                app_imu_zero_current
 .text.app_leg_pose_solve_to_cmd
                0x0800791c       0xf0 ./user/app/app.o
                0x0800791c                app_leg_pose_solve_to_cmd
 .text.app_leg_pose_apply
                0x08007a0c       0xd0 ./user/app/app.o
                0x08007a0c                app_leg_pose_apply
 .text.app_initial_pose_solve
                0x08007adc       0x2c ./user/app/app.o
                0x08007adc                app_initial_pose_solve
 .text.app_initial_pose_apply
                0x08007b08       0x2c ./user/app/app.o
                0x08007b08                app_initial_pose_apply
 .text.app_balance_start
                0x08007b34      0x158 ./user/app/app.o
                0x08007b34                app_balance_start
 .text.app_balance_leg_assist_start
                0x08007c8c      0x100 ./user/app/app.o
                0x08007c8c                app_balance_leg_assist_start
 .text.app_balance_stop
                0x08007d8c       0xb8 ./user/app/app.o
                0x08007d8c                app_balance_stop
 .text.app_leg_hold_stop
                0x08007e44       0x4c ./user/app/app.o
                0x08007e44                app_leg_hold_stop
 .text.HAL_TIM_PeriodElapsedCallback
                0x08007e90       0x24 ./user/app/app.o
                0x08007e90                HAL_TIM_PeriodElapsedCallback
 .text.bsp_can_init
                0x08007eb4       0x88 ./user/bsp/bsp_can/bsp_can.o
                0x08007eb4                bsp_can_init
 .text.bsp_can_send
                0x08007f3c       0x4e ./user/bsp/bsp_can/bsp_can.o
                0x08007f3c                bsp_can_send
 *fill*         0x08007f8a        0x2 
 .text.can_rx_dispatch
                0x08007f8c       0x68 ./user/bsp/bsp_can/bsp_can.o
 .text.HAL_CAN_RxFifo0MsgPendingCallback
                0x08007ff4       0x16 ./user/bsp/bsp_can/bsp_can.o
                0x08007ff4                HAL_CAN_RxFifo0MsgPendingCallback
 .text.balance_absf
                0x0800800a       0x34 ./user/controller/balance_controller.o
 .text.balance_clampf
                0x0800803e       0x60 ./user/controller/balance_controller.o
 *fill*         0x0800809e        0x2 
 .text.balance_apply_deadband
                0x080080a0       0x70 ./user/controller/balance_controller.o
 .text.balance_shape_tilt_error
                0x08008110       0x88 ./user/controller/balance_controller.o
 .text.balance_controller_init
                0x08008198       0x94 ./user/controller/balance_controller.o
                0x08008198                balance_controller_init
 .text.balance_controller_config
                0x0800822c       0x68 ./user/controller/balance_controller.o
                0x0800822c                balance_controller_config
 .text.balance_controller_set_response
                0x08008294       0x5a ./user/controller/balance_controller.o
                0x08008294                balance_controller_set_response
 .text.balance_controller_set_wheel_response
                0x080082ee       0x58 ./user/controller/balance_controller.o
                0x080082ee                balance_controller_set_wheel_response
 .text.balance_controller_reset
                0x08008346       0x34 ./user/controller/balance_controller.o
                0x08008346                balance_controller_reset
 .text.balance_controller_update
                0x0800837a      0x2d8 ./user/controller/balance_controller.o
                0x0800837a                balance_controller_update
 .text.leg_absf
                0x08008652       0x34 ./user/controller/leg_balance_controller.o
 .text.leg_clampf
                0x08008686       0x60 ./user/controller/leg_balance_controller.o
 .text.leg_balance_controller_init
                0x080086e6       0x4c ./user/controller/leg_balance_controller.o
                0x080086e6                leg_balance_controller_init
 .text.leg_balance_controller_config
                0x08008732       0x68 ./user/controller/leg_balance_controller.o
                0x08008732                leg_balance_controller_config
 .text.leg_balance_controller_reset
                0x0800879a       0x24 ./user/controller/leg_balance_controller.o
                0x0800879a                leg_balance_controller_reset
 .text.leg_balance_controller_update
                0x080087be       0xfe ./user/controller/leg_balance_controller.o
                0x080087be                leg_balance_controller_update
 .text.float_to_uint
                0x080088bc       0x88 ./user/devices/dm_motor/dm_motor.o
 .text.uint_to_float
                0x08008944       0x5a ./user/devices/dm_motor/dm_motor.o
 .text.dm_motor_init
                0x0800899e       0x8a ./user/devices/dm_motor/dm_motor.o
                0x0800899e                dm_motor_init
 .text.dm_motor_enable
                0x08008a28       0x34 ./user/devices/dm_motor/dm_motor.o
                0x08008a28                dm_motor_enable
 .text.dm_motor_disable
                0x08008a5c       0x34 ./user/devices/dm_motor/dm_motor.o
                0x08008a5c                dm_motor_disable
 .text.dm_motor_send_mit
                0x08008a90      0x12c ./user/devices/dm_motor/dm_motor.o
                0x08008a90                dm_motor_send_mit
 .text.dm_motor_decode
                0x08008bbc      0x12c ./user/devices/dm_motor/dm_motor.o
 .text.dm_rx_dispatch
                0x08008ce8       0xb0 ./user/devices/dm_motor/dm_motor.o
 .text.bsp_can2_rx_callback
                0x08008d98       0x28 ./user/devices/dm_motor/dm_motor.o
                0x08008d98                bsp_can2_rx_callback
 .text.dm_motor_is_online
                0x08008dc0       0x36 ./user/devices/dm_motor/dm_motor.o
                0x08008dc0                dm_motor_is_online
 *fill*         0x08008df6        0x2 
 .text.uart_send
                0x08008df8       0x24 ./user/devices/feetech/feetech_servo.o
 .text.uart_recv
                0x08008e1c       0x30 ./user/devices/feetech/feetech_servo.o
 .text.uart_flush
                0x08008e4c       0x28 ./user/devices/feetech/feetech_servo.o
 .text.send_write
                0x08008e74      0x13c ./user/devices/feetech/feetech_servo.o
 .text.feetech_servo_init
                0x08008fb0       0x20 ./user/devices/feetech/feetech_servo.o
                0x08008fb0                feetech_servo_init
 .text.feetech_servo_enable
                0x08008fd0       0x24 ./user/devices/feetech/feetech_servo.o
                0x08008fd0                feetech_servo_enable
 .text.feetech_servo_disable
                0x08008ff4       0x24 ./user/devices/feetech/feetech_servo.o
                0x08008ff4                feetech_servo_disable
 .text.feetech_servo_set_pos
                0x08009018       0x5c ./user/devices/feetech/feetech_servo.o
                0x08009018                feetech_servo_set_pos
 .text.feetech_servo_sync_set_pos
                0x08009074      0x26e ./user/devices/feetech/feetech_servo.o
                0x08009074                feetech_servo_sync_set_pos
 *fill*         0x080092e2        0x2 
 .text.feetech_servo_update
                0x080092e4      0x180 ./user/devices/feetech/feetech_servo.o
                0x080092e4                feetech_servo_update
 .text.uint_to_float
                0x08009464       0x50 ./user/devices/imu/dm_imu.o
 .text.imu_send_cmd
                0x080094b4       0x9c ./user/devices/imu/dm_imu.o
 .text.imu_decode_accel
                0x08009550       0xb4 ./user/devices/imu/dm_imu.o
 .text.imu_decode_gyro
                0x08009604       0xb4 ./user/devices/imu/dm_imu.o
 .text.imu_decode_euler
                0x080096b8       0xd0 ./user/devices/imu/dm_imu.o
 .text.bsp_can1_rx_callback
                0x08009788       0xd0 ./user/devices/imu/dm_imu.o
                0x08009788                bsp_can1_rx_callback
 .text.imu_init
                0x08009858       0x7c ./user/devices/imu/dm_imu.o
                0x08009858                imu_init
 .text.imu_activate
                0x080098d4       0x12 ./user/devices/imu/dm_imu.o
                0x080098d4                imu_activate
 .text.imu_request_data
                0x080098e6       0x26 ./user/devices/imu/dm_imu.o
                0x080098e6                imu_request_data
 .text.imu_is_online
                0x0800990c       0x38 ./user/devices/imu/dm_imu.o
                0x0800990c                imu_is_online
 .text.memset   0x08009944       0x10 D:/ES/STM32CubeCLT_1.21.0/GNU-tools-for-STM32/bin/../lib/gcc/arm-none-eabi/14.3.1/../../../../arm-none-eabi/lib/thumb/v7e-m+fp/hard\libc_nano.a(libc_a-memset.o)
                0x08009944                memset
 .text.__errno  0x08009954        0xc D:/ES/STM32CubeCLT_1.21.0/GNU-tools-for-STM32/bin/../lib/gcc/arm-none-eabi/14.3.1/../../../../arm-none-eabi/lib/thumb/v7e-m+fp/hard\libc_nano.a(libc_a-errno.o)
                0x08009954                __errno
 .text.__libc_init_array
                0x08009960       0x48 D:/ES/STM32CubeCLT_1.21.0/GNU-tools-for-STM32/bin/../lib/gcc/arm-none-eabi/14.3.1/../../../../arm-none-eabi/lib/thumb/v7e-m+fp/hard\libc_nano.a(libc_a-init.o)
                0x08009960                __libc_init_array
 .text.atan2f   0x080099a8        0x4 D:/ES/STM32CubeCLT_1.21.0/GNU-tools-for-STM32/bin/../lib/gcc/arm-none-eabi/14.3.1/../../../../arm-none-eabi/lib/thumb/v7e-m+fp/hard\libm.a(libm_a-wf_atan2.o)
                0x080099a8                atan2f
 .text.sqrtf    0x080099ac       0x44 D:/ES/STM32CubeCLT_1.21.0/GNU-tools-for-STM32/bin/../lib/gcc/arm-none-eabi/14.3.1/../../../../arm-none-eabi/lib/thumb/v7e-m+fp/hard\libm.a(libm_a-wf_sqrt.o)
                0x080099ac                sqrtf
 .text.cosf     0x080099f0       0x70 D:/ES/STM32CubeCLT_1.21.0/GNU-tools-for-STM32/bin/../lib/gcc/arm-none-eabi/14.3.1/../../../../arm-none-eabi/lib/thumb/v7e-m+fp/hard\libm.a(libm_a-sf_cos.o)
                0x080099f0                cosf
 .text.sinf     0x08009a60       0x74 D:/ES/STM32CubeCLT_1.21.0/GNU-tools-for-STM32/bin/../lib/gcc/arm-none-eabi/14.3.1/../../../../arm-none-eabi/lib/thumb/v7e-m+fp/hard\libm.a(libm_a-sf_sin.o)
                0x08009a60                sinf
 .text.fmaxf    0x08009ad4       0x50 D:/ES/STM32CubeCLT_1.21.0/GNU-tools-for-STM32/bin/../lib/gcc/arm-none-eabi/14.3.1/../../../../arm-none-eabi/lib/thumb/v7e-m+fp/hard\libm.a(libm_a-sf_fmax.o)
                0x08009ad4                fmaxf
 .text.__fpclassifyf
                0x08009b24       0x38 D:/ES/STM32CubeCLT_1.21.0/GNU-tools-for-STM32/bin/../lib/gcc/arm-none-eabi/14.3.1/../../../../arm-none-eabi/lib/thumb/v7e-m+fp/hard\libm.a(libm_a-sf_fpclassify.o)
                0x08009b24                __fpclassifyf
 .text.__ieee754_sqrtf
                0x08009b5c        0x8 D:/ES/STM32CubeCLT_1.21.0/GNU-tools-for-STM32/bin/../lib/gcc/arm-none-eabi/14.3.1/../../../../arm-none-eabi/lib/thumb/v7e-m+fp/hard\libm.a(libm_a-ef_sqrt.o)
                0x08009b5c                __ieee754_sqrtf
 .text.__kernel_cosf
                0x08009b64      0x104 D:/ES/STM32CubeCLT_1.21.0/GNU-tools-for-STM32/bin/../lib/gcc/arm-none-eabi/14.3.1/../../../../arm-none-eabi/lib/thumb/v7e-m+fp/hard\libm.a(libm_a-kf_cos.o)
                0x08009b64                __kernel_cosf
 .text.__kernel_sinf
                0x08009c68       0x90 D:/ES/STM32CubeCLT_1.21.0/GNU-tools-for-STM32/bin/../lib/gcc/arm-none-eabi/14.3.1/../../../../arm-none-eabi/lib/thumb/v7e-m+fp/hard\libm.a(libm_a-kf_sin.o)
                0x08009c68                __kernel_sinf
 .text.__ieee754_atan2f
                0x08009cf8      0x14c D:/ES/STM32CubeCLT_1.21.0/GNU-tools-for-STM32/bin/../lib/gcc/arm-none-eabi/14.3.1/../../../../arm-none-eabi/lib/thumb/v7e-m+fp/hard\libm.a(libm_a-ef_atan2.o)
                0x08009cf8                __ieee754_atan2f
 .text.__ieee754_rem_pio2f
                0x08009e44      0x26c D:/ES/STM32CubeCLT_1.21.0/GNU-tools-for-STM32/bin/../lib/gcc/arm-none-eabi/14.3.1/../../../../arm-none-eabi/lib/thumb/v7e-m+fp/hard\libm.a(libm_a-ef_rem_pio2.o)
                0x08009e44                __ieee754_rem_pio2f
 .text.atanf    0x0800a0b0      0x1a4 D:/ES/STM32CubeCLT_1.21.0/GNU-tools-for-STM32/bin/../lib/gcc/arm-none-eabi/14.3.1/../../../../arm-none-eabi/lib/thumb/v7e-m+fp/hard\libm.a(libm_a-sf_atan.o)
                0x0800a0b0                atanf
 .text.fabsf    0x0800a254       0x10 D:/ES/STM32CubeCLT_1.21.0/GNU-tools-for-STM32/bin/../lib/gcc/arm-none-eabi/14.3.1/../../../../arm-none-eabi/lib/thumb/v7e-m+fp/hard\libm.a(libm_a-sf_fabs.o)
                0x0800a254                fabsf
 .text.__kernel_rem_pio2f
                0x0800a264      0x68c D:/ES/STM32CubeCLT_1.21.0/GNU-tools-for-STM32/bin/../lib/gcc/arm-none-eabi/14.3.1/../../../../arm-none-eabi/lib/thumb/v7e-m+fp/hard\libm.a(libm_a-kf_rem_pio2.o)
                0x0800a264                __kernel_rem_pio2f
 .text.scalbnf  0x0800a8f0       0xdc D:/ES/STM32CubeCLT_1.21.0/GNU-tools-for-STM32/bin/../lib/gcc/arm-none-eabi/14.3.1/../../../../arm-none-eabi/lib/thumb/v7e-m+fp/hard\libm.a(libm_a-sf_scalbn.o)
                0x0800a8f0                scalbnf
 .text.floorf   0x0800a9cc       0x94 D:/ES/STM32CubeCLT_1.21.0/GNU-tools-for-STM32/bin/../lib/gcc/arm-none-eabi/14.3.1/../../../../arm-none-eabi/lib/thumb/v7e-m+fp/hard\libm.a(libm_a-sf_floor.o)
                0x0800a9cc                floorf
 *(.glue_7)
 .glue_7        0x0800aa60        0x0 linker stubs
 *(.glue_7t)
 .glue_7t       0x0800aa60        0x0 linker stubs
 *(.eh_frame)
 .eh_frame      0x0800aa60        0x0 D:/ES/STM32CubeCLT_1.21.0/GNU-tools-for-STM32/bin/../lib/gcc/arm-none-eabi/14.3.1/thumb/v7e-m+fp/hard/crtbegin.o
 *(.init)
 .init          0x0800aa60        0x4 D:/ES/STM32CubeCLT_1.21.0/GNU-tools-for-STM32/bin/../lib/gcc/arm-none-eabi/14.3.1/thumb/v7e-m+fp/hard/crti.o
                0x0800aa60                _init
 .init          0x0800aa64        0x8 D:/ES/STM32CubeCLT_1.21.0/GNU-tools-for-STM32/bin/../lib/gcc/arm-none-eabi/14.3.1/thumb/v7e-m+fp/hard/crtn.o
 *(.fini)
 .fini          0x0800aa6c        0x4 D:/ES/STM32CubeCLT_1.21.0/GNU-tools-for-STM32/bin/../lib/gcc/arm-none-eabi/14.3.1/thumb/v7e-m+fp/hard/crti.o
                0x0800aa6c                _fini
 .fini          0x0800aa70        0x8 D:/ES/STM32CubeCLT_1.21.0/GNU-tools-for-STM32/bin/../lib/gcc/arm-none-eabi/14.3.1/thumb/v7e-m+fp/hard/crtn.o
                0x0800aa78                        . = ALIGN (0x4)
                0x0800aa78                        _etext = .

.vfp11_veneer   0x0800aa78        0x0
 .vfp11_veneer  0x0800aa78        0x0 linker stubs

.v4_bx          0x0800aa78        0x0
 .v4_bx         0x0800aa78        0x0 linker stubs

.iplt           0x0800aa78        0x0
 .iplt          0x0800aa78        0x0 D:/ES/STM32CubeCLT_1.21.0/GNU-tools-for-STM32/bin/../lib/gcc/arm-none-eabi/14.3.1/thumb/v7e-m+fp/hard/crtbegin.o

.rodata         0x0800aa78      0x440
                0x0800aa78                        . = ALIGN (0x4)
 *(.rodata)
 .rodata        0x0800aa78       0x18 ./user/devices/dm_motor/dm_motor.o
 *(.rodata*)
 .rodata.AHBPrescTable
                0x0800aa90       0x10 ./Core/Src/system_stm32f4xx.o
                0x0800aa90                AHBPrescTable
 .rodata.APBPrescTable
                0x0800aaa0        0x8 ./Core/Src/system_stm32f4xx.o
                0x0800aaa0                APBPrescTable
 .rodata.flagBitshiftOffset.0
                0x0800aaa8        0x8 ./Drivers/STM32F4xx_HAL_Driver/Src/stm32f4xx_hal_dma.o
 .rodata.CSWTCH.9
                0x0800aab0        0xc D:/ES/STM32CubeCLT_1.21.0/GNU-tools-for-STM32/bin/../lib/gcc/arm-none-eabi/14.3.1/../../../../arm-none-eabi/lib/thumb/v7e-m+fp/hard\libm.a(libm_a-ef_atan2.o)
 .rodata.CSWTCH.8
                0x0800aabc        0xc D:/ES/STM32CubeCLT_1.21.0/GNU-tools-for-STM32/bin/../lib/gcc/arm-none-eabi/14.3.1/../../../../arm-none-eabi/lib/thumb/v7e-m+fp/hard\libm.a(libm_a-ef_atan2.o)
 .rodata.npio2_hw
                0x0800aac8       0x80 D:/ES/STM32CubeCLT_1.21.0/GNU-tools-for-STM32/bin/../lib/gcc/arm-none-eabi/14.3.1/../../../../arm-none-eabi/lib/thumb/v7e-m+fp/hard\libm.a(libm_a-ef_rem_pio2.o)
 .rodata.two_over_pi
                0x0800ab48      0x318 D:/ES/STM32CubeCLT_1.21.0/GNU-tools-for-STM32/bin/../lib/gcc/arm-none-eabi/14.3.1/../../../../arm-none-eabi/lib/thumb/v7e-m+fp/hard\libm.a(libm_a-ef_rem_pio2.o)
 .rodata.atanlo
                0x0800ae60       0x10 D:/ES/STM32CubeCLT_1.21.0/GNU-tools-for-STM32/bin/../lib/gcc/arm-none-eabi/14.3.1/../../../../arm-none-eabi/lib/thumb/v7e-m+fp/hard\libm.a(libm_a-sf_atan.o)
 .rodata.atanhi
                0x0800ae70       0x10 D:/ES/STM32CubeCLT_1.21.0/GNU-tools-for-STM32/bin/../lib/gcc/arm-none-eabi/14.3.1/../../../../arm-none-eabi/lib/thumb/v7e-m+fp/hard\libm.a(libm_a-sf_atan.o)
 .rodata.PIo2   0x0800ae80       0x2c D:/ES/STM32CubeCLT_1.21.0/GNU-tools-for-STM32/bin/../lib/gcc/arm-none-eabi/14.3.1/../../../../arm-none-eabi/lib/thumb/v7e-m+fp/hard\libm.a(libm_a-kf_rem_pio2.o)
 .rodata.init_jk
                0x0800aeac        0xc D:/ES/STM32CubeCLT_1.21.0/GNU-tools-for-STM32/bin/../lib/gcc/arm-none-eabi/14.3.1/../../../../arm-none-eabi/lib/thumb/v7e-m+fp/hard\libm.a(libm_a-kf_rem_pio2.o)
                0x0800aeb8                        . = ALIGN (0x4)

.ARM.extab      0x0800aeb8        0x0
                0x0800aeb8                        . = ALIGN (0x4)
 *(.ARM.extab* .gnu.linkonce.armextab.*)
                0x0800aeb8                        . = ALIGN (0x4)

.ARM            0x0800aeb8        0x8
                0x0800aeb8                        . = ALIGN (0x4)
                0x0800aeb8                        __exidx_start = .
 *(.ARM.exidx*)
 .ARM.exidx     0x0800aeb8        0x8 D:/ES/STM32CubeCLT_1.21.0/GNU-tools-for-STM32/bin/../lib/gcc/arm-none-eabi/14.3.1/thumb/v7e-m+fp/hard\libgcc.a(_udivmoddi4.o)
                0x0800aec0                        __exidx_end = .
                0x0800aec0                        . = ALIGN (0x4)

.preinit_array  0x0800aec0        0x0
                0x0800aec0                        . = ALIGN (0x4)
                0x0800aec0                        PROVIDE (__preinit_array_start = .)
 *(.preinit_array*)
                0x0800aec0                        PROVIDE (__preinit_array_end = .)
                0x0800aec0                        . = ALIGN (0x4)

.init_array     0x0800aec0        0x4
                0x0800aec0                        . = ALIGN (0x4)
                0x0800aec0                        PROVIDE (__init_array_start = .)
 *(SORT_BY_NAME(.init_array.*))
 *(.init_array*)
 .init_array    0x0800aec0        0x4 D:/ES/STM32CubeCLT_1.21.0/GNU-tools-for-STM32/bin/../lib/gcc/arm-none-eabi/14.3.1/thumb/v7e-m+fp/hard/crtbegin.o
                0x0800aec4                        PROVIDE (__init_array_end = .)
                0x0800aec4                        . = ALIGN (0x4)

.fini_array     0x0800aec4        0x4
                0x0800aec4                        . = ALIGN (0x4)
                [!provide]                        PROVIDE (__fini_array_start = .)
 *(SORT_BY_NAME(.fini_array.*))
 *(.fini_array*)
 .fini_array    0x0800aec4        0x4 D:/ES/STM32CubeCLT_1.21.0/GNU-tools-for-STM32/bin/../lib/gcc/arm-none-eabi/14.3.1/thumb/v7e-m+fp/hard/crtbegin.o
                [!provide]                        PROVIDE (__fini_array_end = .)
                0x0800aec8                        . = ALIGN (0x4)
                0x0800aec8                        _sidata = LOADADDR (.data)

.rel.dyn        0x0800aec8        0x0
 .rel.iplt      0x0800aec8        0x0 D:/ES/STM32CubeCLT_1.21.0/GNU-tools-for-STM32/bin/../lib/gcc/arm-none-eabi/14.3.1/thumb/v7e-m+fp/hard/crtbegin.o

.data           0x20000000       0x5c load address 0x0800aec8
                0x20000000                        . = ALIGN (0x4)
                0x20000000                        _sdata = .
 *(.data)
 *(.data*)
 .data.SystemCoreClock
                0x20000000        0x4 ./Core/Src/system_stm32f4xx.o
                0x20000000                SystemCoreClock
 .data.uwTickPrio
                0x20000004        0x4 ./Drivers/STM32F4xx_HAL_Driver/Src/stm32f4xx_hal.o
                0x20000004                uwTickPrio
 .data.uwTickFreq
                0x20000008        0x1 ./Drivers/STM32F4xx_HAL_Driver/Src/stm32f4xx_hal.o
                0x20000008                uwTickFreq
 *fill*         0x20000009        0x1 
 .data.g_imu_can_id
                0x2000000a        0x2 ./user/devices/imu/dm_imu.o
                0x2000000a                g_imu_can_id
 .data._impure_ptr
                0x2000000c        0x4 D:/ES/STM32CubeCLT_1.21.0/GNU-tools-for-STM32/bin/../lib/gcc/arm-none-eabi/14.3.1/../../../../arm-none-eabi/lib/thumb/v7e-m+fp/hard\libc_nano.a(libc_a-impure.o)
                0x2000000c                _impure_ptr
 .data._impure_data
                0x20000010       0x4c D:/ES/STM32CubeCLT_1.21.0/GNU-tools-for-STM32/bin/../lib/gcc/arm-none-eabi/14.3.1/../../../../arm-none-eabi/lib/thumb/v7e-m+fp/hard\libc_nano.a(libc_a-impure.o)
                0x20000010                _impure_data
 *(.RamFunc)
 *(.RamFunc*)
                0x2000005c                        . = ALIGN (0x4)
                0x2000005c                        _edata = .
                0x0800af24                        _siccmram = LOADADDR (.ccmram)

.igot.plt       0x2000005c        0x0 load address 0x0800af24
 .igot.plt      0x2000005c        0x0 D:/ES/STM32CubeCLT_1.21.0/GNU-tools-for-STM32/bin/../lib/gcc/arm-none-eabi/14.3.1/thumb/v7e-m+fp/hard/crtbegin.o

.ccmram         0x10000000        0x0 load address 0x0800af24
                0x10000000                        . = ALIGN (0x4)
                0x10000000                        _sccmram = .
 *(.ccmram)
 *(.ccmram*)
                0x10000000                        . = ALIGN (0x4)
                0x10000000                        _eccmram = .
                0x10000000                        . = ALIGN (0x4)

.bss            0x2000005c     0x1ef0
                0x2000005c                        _sbss = .
                0x2000005c                        __bss_start__ = _sbss
 *(.bss)
 .bss           0x2000005c       0x1c D:/ES/STM32CubeCLT_1.21.0/GNU-tools-for-STM32/bin/../lib/gcc/arm-none-eabi/14.3.1/thumb/v7e-m+fp/hard/crtbegin.o
 *(.bss*)
 .bss.hcan1     0x20000078       0x28 ./Core/Src/can.o
                0x20000078                hcan1
 .bss.hcan2     0x200000a0       0x28 ./Core/Src/can.o
                0x200000a0                hcan2
 .bss.HAL_RCC_CAN1_CLK_ENABLED
                0x200000c8        0x4 ./Core/Src/can.o
 .bss.htim6     0x200000cc       0x48 ./Core/Src/tim.o
                0x200000cc                htim6
 .bss.huart1    0x20000114       0x48 ./Core/Src/usart.o
                0x20000114                huart1
 .bss.huart2    0x2000015c       0x48 ./Core/Src/usart.o
                0x2000015c                huart2
 .bss.hdma_usart1_rx
                0x200001a4       0x60 ./Core/Src/usart.o
                0x200001a4                hdma_usart1_rx
 .bss.hdma_usart1_tx
                0x20000204       0x60 ./Core/Src/usart.o
                0x20000204                hdma_usart1_tx
 .bss.uwTick    0x20000264        0x4 ./Drivers/STM32F4xx_HAL_Driver/Src/stm32f4xx_hal.o
                0x20000264                uwTick
 .bss.g_dm_motors
                0x20000268       0xd0 ./user/app/app.o
                0x20000268                g_dm_motors
 .bss.g_app_status
                0x20000338        0xc ./user/app/app.o
                0x20000338                g_app_status
 .bss.g_app_cmd
                0x20000344       0x64 ./user/app/app.o
                0x20000344                g_app_cmd
 .bss.g_app_obs
                0x200003a8      0x110 ./user/app/app.o
                0x200003a8                g_app_obs
 .bss.s_imu_request_ms
                0x200004b8        0x4 ./user/app/app.o
 .bss.s_imu_activate_ms
                0x200004bc        0x4 ./user/app/app.o
 .bss.s_imu_online_since_ms
                0x200004c0        0x4 ./user/app/app.o
 .bss.s_startup_safe_ms
                0x200004c4        0x4 ./user/app/app.o
 .bss.s_startup_disable_ms
                0x200004c8        0x4 ./user/app/app.o
 .bss.s_joint_enable_retry_start_ms
                0x200004cc        0x4 ./user/app/app.o
 .bss.s_joint_enable_retry_ms
                0x200004d0        0x4 ./user/app/app.o
 .bss.s_ft_pose_refresh_start_ms
                0x200004d4        0x4 ./user/app/app.o
 .bss.s_ft_pose_refresh_ms
                0x200004d8        0x4 ./user/app/app.o
 .bss.s_joint_hold_divider
                0x200004dc        0x1 ./user/app/app.o
 *fill*         0x200004dd        0x3 
 .bss.s_body_pitch_zero
                0x200004e0        0x4 ./user/app/app.o
 .bss.s_body_roll_zero
                0x200004e4        0x4 ./user/app/app.o
 .bss.s_body_yaw_zero
                0x200004e8        0x4 ./user/app/app.o
 .bss.s_body_zeroed
                0x200004ec        0x1 ./user/app/app.o
 *fill*         0x200004ed        0x3 
 .bss.s_balance_ctrl
                0x200004f0       0x3c ./user/app/app.o
 .bss.s_leg_balance_ctrl
                0x2000052c       0x18 ./user/app/app.o
 .bss.s_wheel_send_divider
                0x20000544        0x1 ./user/app/app.o
 .bss.s_wheel_enable_frames
                0x20000545        0x1 ./user/app/app.o
 .bss.s_wheel_zero_divider
                0x20000546        0x1 ./user/app/app.o
 *fill*         0x20000547        0x1 
 .bss.s_wheel_zero_ticks
                0x20000548        0x2 ./user/app/app.o
 .bss.s_leg_assist_divider
                0x2000054a        0x1 ./user/app/app.o
 .bss.s_leg_assist_active
                0x2000054b        0x1 ./user/app/app.o
 .bss.s_leg_assist_left_base_rad
                0x2000054c        0x4 ./user/app/app.o
 .bss.s_leg_assist_right_base_rad
                0x20000550        0x4 ./user/app/app.o
 .bss.s_leg_assist_left_base_kp
                0x20000554        0x4 ./user/app/app.o
 .bss.s_leg_assist_left_base_kd
                0x20000558        0x4 ./user/app/app.o
 .bss.s_leg_assist_right_base_kp
                0x2000055c        0x4 ./user/app/app.o
 .bss.s_leg_assist_right_base_kd
                0x20000560        0x4 ./user/app/app.o
 .bss.s_tune_stage
                0x20000564        0x1 ./user/app/app.o
 *fill*         0x20000565        0x3 
 .bss.s_tune_stage_ms
                0x20000568        0x4 ./user/app/app.o
 .bss.g_balance_dbg_pitch_raw
                0x2000056c        0x4 ./user/app/app.o
                0x2000056c                g_balance_dbg_pitch_raw
 .bss.g_balance_dbg_pitch_pred
                0x20000570        0x4 ./user/app/app.o
                0x20000570                g_balance_dbg_pitch_pred
 .bss.g_balance_dbg_pitch_rate
                0x20000574        0x4 ./user/app/app.o
                0x20000574                g_balance_dbg_pitch_rate
 .bss.g_balance_dbg_pitch_age_s
                0x20000578        0x4 ./user/app/app.o
                0x20000578                g_balance_dbg_pitch_age_s
 .bss.g_balance_dbg_wheel_vel
                0x2000057c        0x4 ./user/app/app.o
                0x2000057c                g_balance_dbg_wheel_vel
 .bss.g_balance_dbg_torque
                0x20000580        0x4 ./user/app/app.o
                0x20000580                g_balance_dbg_torque
 .bss.g_balance_dbg_ticks
                0x20000584        0x4 ./user/app/app.o
                0x20000584                g_balance_dbg_ticks
 .bss.g_balance_dbg_log
                0x20000588     0x1800 ./user/app/app.o
                0x20000588                g_balance_dbg_log
 .bss.g_balance_dbg_log_idx
                0x20001d88        0x2 ./user/app/app.o
                0x20001d88                g_balance_dbg_log_idx
 .bss.s_balance_dbg_log_divider
                0x20001d8a        0x1 ./user/app/app.o
 *fill*         0x20001d8b        0x1 
 .bss.s_debug_initial_pose_solve
                0x20001d8c        0x4 ./user/app/app.o
 .bss.s_debug_initial_pose_apply
                0x20001d90        0x4 ./user/app/app.o
 .bss.s_debug_balance_start
                0x20001d94        0x4 ./user/app/app.o
 .bss.s_debug_balance_leg_assist_start
                0x20001d98        0x4 ./user/app/app.o
 .bss.s_debug_balance_stop
                0x20001d9c        0x4 ./user/app/app.o
 .bss.s_debug_leg_hold_stop
                0x20001da0        0x4 ./user/app/app.o
 .bss.g_dm_rx_count
                0x20001da4        0x4 ./user/devices/dm_motor/dm_motor.o
                0x20001da4                g_dm_rx_count
 .bss.g_dm_rx_last_id
                0x20001da8        0x4 ./user/devices/dm_motor/dm_motor.o
                0x20001da8                g_dm_rx_last_id
 .bss.g_dm_rx_last_len
                0x20001dac        0x1 ./user/devices/dm_motor/dm_motor.o
                0x20001dac                g_dm_rx_last_len
 *fill*         0x20001dad        0x3 
 .bss.g_ft_servos
                0x20001db0       0x14 ./user/devices/feetech/feetech_servo.o
                0x20001db0                g_ft_servos
 .bss.g_imu     0x20001dc4       0x50 ./user/devices/imu/dm_imu.o
                0x20001dc4                g_imu
 .bss.__sf      0x20001e14      0x138 D:/ES/STM32CubeCLT_1.21.0/GNU-tools-for-STM32/bin/../lib/gcc/arm-none-eabi/14.3.1/../../../../arm-none-eabi/lib/thumb/v7e-m+fp/hard\libc_nano.a(libc_a-findfp.o)
                0x20001e14                __sf
 *(COMMON)
                0x20001f4c                        . = ALIGN (0x4)
                0x20001f4c                        _ebss = .
                0x20001f4c                        __bss_end__ = _ebss

._user_heap_stack
                0x20001f4c      0x604
                0x20001f50                        . = ALIGN (0x8)
 *fill*         0x20001f4c        0x4 
                [!provide]                        PROVIDE (end = .)
                0x20001f50                        PROVIDE (_end = .)
                0x20002150                        . = (. + _Min_Heap_Size)
 *fill*         0x20001f50      0x200 
                0x20002550                        . = (. + _Min_Stack_Size)
 *fill*         0x20002150      0x400 
                0x20002550                        . = ALIGN (0x8)

/DISCARD/
 libc.a(*)
 libm.a(*)
 libgcc.a(*)

.ARM.attributes
                0x00000000       0x30
 *(.ARM.attributes)
 .ARM.attributes
                0x00000000       0x22 D:/ES/STM32CubeCLT_1.21.0/GNU-tools-for-STM32/bin/../lib/gcc/arm-none-eabi/14.3.1/thumb/v7e-m+fp/hard/crti.o
 .ARM.attributes
                0x00000022       0x34 D:/ES/STM32CubeCLT_1.21.0/GNU-tools-for-STM32/bin/../lib/gcc/arm-none-eabi/14.3.1/thumb/v7e-m+fp/hard/crtbegin.o
 .ARM.attributes
                0x00000056       0x34 ./Core/Src/can.o
 .ARM.attributes
                0x0000008a       0x34 ./Core/Src/dma.o
 .ARM.attributes
                0x000000be       0x34 ./Core/Src/gpio.o
 .ARM.attributes
                0x000000f2       0x34 ./Core/Src/main.o
 .ARM.attributes
                0x00000126       0x34 ./Core/Src/stm32f4xx_hal_msp.o
 .ARM.attributes
                0x0000015a       0x34 ./Core/Src/stm32f4xx_it.o
 .ARM.attributes
                0x0000018e       0x34 ./Core/Src/system_stm32f4xx.o
 .ARM.attributes
                0x000001c2       0x34 ./Core/Src/tim.o
 .ARM.attributes
                0x000001f6       0x34 ./Core/Src/usart.o
 .ARM.attributes
                0x0000022a       0x21 ./Core/Startup/startup_stm32f407vetx.o
 .ARM.attributes
                0x0000024b       0x34 ./Drivers/STM32F4xx_HAL_Driver/Src/stm32f4xx_hal.o
 .ARM.attributes
                0x0000027f       0x34 ./Drivers/STM32F4xx_HAL_Driver/Src/stm32f4xx_hal_can.o
 .ARM.attributes
                0x000002b3       0x34 ./Drivers/STM32F4xx_HAL_Driver/Src/stm32f4xx_hal_cortex.o
 .ARM.attributes
                0x000002e7       0x34 ./Drivers/STM32F4xx_HAL_Driver/Src/stm32f4xx_hal_dma.o
 .ARM.attributes
                0x0000031b       0x34 ./Drivers/STM32F4xx_HAL_Driver/Src/stm32f4xx_hal_gpio.o
 .ARM.attributes
                0x0000034f       0x34 ./Drivers/STM32F4xx_HAL_Driver/Src/stm32f4xx_hal_rcc.o
 .ARM.attributes
                0x00000383       0x34 ./Drivers/STM32F4xx_HAL_Driver/Src/stm32f4xx_hal_tim.o
 .ARM.attributes
                0x000003b7       0x34 ./Drivers/STM32F4xx_HAL_Driver/Src/stm32f4xx_hal_tim_ex.o
 .ARM.attributes
                0x000003eb       0x34 ./Drivers/STM32F4xx_HAL_Driver/Src/stm32f4xx_hal_uart.o
 .ARM.attributes
                0x0000041f       0x34 ./user/algorithm/leg_kinematics/leg_kinematics.o
 .ARM.attributes
                0x00000453       0x34 ./user/app/app.o
 .ARM.attributes
                0x00000487       0x34 ./user/bsp/bsp_can/bsp_can.o
 .ARM.attributes
                0x000004bb       0x34 ./user/controller/balance_controller.o
 .ARM.attributes
                0x000004ef       0x34 ./user/controller/leg_balance_controller.o
 .ARM.attributes
                0x00000523       0x34 ./user/devices/dm_motor/dm_motor.o
 .ARM.attributes
                0x00000557       0x34 ./user/devices/feetech/feetech_servo.o
 .ARM.attributes
                0x0000058b       0x34 ./user/devices/imu/dm_imu.o
 .ARM.attributes
                0x000005bf       0x34 D:/ES/STM32CubeCLT_1.21.0/GNU-tools-for-STM32/bin/../lib/gcc/arm-none-eabi/14.3.1/../../../../arm-none-eabi/lib/thumb/v7e-m+fp/hard\libc_nano.a(libc_a-findfp.o)
 .ARM.attributes
                0x000005f3       0x34 D:/ES/STM32CubeCLT_1.21.0/GNU-tools-for-STM32/bin/../lib/gcc/arm-none-eabi/14.3.1/../../../../arm-none-eabi/lib/thumb/v7e-m+fp/hard\libc_nano.a(libc_a-memset.o)
 .ARM.attributes
                0x00000627       0x34 D:/ES/STM32CubeCLT_1.21.0/GNU-tools-for-STM32/bin/../lib/gcc/arm-none-eabi/14.3.1/../../../../arm-none-eabi/lib/thumb/v7e-m+fp/hard\libc_nano.a(libc_a-impure.o)
 .ARM.attributes
                0x0000065b       0x34 D:/ES/STM32CubeCLT_1.21.0/GNU-tools-for-STM32/bin/../lib/gcc/arm-none-eabi/14.3.1/../../../../arm-none-eabi/lib/thumb/v7e-m+fp/hard\libc_nano.a(libc_a-errno.o)
 .ARM.attributes
                0x0000068f       0x34 D:/ES/STM32CubeCLT_1.21.0/GNU-tools-for-STM32/bin/../lib/gcc/arm-none-eabi/14.3.1/../../../../arm-none-eabi/lib/thumb/v7e-m+fp/hard\libc_nano.a(libc_a-init.o)
 .ARM.attributes
                0x000006c3       0x34 D:/ES/STM32CubeCLT_1.21.0/GNU-tools-for-STM32/bin/../lib/gcc/arm-none-eabi/14.3.1/../../../../arm-none-eabi/lib/thumb/v7e-m+fp/hard\libm.a(libm_a-wf_atan2.o)
 .ARM.attributes
                0x000006f7       0x34 D:/ES/STM32CubeCLT_1.21.0/GNU-tools-for-STM32/bin/../lib/gcc/arm-none-eabi/14.3.1/../../../../arm-none-eabi/lib/thumb/v7e-m+fp/hard\libm.a(libm_a-wf_sqrt.o)
 .ARM.attributes
                0x0000072b       0x34 D:/ES/STM32CubeCLT_1.21.0/GNU-tools-for-STM32/bin/../lib/gcc/arm-none-eabi/14.3.1/../../../../arm-none-eabi/lib/thumb/v7e-m+fp/hard\libm.a(libm_a-sf_cos.o)
 .ARM.attributes
                0x0000075f       0x34 D:/ES/STM32CubeCLT_1.21.0/GNU-tools-for-STM32/bin/../lib/gcc/arm-none-eabi/14.3.1/../../../../arm-none-eabi/lib/thumb/v7e-m+fp/hard\libm.a(libm_a-sf_sin.o)
 .ARM.attributes
                0x00000793       0x34 D:/ES/STM32CubeCLT_1.21.0/GNU-tools-for-STM32/bin/../lib/gcc/arm-none-eabi/14.3.1/../../../../arm-none-eabi/lib/thumb/v7e-m+fp/hard\libm.a(libm_a-sf_fmax.o)
 .ARM.attributes
                0x000007c7       0x34 D:/ES/STM32CubeCLT_1.21.0/GNU-tools-for-STM32/bin/../lib/gcc/arm-none-eabi/14.3.1/../../../../arm-none-eabi/lib/thumb/v7e-m+fp/hard\libm.a(libm_a-sf_fpclassify.o)
 .ARM.attributes
                0x000007fb       0x34 D:/ES/STM32CubeCLT_1.21.0/GNU-tools-for-STM32/bin/../lib/gcc/arm-none-eabi/14.3.1/../../../../arm-none-eabi/lib/thumb/v7e-m+fp/hard\libm.a(libm_a-ef_sqrt.o)
 .ARM.attributes
                0x0000082f       0x34 D:/ES/STM32CubeCLT_1.21.0/GNU-tools-for-STM32/bin/../lib/gcc/arm-none-eabi/14.3.1/../../../../arm-none-eabi/lib/thumb/v7e-m+fp/hard\libm.a(libm_a-kf_cos.o)
 .ARM.attributes
                0x00000863       0x34 D:/ES/STM32CubeCLT_1.21.0/GNU-tools-for-STM32/bin/../lib/gcc/arm-none-eabi/14.3.1/../../../../arm-none-eabi/lib/thumb/v7e-m+fp/hard\libm.a(libm_a-kf_sin.o)
 .ARM.attributes
                0x00000897       0x34 D:/ES/STM32CubeCLT_1.21.0/GNU-tools-for-STM32/bin/../lib/gcc/arm-none-eabi/14.3.1/../../../../arm-none-eabi/lib/thumb/v7e-m+fp/hard\libm.a(libm_a-ef_atan2.o)
 .ARM.attributes
                0x000008cb       0x34 D:/ES/STM32CubeCLT_1.21.0/GNU-tools-for-STM32/bin/../lib/gcc/arm-none-eabi/14.3.1/../../../../arm-none-eabi/lib/thumb/v7e-m+fp/hard\libm.a(libm_a-ef_rem_pio2.o)
 .ARM.attributes
                0x000008ff       0x34 D:/ES/STM32CubeCLT_1.21.0/GNU-tools-for-STM32/bin/../lib/gcc/arm-none-eabi/14.3.1/../../../../arm-none-eabi/lib/thumb/v7e-m+fp/hard\libm.a(libm_a-sf_atan.o)
 .ARM.attributes
                0x00000933       0x34 D:/ES/STM32CubeCLT_1.21.0/GNU-tools-for-STM32/bin/../lib/gcc/arm-none-eabi/14.3.1/../../../../arm-none-eabi/lib/thumb/v7e-m+fp/hard\libm.a(libm_a-sf_fabs.o)
 .ARM.attributes
                0x00000967       0x34 D:/ES/STM32CubeCLT_1.21.0/GNU-tools-for-STM32/bin/../lib/gcc/arm-none-eabi/14.3.1/../../../../arm-none-eabi/lib/thumb/v7e-m+fp/hard\libm.a(libm_a-kf_rem_pio2.o)
 .ARM.attributes
                0x0000099b       0x34 D:/ES/STM32CubeCLT_1.21.0/GNU-tools-for-STM32/bin/../lib/gcc/arm-none-eabi/14.3.1/../../../../arm-none-eabi/lib/thumb/v7e-m+fp/hard\libm.a(libm_a-sf_scalbn.o)
 .ARM.attributes
                0x000009cf       0x34 D:/ES/STM32CubeCLT_1.21.0/GNU-tools-for-STM32/bin/../lib/gcc/arm-none-eabi/14.3.1/../../../../arm-none-eabi/lib/thumb/v7e-m+fp/hard\libm.a(libm_a-sf_floor.o)
 .ARM.attributes
                0x00000a03       0x22 D:/ES/STM32CubeCLT_1.21.0/GNU-tools-for-STM32/bin/../lib/gcc/arm-none-eabi/14.3.1/thumb/v7e-m+fp/hard\libgcc.a(_aeabi_uldivmod.o)
 .ARM.attributes
                0x00000a25       0x34 D:/ES/STM32CubeCLT_1.21.0/GNU-tools-for-STM32/bin/../lib/gcc/arm-none-eabi/14.3.1/thumb/v7e-m+fp/hard\libgcc.a(_udivmoddi4.o)
 .ARM.attributes
                0x00000a59       0x22 D:/ES/STM32CubeCLT_1.21.0/GNU-tools-for-STM32/bin/../lib/gcc/arm-none-eabi/14.3.1/thumb/v7e-m+fp/hard\libgcc.a(_dvmd_tls.o)
 .ARM.attributes
                0x00000a7b       0x22 D:/ES/STM32CubeCLT_1.21.0/GNU-tools-for-STM32/bin/../lib/gcc/arm-none-eabi/14.3.1/thumb/v7e-m+fp/hard/crtn.o
OUTPUT(wheel_leg.elf elf32-littlearm)
LOAD linker stubs
LOAD D:/ES/STM32CubeCLT_1.21.0/GNU-tools-for-STM32/bin/../lib/gcc/arm-none-eabi/14.3.1/../../../../arm-none-eabi/lib/thumb/v7e-m+fp/hard\libc.a
LOAD D:/ES/STM32CubeCLT_1.21.0/GNU-tools-for-STM32/bin/../lib/gcc/arm-none-eabi/14.3.1/../../../../arm-none-eabi/lib/thumb/v7e-m+fp/hard\libm.a
LOAD D:/ES/STM32CubeCLT_1.21.0/GNU-tools-for-STM32/bin/../lib/gcc/arm-none-eabi/14.3.1/thumb/v7e-m+fp/hard\libgcc.a

.debug_info     0x00000000    0x15b4b
 .debug_info    0x00000000      0xb40 ./Core/Src/can.o
 .debug_info    0x00000b40      0x4ad ./Core/Src/dma.o
 .debug_info    0x00000fed      0x284 ./Core/Src/gpio.o
 .debug_info    0x00001271      0xade ./Core/Src/main.o
 .debug_info    0x00001d4f      0x269 ./Core/Src/stm32f4xx_hal_msp.o
 .debug_info    0x00001fb8      0xde2 ./Core/Src/stm32f4xx_it.o
 .debug_info    0x00002d9a      0x512 ./Core/Src/system_stm32f4xx.o
 .debug_info    0x000032ac      0xb87 ./Core/Src/tim.o
 .debug_info    0x00003e33      0xc30 ./Core/Src/usart.o
 .debug_info    0x00004a63       0x30 ./Core/Startup/startup_stm32f407vetx.o
 .debug_info    0x00004a93      0x944 ./Drivers/STM32F4xx_HAL_Driver/Src/stm32f4xx_hal.o
 .debug_info    0x000053d7      0xf49 ./Drivers/STM32F4xx_HAL_Driver/Src/stm32f4xx_hal_can.o
 .debug_info    0x00006320      0xd8c ./Drivers/STM32F4xx_HAL_Driver/Src/stm32f4xx_hal_cortex.o
 .debug_info    0x000070ac      0x8e7 ./Drivers/STM32F4xx_HAL_Driver/Src/stm32f4xx_hal_dma.o
 .debug_info    0x00007993      0x6c3 ./Drivers/STM32F4xx_HAL_Driver/Src/stm32f4xx_hal_gpio.o
 .debug_info    0x00008056      0x8c3 ./Drivers/STM32F4xx_HAL_Driver/Src/stm32f4xx_hal_rcc.o
 .debug_info    0x00008919     0x299d ./Drivers/STM32F4xx_HAL_Driver/Src/stm32f4xx_hal_tim.o
 .debug_info    0x0000b2b6     0x14db ./Drivers/STM32F4xx_HAL_Driver/Src/stm32f4xx_hal_tim_ex.o
 .debug_info    0x0000c791     0x2f4f ./Drivers/STM32F4xx_HAL_Driver/Src/stm32f4xx_hal_uart.o
 .debug_info    0x0000f6e0     0x11e0 ./user/algorithm/leg_kinematics/leg_kinematics.o
 .debug_info    0x000108c0     0x25c5 ./user/app/app.o
 .debug_info    0x00012e85      0xac3 ./user/bsp/bsp_can/bsp_can.o
 .debug_info    0x00013948      0x415 ./user/controller/balance_controller.o
 .debug_info    0x00013d5d      0x21c ./user/controller/leg_balance_controller.o
 .debug_info    0x00013f79      0x9c2 ./user/devices/dm_motor/dm_motor.o
 .debug_info    0x0001493b      0xa46 ./user/devices/feetech/feetech_servo.o
 .debug_info    0x00015381      0x7ca ./user/devices/imu/dm_imu.o

.debug_abbrev   0x00000000     0x3716
 .debug_abbrev  0x00000000      0x225 ./Core/Src/can.o
 .debug_abbrev  0x00000225      0x10e ./Core/Src/dma.o
 .debug_abbrev  0x00000333       0xd8 ./Core/Src/gpio.o
 .debug_abbrev  0x0000040b      0x226 ./Core/Src/main.o
 .debug_abbrev  0x00000631       0xd8 ./Core/Src/stm32f4xx_hal_msp.o
 .debug_abbrev  0x00000709      0x1fa ./Core/Src/stm32f4xx_it.o
 .debug_abbrev  0x00000903      0x11a ./Core/Src/system_stm32f4xx.o
 .debug_abbrev  0x00000a1d      0x1f7 ./Core/Src/tim.o
 .debug_abbrev  0x00000c14      0x234 ./Core/Src/usart.o
 .debug_abbrev  0x00000e48       0x24 ./Core/Startup/startup_stm32f407vetx.o
 .debug_abbrev  0x00000e6c      0x214 ./Drivers/STM32F4xx_HAL_Driver/Src/stm32f4xx_hal.o
 .debug_abbrev  0x00001080      0x258 ./Drivers/STM32F4xx_HAL_Driver/Src/stm32f4xx_hal_can.o
 .debug_abbrev  0x000012d8      0x31d ./Drivers/STM32F4xx_HAL_Driver/Src/stm32f4xx_hal_cortex.o
 .debug_abbrev  0x000015f5      0x264 ./Drivers/STM32F4xx_HAL_Driver/Src/stm32f4xx_hal_dma.o
 .debug_abbrev  0x00001859      0x1d4 ./Drivers/STM32F4xx_HAL_Driver/Src/stm32f4xx_hal_gpio.o
 .debug_abbrev  0x00001a2d      0x2b7 ./Drivers/STM32F4xx_HAL_Driver/Src/stm32f4xx_hal_rcc.o
 .debug_abbrev  0x00001ce4      0x278 ./Drivers/STM32F4xx_HAL_Driver/Src/stm32f4xx_hal_tim.o
 .debug_abbrev  0x00001f5c      0x283 ./Drivers/STM32F4xx_HAL_Driver/Src/stm32f4xx_hal_tim_ex.o
 .debug_abbrev  0x000021df      0x30e ./Drivers/STM32F4xx_HAL_Driver/Src/stm32f4xx_hal_uart.o
 .debug_abbrev  0x000024ed      0x263 ./user/algorithm/leg_kinematics/leg_kinematics.o
 .debug_abbrev  0x00002750      0x414 ./user/app/app.o
 .debug_abbrev  0x00002b64      0x22d ./user/bsp/bsp_can/bsp_can.o
 .debug_abbrev  0x00002d91      0x145 ./user/controller/balance_controller.o
 .debug_abbrev  0x00002ed6      0x136 ./user/controller/leg_balance_controller.o
 .debug_abbrev  0x0000300c      0x27b ./user/devices/dm_motor/dm_motor.o
 .debug_abbrev  0x00003287      0x255 ./user/devices/feetech/feetech_servo.o
 .debug_abbrev  0x000034dc      0x23a ./user/devices/imu/dm_imu.o

.debug_aranges  0x00000000     0x12d8
 .debug_aranges
                0x00000000       0x38 ./Core/Src/can.o
 .debug_aranges
                0x00000038       0x20 ./Core/Src/dma.o
 .debug_aranges
                0x00000058       0x20 ./Core/Src/gpio.o
 .debug_aranges
                0x00000078       0x30 ./Core/Src/main.o
 .debug_aranges
                0x000000a8       0x20 ./Core/Src/stm32f4xx_hal_msp.o
 .debug_aranges
                0x000000c8       0x90 ./Core/Src/stm32f4xx_it.o
 .debug_aranges
                0x00000158       0x28 ./Core/Src/system_stm32f4xx.o
 .debug_aranges
                0x00000180       0x30 ./Core/Src/tim.o
 .debug_aranges
                0x000001b0       0x38 ./Core/Src/usart.o
 .debug_aranges
                0x000001e8       0x28 ./Core/Startup/startup_stm32f407vetx.o
 .debug_aranges
                0x00000210       0xf0 ./Drivers/STM32F4xx_HAL_Driver/Src/stm32f4xx_hal.o
 .debug_aranges
                0x00000300      0x138 ./Drivers/STM32F4xx_HAL_Driver/Src/stm32f4xx_hal_can.o
 .debug_aranges
                0x00000438      0x130 ./Drivers/STM32F4xx_HAL_Driver/Src/stm32f4xx_hal_cortex.o
 .debug_aranges
                0x00000568       0x90 ./Drivers/STM32F4xx_HAL_Driver/Src/stm32f4xx_hal_dma.o
 .debug_aranges
                0x000005f8       0x58 ./Drivers/STM32F4xx_HAL_Driver/Src/stm32f4xx_hal_gpio.o
 .debug_aranges
                0x00000650       0x88 ./Drivers/STM32F4xx_HAL_Driver/Src/stm32f4xx_hal_rcc.o
 .debug_aranges
                0x000006d8      0x3d0 ./Drivers/STM32F4xx_HAL_Driver/Src/stm32f4xx_hal_tim.o
 .debug_aranges
                0x00000aa8      0x168 ./Drivers/STM32F4xx_HAL_Driver/Src/stm32f4xx_hal_tim_ex.o
 .debug_aranges
                0x00000c10      0x208 ./Drivers/STM32F4xx_HAL_Driver/Src/stm32f4xx_hal_uart.o
 .debug_aranges
                0x00000e18      0x120 ./user/algorithm/leg_kinematics/leg_kinematics.o
 .debug_aranges
                0x00000f38      0x168 ./user/app/app.o
 .debug_aranges
                0x000010a0       0x48 ./user/bsp/bsp_can/bsp_can.o
 .debug_aranges
                0x000010e8       0x68 ./user/controller/balance_controller.o
 .debug_aranges
                0x00001150       0x48 ./user/controller/leg_balance_controller.o
 .debug_aranges
                0x00001198       0x70 ./user/devices/dm_motor/dm_motor.o
 .debug_aranges
                0x00001208       0x68 ./user/devices/feetech/feetech_servo.o
 .debug_aranges
                0x00001270       0x68 ./user/devices/imu/dm_imu.o

.debug_rnglists
                0x00000000      0xea6
 .debug_rnglists
                0x00000000       0x27 ./Core/Src/can.o
 .debug_rnglists
                0x00000027       0x13 ./Core/Src/dma.o
 .debug_rnglists
                0x0000003a       0x13 ./Core/Src/gpio.o
 .debug_rnglists
                0x0000004d       0x20 ./Core/Src/main.o
 .debug_rnglists
                0x0000006d       0x13 ./Core/Src/stm32f4xx_hal_msp.o
 .debug_rnglists
                0x00000080       0x67 ./Core/Src/stm32f4xx_it.o
 .debug_rnglists
                0x000000e7       0x1a ./Core/Src/system_stm32f4xx.o
 .debug_rnglists
                0x00000101       0x1f ./Core/Src/tim.o
 .debug_rnglists
                0x00000120       0x26 ./Core/Src/usart.o
 .debug_rnglists
                0x00000146       0x19 ./Core/Startup/startup_stm32f407vetx.o
 .debug_rnglists
                0x0000015f       0xaf ./Drivers/STM32F4xx_HAL_Driver/Src/stm32f4xx_hal.o
 .debug_rnglists
                0x0000020e       0xee ./Drivers/STM32F4xx_HAL_Driver/Src/stm32f4xx_hal_can.o
 .debug_rnglists
                0x000002fc       0xe0 ./Drivers/STM32F4xx_HAL_Driver/Src/stm32f4xx_hal_cortex.o
 .debug_rnglists
                0x000003dc       0x70 ./Drivers/STM32F4xx_HAL_Driver/Src/stm32f4xx_hal_dma.o
 .debug_rnglists
                0x0000044c       0x3f ./Drivers/STM32F4xx_HAL_Driver/Src/stm32f4xx_hal_gpio.o
 .debug_rnglists
                0x0000048b       0x66 ./Drivers/STM32F4xx_HAL_Driver/Src/stm32f4xx_hal_rcc.o
 .debug_rnglists
                0x000004f1      0x31a ./Drivers/STM32F4xx_HAL_Driver/Src/stm32f4xx_hal_tim.o
 .debug_rnglists
                0x0000080b      0x125 ./Drivers/STM32F4xx_HAL_Driver/Src/stm32f4xx_hal_tim_ex.o
 .debug_rnglists
                0x00000930      0x1bc ./Drivers/STM32F4xx_HAL_Driver/Src/stm32f4xx_hal_uart.o
 .debug_rnglists
                0x00000aec       0xf4 ./user/algorithm/leg_kinematics/leg_kinematics.o
 .debug_rnglists
                0x00000be0      0x128 ./user/app/app.o
 .debug_rnglists
                0x00000d08       0x32 ./user/bsp/bsp_can/bsp_can.o
 .debug_rnglists
                0x00000d3a       0x4c ./user/controller/balance_controller.o
 .debug_rnglists
                0x00000d86       0x32 ./user/controller/leg_balance_controller.o
 .debug_rnglists
                0x00000db8       0x54 ./user/devices/dm_motor/dm_motor.o
 .debug_rnglists
                0x00000e0c       0x4c ./user/devices/feetech/feetech_servo.o
 .debug_rnglists
                0x00000e58       0x4e ./user/devices/imu/dm_imu.o

.debug_macro    0x00000000    0x23531
 .debug_macro   0x00000000      0x1ec ./Core/Src/can.o
 .debug_macro   0x000001ec      0xad8 ./Core/Src/can.o
 .debug_macro   0x00000cc4      0x2a1 ./Core/Src/can.o
 .debug_macro   0x00000f65       0x2e ./Core/Src/can.o
 .debug_macro   0x00000f93       0x2f ./Core/Src/can.o
 .debug_macro   0x00000fc2       0x22 ./Core/Src/can.o
 .debug_macro   0x00000fe4       0x8e ./Core/Src/can.o
 .debug_macro   0x00001072       0x51 ./Core/Src/can.o
 .debug_macro   0x000010c3      0x103 ./Core/Src/can.o
 .debug_macro   0x000011c6       0x6a ./Core/Src/can.o
 .debug_macro   0x00001230      0x1df ./Core/Src/can.o
 .debug_macro   0x0000140f       0x1c ./Core/Src/can.o
 .debug_macro   0x0000142b       0x22 ./Core/Src/can.o
 .debug_macro   0x0000144d       0xfb ./Core/Src/can.o
 .debug_macro   0x00001548     0x1011 ./Core/Src/can.o
 .debug_macro   0x00002559      0x11f ./Core/Src/can.o
 .debug_macro   0x00002678    0x15ea5 ./Core/Src/can.o
 .debug_macro   0x0001851d       0x6d ./Core/Src/can.o
 .debug_macro   0x0001858a     0x3693 ./Core/Src/can.o
 .debug_macro   0x0001bc1d      0x190 ./Core/Src/can.o
 .debug_macro   0x0001bdad       0x5c ./Core/Src/can.o
 .debug_macro   0x0001be09      0x980 ./Core/Src/can.o
 .debug_macro   0x0001c789      0x9e9 ./Core/Src/can.o
 .debug_macro   0x0001d172      0x115 ./Core/Src/can.o
 .debug_macro   0x0001d287      0x13e ./Core/Src/can.o
 .debug_macro   0x0001d3c5       0xa5 ./Core/Src/can.o
 .debug_macro   0x0001d46a      0x174 ./Core/Src/can.o
 .debug_macro   0x0001d5de      0x287 ./Core/Src/can.o
 .debug_macro   0x0001d865       0x5f ./Core/Src/can.o
 .debug_macro   0x0001d8c4      0x236 ./Core/Src/can.o
 .debug_macro   0x0001dafa      0x40f ./Core/Src/can.o
 .debug_macro   0x0001df09      0x12c ./Core/Src/can.o
 .debug_macro   0x0001e035      0x21e ./Core/Src/can.o
 .debug_macro   0x0001e253       0x2e ./Core/Src/can.o
 .debug_macro   0x0001e281      0x127 ./Core/Src/can.o
 .debug_macro   0x0001e3a8       0x7e ./Core/Src/can.o
 .debug_macro   0x0001e426       0x89 ./Core/Src/can.o
 .debug_macro   0x0001e4af      0x8ed ./Core/Src/can.o
 .debug_macro   0x0001ed9c       0x4d ./Core/Src/can.o
 .debug_macro   0x0001ede9      0x2aa ./Core/Src/can.o
 .debug_macro   0x0001f093      0x12d ./Core/Src/can.o
 .debug_macro   0x0001f1c0      0x1ec ./Core/Src/dma.o
 .debug_macro   0x0001f3ac      0x1ec ./Core/Src/gpio.o
 .debug_macro   0x0001f598      0x221 ./Core/Src/main.o
 .debug_macro   0x0001f7b9      0xad8 ./Core/Src/main.o
 .debug_macro   0x00020291       0x22 ./Core/Src/main.o
 .debug_macro   0x000202b3       0x8e ./Core/Src/main.o
 .debug_macro   0x00020341      0x190 ./Core/Src/main.o
 .debug_macro   0x000204d1       0x1c ./Core/Src/main.o
 .debug_macro   0x000204ed      0x1e2 ./Core/Src/stm32f4xx_hal_msp.o
 .debug_macro   0x000206cf      0x1ec ./Core/Src/stm32f4xx_it.o
 .debug_macro   0x000208bb      0x1d8 ./Core/Src/system_stm32f4xx.o
 .debug_macro   0x00020a93      0x1ec ./Core/Src/tim.o
 .debug_macro   0x00020c7f      0x1ec ./Core/Src/usart.o
 .debug_macro   0x00020e6b      0x238 ./Drivers/STM32F4xx_HAL_Driver/Src/stm32f4xx_hal.o
 .debug_macro   0x000210a3      0x1e7 ./Drivers/STM32F4xx_HAL_Driver/Src/stm32f4xx_hal_can.o
 .debug_macro   0x0002128a      0x1d8 ./Drivers/STM32F4xx_HAL_Driver/Src/stm32f4xx_hal_cortex.o
 .debug_macro   0x00021462      0x1de ./Drivers/STM32F4xx_HAL_Driver/Src/stm32f4xx_hal_dma.o
 .debug_macro   0x00021640      0x1de ./Drivers/STM32F4xx_HAL_Driver/Src/stm32f4xx_hal_gpio.o
 .debug_macro   0x0002181e      0x1fc ./Drivers/STM32F4xx_HAL_Driver/Src/stm32f4xx_hal_rcc.o
 .debug_macro   0x00021a1a      0x1d9 ./Drivers/STM32F4xx_HAL_Driver/Src/stm32f4xx_hal_tim.o
 .debug_macro   0x00021bf3      0x1d8 ./Drivers/STM32F4xx_HAL_Driver/Src/stm32f4xx_hal_tim_ex.o
 .debug_macro   0x00021dcb      0x1d9 ./Drivers/STM32F4xx_HAL_Driver/Src/stm32f4xx_hal_uart.o
 .debug_macro   0x00021fa4      0x1b3 ./user/algorithm/leg_kinematics/leg_kinematics.o
 .debug_macro   0x00022157       0x61 ./user/algorithm/leg_kinematics/leg_kinematics.o
 .debug_macro   0x000221b8       0x2a ./user/algorithm/leg_kinematics/leg_kinematics.o
 .debug_macro   0x000221e2      0x364 ./user/algorithm/leg_kinematics/leg_kinematics.o
 .debug_macro   0x00022546       0x4a ./user/algorithm/leg_kinematics/leg_kinematics.o
 .debug_macro   0x00022590      0x17e ./user/algorithm/leg_kinematics/leg_kinematics.o
 .debug_macro   0x0002270e      0x3da ./user/app/app.o
 .debug_macro   0x00022ae8       0x16 ./user/app/app.o
 .debug_macro   0x00022afe       0x52 ./user/app/app.o
 .debug_macro   0x00022b50       0x94 ./user/app/app.o
 .debug_macro   0x00022be4       0x2e ./user/app/app.o
 .debug_macro   0x00022c12      0x1e2 ./user/bsp/bsp_can/bsp_can.o
 .debug_macro   0x00022df4       0x2d ./user/controller/balance_controller.o
 .debug_macro   0x00022e21       0x1b ./user/controller/leg_balance_controller.o
 .debug_macro   0x00022e3c      0x1f1 ./user/devices/dm_motor/dm_motor.o
 .debug_macro   0x0002302d       0x8e ./user/devices/dm_motor/dm_motor.o
 .debug_macro   0x000230bb      0x211 ./user/devices/feetech/feetech_servo.o
 .debug_macro   0x000232cc       0x28 ./user/devices/feetech/feetech_servo.o
 .debug_macro   0x000232f4      0x1f1 ./user/devices/imu/dm_imu.o
 .debug_macro   0x000234e5       0x4c ./user/devices/imu/dm_imu.o

.debug_line     0x00000000    0x15bcf
 .debug_line    0x00000000      0x875 ./Core/Src/can.o
 .debug_line    0x00000875      0x75b ./Core/Src/dma.o
 .debug_line    0x00000fd0      0x75b ./Core/Src/gpio.o
 .debug_line    0x0000172b      0x6b3 ./Core/Src/main.o
 .debug_line    0x00001dde      0x75d ./Core/Src/stm32f4xx_hal_msp.o
 .debug_line    0x0000253b      0x89c ./Core/Src/stm32f4xx_it.o
 .debug_line    0x00002dd7      0x7d3 ./Core/Src/system_stm32f4xx.o
 .debug_line    0x000035aa      0x7c0 ./Core/Src/tim.o
 .debug_line    0x00003d6a      0x892 ./Core/Src/usart.o
 .debug_line    0x000045fc       0x7a ./Core/Startup/startup_stm32f407vetx.o
 .debug_line    0x00004676      0xa4f ./Drivers/STM32F4xx_HAL_Driver/Src/stm32f4xx_hal.o
 .debug_line    0x000050c5     0x120e ./Drivers/STM32F4xx_HAL_Driver/Src/stm32f4xx_hal_can.o
 .debug_line    0x000062d3      0xd1f ./Drivers/STM32F4xx_HAL_Driver/Src/stm32f4xx_hal_cortex.o
 .debug_line    0x00006ff2      0xfbb ./Drivers/STM32F4xx_HAL_Driver/Src/stm32f4xx_hal_dma.o
 .debug_line    0x00007fad      0xba7 ./Drivers/STM32F4xx_HAL_Driver/Src/stm32f4xx_hal_gpio.o
 .debug_line    0x00008b54      0xe5c ./Drivers/STM32F4xx_HAL_Driver/Src/stm32f4xx_hal_rcc.o
 .debug_line    0x000099b0     0x37c4 ./Drivers/STM32F4xx_HAL_Driver/Src/stm32f4xx_hal_tim.o
 .debug_line    0x0000d174     0x19af ./Drivers/STM32F4xx_HAL_Driver/Src/stm32f4xx_hal_tim_ex.o
 .debug_line    0x0000eb23     0x2597 ./Drivers/STM32F4xx_HAL_Driver/Src/stm32f4xx_hal_uart.o
 .debug_line    0x000110ba      0xf9f ./user/algorithm/leg_kinematics/leg_kinematics.o
 .debug_line    0x00012059     0x146b ./user/app/app.o
 .debug_line    0x000134c4      0x82f ./user/bsp/bsp_can/bsp_can.o
 .debug_line    0x00013cf3      0x31f ./user/controller/balance_controller.o
 .debug_line    0x00014012      0x19e ./user/controller/leg_balance_controller.o
 .debug_line    0x000141b0      0x85d ./user/devices/dm_motor/dm_motor.o
 .debug_line    0x00014a0d      0x8e7 ./user/devices/feetech/feetech_servo.o
 .debug_line    0x000152f4      0x8db ./user/devices/imu/dm_imu.o

.debug_str      0x00000000    0xd05f8
 .debug_str     0x00000000    0xd05f8 ./Core/Src/can.o
                              0xc6a0a (size before relaxing)
 .debug_str     0x000d05f8    0xc664e ./Core/Src/dma.o
 .debug_str     0x000d05f8    0xc6131 ./Core/Src/gpio.o
 .debug_str     0x000d05f8    0xc68fd ./Core/Src/main.o
 .debug_str     0x000d05f8    0xc6131 ./Core/Src/stm32f4xx_hal_msp.o
 .debug_str     0x000d05f8    0xc6b6a ./Core/Src/stm32f4xx_it.o
 .debug_str     0x000d05f8    0xc61e1 ./Core/Src/system_stm32f4xx.o
 .debug_str     0x000d05f8    0xc6c8d ./Core/Src/tim.o
 .debug_str     0x000d05f8    0xc6c42 ./Core/Src/usart.o
 .debug_str     0x000d05f8       0x72 ./Core/Startup/startup_stm32f407vetx.o
 .debug_str     0x000d05f8    0xc6d65 ./Drivers/STM32F4xx_HAL_Driver/Src/stm32f4xx_hal.o
 .debug_str     0x000d05f8    0xc68db ./Drivers/STM32F4xx_HAL_Driver/Src/stm32f4xx_hal_can.o
 .debug_str     0x000d05f8    0xc6ae1 ./Drivers/STM32F4xx_HAL_Driver/Src/stm32f4xx_hal_cortex.o
 .debug_str     0x000d05f8    0xc65fb ./Drivers/STM32F4xx_HAL_Driver/Src/stm32f4xx_hal_dma.o
 .debug_str     0x000d05f8    0xc635c ./Drivers/STM32F4xx_HAL_Driver/Src/stm32f4xx_hal_gpio.o
 .debug_str     0x000d05f8    0xc6615 ./Drivers/STM32F4xx_HAL_Driver/Src/stm32f4xx_hal_rcc.o
 .debug_str     0x000d05f8    0xc756b ./Drivers/STM32F4xx_HAL_Driver/Src/stm32f4xx_hal_tim.o
 .debug_str     0x000d05f8    0xc6d77 ./Drivers/STM32F4xx_HAL_Driver/Src/stm32f4xx_hal_tim_ex.o
 .debug_str     0x000d05f8    0xc6bf6 ./Drivers/STM32F4xx_HAL_Driver/Src/stm32f4xx_hal_uart.o
 .debug_str     0x000d05f8     0x83f9 ./user/algorithm/leg_kinematics/leg_kinematics.o
 .debug_str     0x000d05f8    0xc869f ./user/app/app.o
 .debug_str     0x000d05f8    0xc6a4c ./user/bsp/bsp_can/bsp_can.o
 .debug_str     0x000d05f8     0x315e ./user/controller/balance_controller.o
 .debug_str     0x000d05f8     0x2fa8 ./user/controller/leg_balance_controller.o
 .debug_str     0x000d05f8    0xc669b ./user/devices/dm_motor/dm_motor.o
 .debug_str     0x000d05f8    0xc6727 ./user/devices/feetech/feetech_servo.o
 .debug_str     0x000d05f8    0xc656c ./user/devices/imu/dm_imu.o

.comment        0x00000000       0x86
 .comment       0x00000000       0x86 ./Core/Src/can.o
                                 0x44 (size before relaxing)
 .comment       0x00000086       0x44 ./Core/Src/dma.o
 .comment       0x00000086       0x44 ./Core/Src/gpio.o
 .comment       0x00000086       0x44 ./Core/Src/main.o
 .comment       0x00000086       0x44 ./Core/Src/stm32f4xx_hal_msp.o
 .comment       0x00000086       0x44 ./Core/Src/stm32f4xx_it.o
 .comment       0x00000086       0x44 ./Core/Src/system_stm32f4xx.o
 .comment       0x00000086       0x44 ./Core/Src/tim.o
 .comment       0x00000086       0x44 ./Core/Src/usart.o
 .comment       0x00000086       0x44 ./Drivers/STM32F4xx_HAL_Driver/Src/stm32f4xx_hal.o
 .comment       0x00000086       0x44 ./Drivers/STM32F4xx_HAL_Driver/Src/stm32f4xx_hal_can.o
 .comment       0x00000086       0x44 ./Drivers/STM32F4xx_HAL_Driver/Src/stm32f4xx_hal_cortex.o
 .comment       0x00000086       0x44 ./Drivers/STM32F4xx_HAL_Driver/Src/stm32f4xx_hal_dma.o
 .comment       0x00000086       0x44 ./Drivers/STM32F4xx_HAL_Driver/Src/stm32f4xx_hal_gpio.o
 .comment       0x00000086       0x44 ./Drivers/STM32F4xx_HAL_Driver/Src/stm32f4xx_hal_rcc.o
 .comment       0x00000086       0x44 ./Drivers/STM32F4xx_HAL_Driver/Src/stm32f4xx_hal_tim.o
 .comment       0x00000086       0x44 ./Drivers/STM32F4xx_HAL_Driver/Src/stm32f4xx_hal_tim_ex.o
 .comment       0x00000086       0x44 ./Drivers/STM32F4xx_HAL_Driver/Src/stm32f4xx_hal_uart.o
 .comment       0x00000086       0x44 ./user/algorithm/leg_kinematics/leg_kinematics.o
 .comment       0x00000086       0x44 ./user/app/app.o
 .comment       0x00000086       0x44 ./user/bsp/bsp_can/bsp_can.o
 .comment       0x00000086       0x44 ./user/controller/balance_controller.o
 .comment       0x00000086       0x44 ./user/controller/leg_balance_controller.o
 .comment       0x00000086       0x44 ./user/devices/dm_motor/dm_motor.o
 .comment       0x00000086       0x44 ./user/devices/feetech/feetech_servo.o
 .comment       0x00000086       0x44 ./user/devices/imu/dm_imu.o

.debug_frame    0x00000000     0x5108
 .debug_frame   0x00000000       0x90 ./Core/Src/can.o
 .debug_frame   0x00000090       0x34 ./Core/Src/dma.o
 .debug_frame   0x000000c4       0x38 ./Core/Src/gpio.o
 .debug_frame   0x000000fc       0x68 ./Core/Src/main.o
 .debug_frame   0x00000164       0x38 ./Core/Src/stm32f4xx_hal_msp.o
 .debug_frame   0x0000019c      0x1ac ./Core/Src/stm32f4xx_it.o
 .debug_frame   0x00000348       0x58 ./Core/Src/system_stm32f4xx.o
 .debug_frame   0x000003a0       0x7c ./Core/Src/tim.o
 .debug_frame   0x0000041c       0x90 ./Core/Src/usart.o
 .debug_frame   0x000004ac      0x374 ./Drivers/STM32F4xx_HAL_Driver/Src/stm32f4xx_hal.o
 .debug_frame   0x00000820      0x5a0 ./Drivers/STM32F4xx_HAL_Driver/Src/stm32f4xx_hal_can.o
 .debug_frame   0x00000dc0      0x508 ./Drivers/STM32F4xx_HAL_Driver/Src/stm32f4xx_hal_cortex.o
 .debug_frame   0x000012c8      0x250 ./Drivers/STM32F4xx_HAL_Driver/Src/stm32f4xx_hal_dma.o
 .debug_frame   0x00001518      0x14c ./Drivers/STM32F4xx_HAL_Driver/Src/stm32f4xx_hal_gpio.o