../user/app/app.c:173:13:app_keep_debug_symbols	4	static
../user/app/app.c:183:16:app_startup_ready	16	static
../user/app/app.c:202:16:app_body_still	16	static
../user/app/app.c:213:16:app_body_level_enough	8	static
../user/app/app.c:226:16:app_dm_mask_online	24	static
../user/app/app.c:243:13:app_run_startup_safe	16	static
../user/app/app.c:276:13:app_run_initial_pose_retries	16	static
../user/app/app.c:301:13:app_cmd_set_defaults	16	static
../user/app/app.c:325:17:app_ft_raw_from_servo	24	static
../user/app/app.c:336:14:app_wrap_deg	16	static
../user/app/app.c:347:14:app_absf	16	static
../user/app/app.c:352:14:app_clampf	24	static
../user/app/app.c:363:14:app_predict_pitch_deg	24	static
../user/app/app.c:375:13:app_set_dm_cmd	32	static
../user/app/app.c:385:13:app_obs_update_leg	64	static
../user/app/app.c:410:13:app_obs_update	16	static
../user/app/app.c:463:13:app_send_dm_mask	40	static
../user/app/app.c:482:13:app_run_dm_manual	8	static
../user/app/app.c:487:13:app_run_ft_manual	24	static
../user/app/app.c:511:13:app_run_imu_read	8	static
../user/app/app.c:521:13:app_run_imu_periodic	16	static
../user/app/app.c:533:6:app_init	16	static
../user/app/app.c:588:6:app_control_2khz	8	static
../user/app/app.c:608:13:app_run_joint_hold	16	static
../user/app/app.c:625:13:app_balance_send_wheels	24	static
../user/app/app.c:639:13:app_run_wheel_zero_stop	8	static
../user/app/app.c:658:13:app_run_balance	32	static
../user/app/app.c:739:13:app_run_leg_assist	24	static
../user/app/app.c:763:13:app_leg_assist_restore	8	static
../user/app/app.c:780:6:app_background	8	static
../user/app/app.c:806:13:app_tune_autostart_task	16	static
../user/app/app.c:871:9:app_imu_zero_current	8	static
../user/app/app.c:885:6:app_imu_zero_clear	8	static
../user/app/app.c:894:9:app_leg_pose_solve_to_cmd	96	static
../user/app/app.c:941:9:app_leg_pose_apply	24	static
../user/app/app.c:967:9:app_initial_pose_solve	8	static
../user/app/app.c:975:9:app_initial_pose_apply	8	static
../user/app/app.c:983:9:app_balance_start	24	static
../user/app/app.c:1025:9:app_balance_leg_assist_start	40	static
../user/app/app.c:1057:6:app_balance_stop	8	static
../user/app/app.c:1076:6:app_leg_hold_stop	8	static
../user/app/app.c:1089:6:HAL_TIM_PeriodElapsedCallback	16	static
