../user/app/app.c:115:13:app_keep_debug_symbols	4	static
../user/app/app.c:125:16:app_startup_ready	16	static
../user/app/app.c:144:16:app_body_still	16	static
../user/app/app.c:155:16:app_body_level_enough	8	static
../user/app/app.c:168:16:app_dm_mask_online	24	static
../user/app/app.c:185:13:app_run_startup_safe	16	static
../user/app/app.c:218:13:app_run_initial_pose_retries	16	static
../user/app/app.c:243:13:app_cmd_set_defaults	16	static
../user/app/app.c:267:17:app_ft_raw_from_servo	24	static
../user/app/app.c:278:14:app_wrap_deg	16	static
../user/app/app.c:289:14:app_absf	16	static
../user/app/app.c:294:14:app_clampf	24	static
../user/app/app.c:305:14:app_slew_float	32	static
../user/app/app.c:316:13:app_remote_motion_reset	4	static
../user/app/app.c:326:13:app_remote_motion_update	32	static
../user/app/app.c:383:14:app_predict_pitch_deg	24	static
../user/app/app.c:395:13:app_set_dm_cmd	32	static
../user/app/app.c:405:13:app_obs_update_leg	64	static
../user/app/app.c:430:13:app_obs_update	16	static
../user/app/app.c:483:13:app_send_dm_mask	40	static
../user/app/app.c:502:13:app_run_dm_manual	8	static
../user/app/app.c:507:13:app_run_ft_manual	24	static
../user/app/app.c:531:13:app_run_imu_read	8	static
../user/app/app.c:541:13:app_run_imu_periodic	16	static
../user/app/app.c:553:6:app_init	16	static
../user/app/app.c:610:6:app_control_2khz	8	static
../user/app/app.c:630:13:app_run_joint_hold	16	static
../user/app/app.c:647:13:app_balance_send_wheels_with_turn	32	static
../user/app/app.c:663:13:app_balance_send_wheels	16	static
../user/app/app.c:668:13:app_run_wheel_zero_stop	8	static
../user/app/app.c:687:13:app_run_balance	40	static
../user/app/app.c:776:13:app_run_leg_assist	24	static
../user/app/app.c:800:13:app_leg_assist_restore	8	static
../user/app/app.c:817:6:app_background	8	static
../user/app/app.c:844:13:app_tune_autostart_task	16	static
../user/app/app.c:909:9:app_imu_zero_current	8	static
../user/app/app.c:923:6:app_imu_zero_clear	8	static
../user/app/app.c:932:9:app_leg_pose_solve_to_cmd	96	static
../user/app/app.c:979:9:app_leg_pose_apply	24	static
../user/app/app.c:1005:9:app_initial_pose_solve	8	static
../user/app/app.c:1013:9:app_initial_pose_apply	8	static
../user/app/app.c:1021:9:app_balance_start	24	static
../user/app/app.c:1064:9:app_balance_leg_assist_start	40	static
../user/app/app.c:1096:6:app_balance_stop	8	static
../user/app/app.c:1116:6:app_leg_hold_stop	8	static
../user/app/app.c:1129:6:HAL_TIM_PeriodElapsedCallback	16	static
