../user/app/app.c:20:13:app_cmd_set_defaults	16	static
../user/app/app.c:44:17:app_ft_raw_from_servo	24	static
../user/app/app.c:55:13:app_obs_update_leg	64	static
../user/app/app.c:80:13:app_obs_update	16	static
../user/app/app.c:114:13:app_run_dm_manual	32	static
../user/app/app.c:135:13:app_run_ft_manual	24	static
../user/app/app.c:159:13:app_run_imu_read	8	static
../user/app/app.c:169:6:app_init	8	static
../user/app/app.c:196:6:app_control_2khz	8	static
../user/app/app.c:209:6:app_background	8	static
../user/app/app.c:230:6:HAL_TIM_PeriodElapsedCallback	16	static
