../user/app/app.c:127:13:app_keep_debug_symbols	4	static
../user/app/app.c:137:16:app_startup_ready	16	static
../user/app/app.c:156:16:app_body_still	16	static
../user/app/app.c:167:16:app_body_level_enough	8	static
../user/app/app.c:180:16:app_dm_mask_online	24	static
../user/app/app.c:197:13:app_run_startup_safe	16	static
../user/app/app.c:230:13:app_run_initial_pose_retries	16	static
../user/app/app.c:255:13:app_cmd_set_defaults	16	static
../user/app/app.c:279:17:app_ft_raw_from_servo	24	static
../user/app/app.c:290:14:app_wrap_deg	16	static
../user/app/app.c:301:14:app_absf	16	static
../user/app/app.c:306:14:app_clampf	24	static
../user/app/app.c:317:14:app_slew_float	32	static
../user/app/app.c:328:13:app_remote_motion_reset	4	static
../user/app/app.c:338:13:app_balance_outer_reset	4	static
../user/app/app.c:349:13:app_remote_motion_update	32	static
../user/app/app.c:396:14:app_balance_outer_update	48	static
../user/app/app.c:443:14:app_predict_pitch_deg	24	static
../user/app/app.c:455:13:app_set_dm_cmd	32	static
../user/app/app.c:465:13:app_obs_update_leg	64	static
../user/app/app.c:490:13:app_obs_update	16	static
../user/app/app.c:543:13:app_send_dm_mask	40	static
../user/app/app.c:562:13:app_run_dm_manual	8	static
../user/app/app.c:567:13:app_run_ft_manual	24	static
../user/app/app.c:591:13:app_run_imu_read	8	static
../user/app/app.c:601:13:app_run_imu_periodic	16	static
../user/app/app.c:613:6:app_init	16	static
../user/app/app.c:671:6:app_control_2khz	8	static
../user/app/app.c:691:13:app_run_joint_hold	16	static
../user/app/app.c:708:13:app_balance_send_wheels_with_turn	32	static
../user/app/app.c:724:13:app_balance_send_wheels	16	static
../user/app/app.c:729:13:app_run_wheel_zero_stop	8	static
../user/app/app.c:748:13:app_run_balance	48	static
../user/app/app.c:844:13:app_run_leg_assist	24	static
../user/app/app.c:868:13:app_leg_assist_restore	8	static
../user/app/app.c:885:6:app_background	8	static
../user/app/app.c:912:13:app_tune_autostart_task	16	static
../user/app/app.c:977:9:app_imu_zero_current	8	static
../user/app/app.c:991:6:app_imu_zero_clear	8	static
../user/app/app.c:1000:9:app_leg_pose_solve_to_cmd	96	static
../user/app/app.c:1047:9:app_leg_pose_apply	24	static
../user/app/app.c:1073:9:app_initial_pose_solve	8	static
../user/app/app.c:1081:9:app_initial_pose_apply	8	static
../user/app/app.c:1089:9:app_balance_start	24	static
../user/app/app.c:1128:9:app_balance_leg_assist_start	40	static
../user/app/app.c:1160:6:app_balance_stop	8	static
../user/app/app.c:1181:6:app_leg_hold_stop	8	static
../user/app/app.c:1194:6:HAL_TIM_PeriodElapsedCallback	16	static
