../user/app/app.c:146:13:app_keep_debug_symbols	4	static
../user/app/app.c:156:13:app_cmd_set_defaults	16	static
../user/app/app.c:180:17:app_ft_raw_from_servo	24	static
../user/app/app.c:191:14:app_wrap_deg	16	static
../user/app/app.c:202:14:app_absf	16	static
../user/app/app.c:207:14:app_clampf	24	static
../user/app/app.c:218:14:app_predict_pitch_deg	24	static
../user/app/app.c:230:13:app_set_dm_cmd	32	static
../user/app/app.c:240:13:app_obs_update_leg	64	static
../user/app/app.c:265:13:app_obs_update	16	static
../user/app/app.c:318:13:app_send_dm_mask	40	static
../user/app/app.c:337:13:app_run_dm_manual	8	static
../user/app/app.c:342:13:app_run_ft_manual	24	static
../user/app/app.c:366:13:app_run_imu_read	8	static
../user/app/app.c:376:13:app_run_imu_periodic	16	static
../user/app/app.c:388:6:app_init	8	static
../user/app/app.c:434:6:app_control_2khz	8	static
../user/app/app.c:454:13:app_run_joint_hold	16	static
../user/app/app.c:471:13:app_balance_send_wheels	24	static
../user/app/app.c:485:13:app_run_wheel_zero_stop	8	static
../user/app/app.c:504:13:app_run_balance	32	static
../user/app/app.c:579:13:app_run_leg_assist	24	static
../user/app/app.c:603:13:app_leg_assist_restore	8	static
../user/app/app.c:620:6:app_background	8	static
../user/app/app.c:643:13:app_tune_autostart_task	16	static
../user/app/app.c:702:9:app_imu_zero_current	8	static
../user/app/app.c:716:6:app_imu_zero_clear	8	static
../user/app/app.c:725:9:app_leg_pose_solve_to_cmd	96	static
../user/app/app.c:772:9:app_leg_pose_apply	24	static
../user/app/app.c:794:9:app_initial_pose_solve	8	static
../user/app/app.c:802:9:app_initial_pose_apply	8	static
../user/app/app.c:810:9:app_balance_start	24	static
../user/app/app.c:852:9:app_balance_leg_assist_start	40	static
../user/app/app.c:884:6:app_balance_stop	8	static
../user/app/app.c:903:6:app_leg_hold_stop	8	static
../user/app/app.c:916:6:HAL_TIM_PeriodElapsedCallback	16	static
