../user/app/app.c:26:13:app_cmd_set_defaults	16	static
../user/app/app.c:50:17:app_ft_raw_from_servo	24	static
../user/app/app.c:61:14:app_wrap_deg	16	static
../user/app/app.c:72:13:app_obs_update_leg	64	static
../user/app/app.c:97:13:app_obs_update	16	static
../user/app/app.c:150:13:app_run_dm_manual	32	static
../user/app/app.c:171:13:app_run_ft_manual	24	static
../user/app/app.c:195:13:app_run_imu_read	8	static
../user/app/app.c:205:13:app_run_imu_periodic	16	static
../user/app/app.c:217:6:app_init	8	static
../user/app/app.c:245:6:app_control_2khz	8	static
../user/app/app.c:258:6:app_background	8	static
../user/app/app.c:280:9:app_imu_zero_current	8	static
../user/app/app.c:294:6:app_imu_zero_clear	8	static
../user/app/app.c:303:6:HAL_TIM_PeriodElapsedCallback	16	static
