../user/devices/remote/remote_esp32.c:33:17:remote_crc16_modbus_update	24	static
../user/devices/remote/remote_esp32.c:47:17:remote_frame_crc	16	static
../user/devices/remote/remote_esp32.c:61:16:remote_read_i16_le	24	static
../user/devices/remote/remote_esp32.c:67:13:remote_accept_frame	8	static
../user/devices/remote/remote_esp32.c:82:13:remote_reset_parser	4	static
../user/devices/remote/remote_esp32.c:92:13:remote_start_dma_rx	8	static
../user/devices/remote/remote_esp32.c:105:6:remote_esp32_init	16	static
../user/devices/remote/remote_esp32.c:121:6:remote_esp32_background	8	static
../user/devices/remote/remote_esp32.c:130:6:remote_esp32_rx_byte	24	static
../user/devices/remote/remote_esp32.c:195:13:remote_esp32_rx_bytes	24	static
../user/devices/remote/remote_esp32.c:202:9:remote_esp32_is_online	16	static
../user/devices/remote/remote_esp32.c:211:6:HAL_UARTEx_RxEventCallback	16	static
../user/devices/remote/remote_esp32.c:222:6:HAL_UART_ErrorCallback	16	static
