../user/devices/remote/remote_esp32.c:32:17:remote_crc16_modbus_update	24	static
../user/devices/remote/remote_esp32.c:46:17:remote_frame_crc	16	static
../user/devices/remote/remote_esp32.c:60:16:remote_read_i16_le	24	static
../user/devices/remote/remote_esp32.c:66:13:remote_accept_frame	8	static
../user/devices/remote/remote_esp32.c:81:13:remote_reset_parser	4	static
../user/devices/remote/remote_esp32.c:91:6:remote_esp32_init	16	static
../user/devices/remote/remote_esp32.c:109:6:remote_esp32_background	8	static
../user/devices/remote/remote_esp32.c:118:6:remote_esp32_rx_byte	24	static
../user/devices/remote/remote_esp32.c:183:9:remote_esp32_is_online	16	static
../user/devices/remote/remote_esp32.c:192:6:HAL_UART_RxCpltCallback	16	static
