../user/devices/imu/dm_imu.c:9:14:uint_to_float	24	static
../user/devices/imu/dm_imu.c:16:13:imu_send_cmd	24	static
../user/devices/imu/dm_imu.c:33:13:imu_decode_accel	16	static
../user/devices/imu/dm_imu.c:40:13:imu_decode_gyro	16	static
../user/devices/imu/dm_imu.c:47:13:imu_decode_euler	16	static
../user/devices/imu/dm_imu.c:58:6:bsp_can1_rx_callback	32	static
../user/devices/imu/dm_imu.c:86:6:imu_init	16	static
../user/devices/imu/dm_imu.c:107:6:imu_request_data	8	static
../user/devices/imu/dm_imu.c:115:9:imu_is_online	16	static
