../user/algorithm/leg_kinematics/leg_kinematics.c:48:12:leg_side_is_valid	16	static
../user/algorithm/leg_kinematics/leg_kinematics.c:53:14:deg_to_rad	16	static
../user/algorithm/leg_kinematics/leg_kinematics.c:58:14:rad_to_deg	16	static
../user/algorithm/leg_kinematics/leg_kinematics.c:63:14:clampf_local	24	static
../user/algorithm/leg_kinematics/leg_kinematics.c:74:17:round_to_u16	24	static
../user/algorithm/leg_kinematics/leg_kinematics.c:80:20:point_make	40	static
../user/algorithm/leg_kinematics/leg_kinematics.c:86:13:leg_get_origins	24	static
../user/algorithm/leg_kinematics/leg_kinematics.c:92:14:point_distance	32	static
../user/algorithm/leg_kinematics/leg_kinematics.c:99:14:point_length_from_origin	16	static
../user/algorithm/leg_kinematics/leg_kinematics.c:104:14:cross2d	24	static
../user/algorithm/leg_kinematics/leg_kinematics.c:109:16:segment_intersects	88	static
../user/algorithm/leg_kinematics/leg_kinematics.c:139:16:leg_cross_count	64	static
../user/algorithm/leg_kinematics/leg_kinematics.c:163:16:angle_limit_count	24	static
../user/algorithm/leg_kinematics/leg_kinematics.c:180:14:angle_limit_penalty	24	static
../user/algorithm/leg_kinematics/leg_kinematics.c:200:12:candidate_is_better	16	static
../user/algorithm/leg_kinematics/leg_kinematics.c:215:16:circle_intersections	96	static
../user/algorithm/leg_kinematics/leg_kinematics.c:250:20:solve_d_from_b_c	56	static
../user/algorithm/leg_kinematics/leg_kinematics.c:264:14:theta1_from_a	32	static
../user/algorithm/leg_kinematics/leg_kinematics.c:272:14:theta2_from_b	32	static
../user/algorithm/leg_kinematics/leg_kinematics.c:280:32:leg_forward_best_candidate_from_angles	200	static
../user/algorithm/leg_kinematics/leg_kinematics.c:355:7:leg_kinematics_ft_raw_to_theta1_deg	16	static
../user/algorithm/leg_kinematics/leg_kinematics.c:368:10:leg_kinematics_theta1_deg_to_ft_raw	24	static
../user/algorithm/leg_kinematics/leg_kinematics.c:387:7:leg_kinematics_dm_rad_to_theta2_deg	24	static
../user/algorithm/leg_kinematics/leg_kinematics.c:400:7:leg_kinematics_theta2_deg_to_dm_rad	24	static
../user/algorithm/leg_kinematics/leg_kinematics.c:412:25:leg_kinematics_forward_from_angles	24	static
../user/algorithm/leg_kinematics/leg_kinematics.c:419:25:leg_kinematics_inverse_to_angles	208	static
../user/algorithm/leg_kinematics/leg_kinematics.c:492:25:leg_kinematics_forward_from_actuator	32	static
../user/algorithm/leg_kinematics/leg_kinematics.c:507:14:leg_clamp_dm_rad	16	static
../user/algorithm/leg_kinematics/leg_kinematics.c:512:16:leg_fixed_ft_eval_length	112	static
../user/algorithm/leg_kinematics/leg_kinematics.c:542:16:leg_fixed_ft_candidate_is_better	48	static
../user/algorithm/leg_kinematics/leg_kinematics.c:562:25:leg_kinematics_fixed_ft_forward	32	static
../user/algorithm/leg_kinematics/leg_kinematics.c:573:25:leg_kinematics_fixed_ft_inverse_length	200	static
../user/algorithm/leg_kinematics/leg_kinematics.c:709:25:leg_kinematics_inverse_to_actuator	32	static
