../user/algorithm/leg_kinematics/leg_kinematics.c:45:12:leg_side_is_valid	16	static
../user/algorithm/leg_kinematics/leg_kinematics.c:50:14:deg_to_rad	16	static
../user/algorithm/leg_kinematics/leg_kinematics.c:55:14:rad_to_deg	16	static
../user/algorithm/leg_kinematics/leg_kinematics.c:60:14:clampf_local	24	static
../user/algorithm/leg_kinematics/leg_kinematics.c:71:17:round_to_u16	24	static
../user/algorithm/leg_kinematics/leg_kinematics.c:77:20:point_make	40	static
../user/algorithm/leg_kinematics/leg_kinematics.c:83:13:leg_get_origins	24	static
../user/algorithm/leg_kinematics/leg_kinematics.c:89:14:point_distance	32	static
../user/algorithm/leg_kinematics/leg_kinematics.c:96:14:cross2d	24	static
../user/algorithm/leg_kinematics/leg_kinematics.c:101:16:segment_intersects	88	static
../user/algorithm/leg_kinematics/leg_kinematics.c:131:16:leg_cross_count	64	static
../user/algorithm/leg_kinematics/leg_kinematics.c:155:16:angle_limit_count	24	static
../user/algorithm/leg_kinematics/leg_kinematics.c:172:14:angle_limit_penalty	24	static
../user/algorithm/leg_kinematics/leg_kinematics.c:192:12:candidate_is_better	16	static
../user/algorithm/leg_kinematics/leg_kinematics.c:207:16:circle_intersections	96	static
../user/algorithm/leg_kinematics/leg_kinematics.c:242:20:solve_d_from_b_c	56	static
../user/algorithm/leg_kinematics/leg_kinematics.c:256:14:theta1_from_a	32	static
../user/algorithm/leg_kinematics/leg_kinematics.c:264:14:theta2_from_b	32	static
../user/algorithm/leg_kinematics/leg_kinematics.c:272:7:leg_kinematics_ft_raw_to_theta1_deg	16	static
../user/algorithm/leg_kinematics/leg_kinematics.c:285:10:leg_kinematics_theta1_deg_to_ft_raw	24	static
../user/algorithm/leg_kinematics/leg_kinematics.c:304:7:leg_kinematics_dm_rad_to_theta2_deg	24	static
../user/algorithm/leg_kinematics/leg_kinematics.c:317:7:leg_kinematics_theta2_deg_to_dm_rad	24	static
../user/algorithm/leg_kinematics/leg_kinematics.c:329:25:leg_kinematics_forward_from_angles	200	static
../user/algorithm/leg_kinematics/leg_kinematics.c:398:25:leg_kinematics_inverse_to_angles	208	static
../user/algorithm/leg_kinematics/leg_kinematics.c:471:25:leg_kinematics_forward_from_actuator	32	static
../user/algorithm/leg_kinematics/leg_kinematics.c:486:25:leg_kinematics_fixed_ft_forward	32	static
../user/algorithm/leg_kinematics/leg_kinematics.c:497:25:leg_kinematics_inverse_to_actuator	32	static
