../user/algorithm/leg_kinematics/leg_kinematics.c:43:12:leg_side_is_valid	16	static
../user/algorithm/leg_kinematics/leg_kinematics.c:48:14:deg_to_rad	16	static
../user/algorithm/leg_kinematics/leg_kinematics.c:53:14:rad_to_deg	16	static
../user/algorithm/leg_kinematics/leg_kinematics.c:58:14:clampf_local	24	static
../user/algorithm/leg_kinematics/leg_kinematics.c:69:17:round_to_u16	24	static
../user/algorithm/leg_kinematics/leg_kinematics.c:75:20:point_make	40	static
../user/algorithm/leg_kinematics/leg_kinematics.c:81:13:leg_get_origins	24	static
../user/algorithm/leg_kinematics/leg_kinematics.c:87:14:point_distance	32	static
../user/algorithm/leg_kinematics/leg_kinematics.c:94:14:cross2d	24	static
../user/algorithm/leg_kinematics/leg_kinematics.c:99:16:segment_intersects	88	static
../user/algorithm/leg_kinematics/leg_kinematics.c:129:16:leg_cross_count	64	static
../user/algorithm/leg_kinematics/leg_kinematics.c:153:16:angle_limit_count	24	static
../user/algorithm/leg_kinematics/leg_kinematics.c:170:14:angle_limit_penalty	24	static
../user/algorithm/leg_kinematics/leg_kinematics.c:190:12:candidate_is_better	16	static
../user/algorithm/leg_kinematics/leg_kinematics.c:205:16:circle_intersections	96	static
../user/algorithm/leg_kinematics/leg_kinematics.c:240:20:solve_d_from_b_c	56	static
../user/algorithm/leg_kinematics/leg_kinematics.c:254:14:theta1_from_a	32	static
../user/algorithm/leg_kinematics/leg_kinematics.c:262:14:theta2_from_b	32	static
../user/algorithm/leg_kinematics/leg_kinematics.c:270:7:leg_kinematics_ft_raw_to_theta1_deg	16	static
../user/algorithm/leg_kinematics/leg_kinematics.c:283:10:leg_kinematics_theta1_deg_to_ft_raw	24	static
../user/algorithm/leg_kinematics/leg_kinematics.c:302:7:leg_kinematics_dm_rad_to_theta2_deg	24	static
../user/algorithm/leg_kinematics/leg_kinematics.c:315:7:leg_kinematics_theta2_deg_to_dm_rad	24	static
../user/algorithm/leg_kinematics/leg_kinematics.c:327:25:leg_kinematics_forward_from_angles	200	static
../user/algorithm/leg_kinematics/leg_kinematics.c:396:25:leg_kinematics_inverse_to_angles	208	static
../user/algorithm/leg_kinematics/leg_kinematics.c:469:25:leg_kinematics_forward_from_actuator	32	static
../user/algorithm/leg_kinematics/leg_kinematics.c:484:25:leg_kinematics_fixed_ft_forward	32	static
../user/algorithm/leg_kinematics/leg_kinematics.c:495:25:leg_kinematics_inverse_to_actuator	32	static
